Archive member included because of file (symbol)

c:/altera/13.0sp1/nios2eds/bin/gnu/h-i686-mingw32/bin/../lib/gcc/nios2-elf/4.1.2/mno-hw-mul\libgcc.a(lib2-divmod.o)
                              obj/default/count_binary.o (__divsi3)
c:/altera/13.0sp1/nios2eds/bin/gnu/h-i686-mingw32/bin/../lib/gcc/nios2-elf/4.1.2/../../../../nios2-elf/lib/mno-hw-mul\libsmallc.a(lib_a-printf.o)
                              obj/default/count_binary.o (printf)
c:/altera/13.0sp1/nios2eds/bin/gnu/h-i686-mingw32/bin/../lib/gcc/nios2-elf/4.1.2/../../../../nios2-elf/lib/mno-hw-mul\libsmallc.a(lib_a-putchar.o)
                              obj/default/count_binary.o (putchar)
c:/altera/13.0sp1/nios2eds/bin/gnu/h-i686-mingw32/bin/../lib/gcc/nios2-elf/4.1.2/../../../../nios2-elf/lib/mno-hw-mul\libsmallc.a(lib_a-puts.o)
                              obj/default/count_binary.o (puts)
c:/altera/13.0sp1/nios2eds/bin/gnu/h-i686-mingw32/bin/../lib/gcc/nios2-elf/4.1.2/../../../../nios2-elf/lib/mno-hw-mul\libsmallc.a(lib_a-strlen.o)
                              c:/altera/13.0sp1/nios2eds/bin/gnu/h-i686-mingw32/bin/../lib/gcc/nios2-elf/4.1.2/../../../../nios2-elf/lib/mno-hw-mul\libsmallc.a(lib_a-puts.o) (strlen)
c:/altera/13.0sp1/nios2eds/bin/gnu/h-i686-mingw32/bin/../lib/gcc/nios2-elf/4.1.2/../../../../nios2-elf/lib/mno-hw-mul\libsmallc.a(lib_a-vfprintf.o)
                              c:/altera/13.0sp1/nios2eds/bin/gnu/h-i686-mingw32/bin/../lib/gcc/nios2-elf/4.1.2/../../../../nios2-elf/lib/mno-hw-mul\libsmallc.a(lib_a-printf.o) (___vfprintf_internal_r)
c:/altera/13.0sp1/nios2eds/bin/gnu/h-i686-mingw32/bin/../lib/gcc/nios2-elf/4.1.2/../../../../nios2-elf/lib/mno-hw-mul\libsmallc.a(lib_a-fvwrite_small_dev.o)
                              c:/altera/13.0sp1/nios2eds/bin/gnu/h-i686-mingw32/bin/../lib/gcc/nios2-elf/4.1.2/../../../../nios2-elf/lib/mno-hw-mul\libsmallc.a(lib_a-printf.o) (__sfvwrite_small_dev)
c:/altera/13.0sp1/nios2eds/bin/gnu/h-i686-mingw32/bin/../lib/gcc/nios2-elf/4.1.2/../../../../nios2-elf/lib/mno-hw-mul\libsmallc.a(lib_a-impure.o)
                              c:/altera/13.0sp1/nios2eds/bin/gnu/h-i686-mingw32/bin/../lib/gcc/nios2-elf/4.1.2/../../../../nios2-elf/lib/mno-hw-mul\libsmallc.a(lib_a-printf.o) (_impure_ptr)
c:/altera/13.0sp1/nios2eds/bin/gnu/h-i686-mingw32/bin/../lib/gcc/nios2-elf/4.1.2/../../../../nios2-elf/lib/mno-hw-mul\libsmallc.a(lib_a-putc.o)
                              c:/altera/13.0sp1/nios2eds/bin/gnu/h-i686-mingw32/bin/../lib/gcc/nios2-elf/4.1.2/../../../../nios2-elf/lib/mno-hw-mul\libsmallc.a(lib_a-putchar.o) (_putc_r)
c:/altera/13.0sp1/nios2eds/bin/gnu/h-i686-mingw32/bin/../lib/gcc/nios2-elf/4.1.2/../../../../nios2-elf/lib/mno-hw-mul\libsmallc.a(lib_a-writer.o)
                              c:/altera/13.0sp1/nios2eds/bin/gnu/h-i686-mingw32/bin/../lib/gcc/nios2-elf/4.1.2/../../../../nios2-elf/lib/mno-hw-mul\libsmallc.a(lib_a-fvwrite_small_dev.o) (_write_r)
c:/altera/13.0sp1/nios2eds/bin/gnu/h-i686-mingw32/bin/../lib/gcc/nios2-elf/4.1.2/../../../../nios2-elf/lib/mno-hw-mul\libsmallc.a(lib_a-int_errno.o)
                              c:/altera/13.0sp1/nios2eds/bin/gnu/h-i686-mingw32/bin/../lib/gcc/nios2-elf/4.1.2/../../../../nios2-elf/lib/mno-hw-mul\libsmallc.a(lib_a-writer.o) (errno)
c:/altera/13.0sp1/nios2eds/bin/gnu/h-i686-mingw32/bin/../lib/gcc/nios2-elf/4.1.2/mno-hw-mul\libgcc.a(lib2-mul.o)
                              c:/altera/13.0sp1/nios2eds/bin/gnu/h-i686-mingw32/bin/../lib/gcc/nios2-elf/4.1.2/../../../../nios2-elf/lib/mno-hw-mul\libsmallc.a(lib_a-vfprintf.o) (__mulsi3)
../binary_count_bsp/\libhal_bsp.a(alt_load.o)
                              ../binary_count_bsp//obj/HAL/src/crt0.o (alt_load)
../binary_count_bsp/\libhal_bsp.a(alt_main.o)
                              ../binary_count_bsp//obj/HAL/src/crt0.o (alt_main)
../binary_count_bsp/\libhal_bsp.a(alt_usleep.o)
                              obj/default/count_binary.o (usleep)
../binary_count_bsp/\libhal_bsp.a(alt_write.o)
                              c:/altera/13.0sp1/nios2eds/bin/gnu/h-i686-mingw32/bin/../lib/gcc/nios2-elf/4.1.2/../../../../nios2-elf/lib/mno-hw-mul\libsmallc.a(lib_a-writer.o) (write)
../binary_count_bsp/\libhal_bsp.a(alt_sys_init.o)
                              ../binary_count_bsp/\libhal_bsp.a(alt_main.o) (alt_irq_init)
../binary_count_bsp/\libhal_bsp.a(altera_avalon_jtag_uart_fd.o)
                              ../binary_count_bsp/\libhal_bsp.a(alt_sys_init.o) (altera_avalon_jtag_uart_read_fd)
../binary_count_bsp/\libhal_bsp.a(altera_avalon_jtag_uart_read.o)
                              ../binary_count_bsp/\libhal_bsp.a(altera_avalon_jtag_uart_fd.o) (altera_avalon_jtag_uart_read)
../binary_count_bsp/\libhal_bsp.a(altera_avalon_jtag_uart_write.o)
                              ../binary_count_bsp/\libhal_bsp.a(altera_avalon_jtag_uart_fd.o) (altera_avalon_jtag_uart_write)
../binary_count_bsp/\libhal_bsp.a(altera_avalon_timer_sc.o)
                              ../binary_count_bsp/\libhal_bsp.a(alt_sys_init.o) (alt_avalon_timer_sc_init)
../binary_count_bsp/\libhal_bsp.a(alt_busy_sleep.o)
                              ../binary_count_bsp/\libhal_bsp.a(alt_usleep.o) (alt_busy_sleep)
../binary_count_bsp/\libhal_bsp.a(alt_close.o)
                              ../binary_count_bsp/\libhal_bsp.a(alt_main.o) (close)
../binary_count_bsp/\libhal_bsp.a(alt_dcache_flush_all.o)
                              ../binary_count_bsp/\libhal_bsp.a(alt_load.o) (alt_dcache_flush_all)
../binary_count_bsp/\libhal_bsp.a(alt_dev.o)
                              ../binary_count_bsp/\libhal_bsp.a(alt_sys_init.o) (alt_dev_list)
../binary_count_bsp/\libhal_bsp.a(alt_dev_llist_insert.o)
                              ../binary_count_bsp/\libhal_bsp.a(alt_sys_init.o) (alt_dev_llist_insert)
../binary_count_bsp/\libhal_bsp.a(alt_errno.o)
                              ../binary_count_bsp/\libhal_bsp.a(alt_write.o) (alt_errno)
../binary_count_bsp/\libhal_bsp.a(alt_icache_flush_all.o)
                              ../binary_count_bsp/\libhal_bsp.a(alt_load.o) (alt_icache_flush_all)
../binary_count_bsp/\libhal_bsp.a(alt_iic.o)
                              ../binary_count_bsp/\libhal_bsp.a(altera_avalon_timer_sc.o) (alt_ic_isr_register)
../binary_count_bsp/\libhal_bsp.a(alt_iic_isr_register.o)
                              ../binary_count_bsp/\libhal_bsp.a(alt_iic.o) (alt_iic_isr_register)
../binary_count_bsp/\libhal_bsp.a(alt_io_redirect.o)
                              ../binary_count_bsp/\libhal_bsp.a(alt_main.o) (alt_io_redirect)
../binary_count_bsp/\libhal_bsp.a(alt_irq_entry.o)
                              ../binary_count_bsp/\libhal_bsp.a(alt_iic_isr_register.o) (alt_irq_entry)
../binary_count_bsp/\libhal_bsp.a(alt_irq_handler.o)
                              ../binary_count_bsp/\libhal_bsp.a(alt_iic_isr_register.o) (alt_irq_handler)
../binary_count_bsp/\libhal_bsp.a(alt_irq_vars.o)
                              ../binary_count_bsp/\libhal_bsp.a(alt_iic.o) (alt_irq_active)
../binary_count_bsp/\libhal_bsp.a(alt_open.o)
                              ../binary_count_bsp/\libhal_bsp.a(alt_io_redirect.o) (open)
../binary_count_bsp/\libhal_bsp.a(alt_release_fd.o)
                              ../binary_count_bsp/\libhal_bsp.a(alt_close.o) (alt_release_fd)
../binary_count_bsp/\libhal_bsp.a(alt_tick.o)
                              ../binary_count_bsp/\libhal_bsp.a(altera_avalon_timer_sc.o) (_alt_tick_rate)
../binary_count_bsp/\libhal_bsp.a(altera_nios2_qsys_irq.o)
                              ../binary_count_bsp/\libhal_bsp.a(alt_sys_init.o) (altera_nios2_qsys_irq_init)
../binary_count_bsp/\libhal_bsp.a(alt_exception_entry.o)
                              ../binary_count_bsp/\libhal_bsp.a(alt_irq_entry.o) (alt_exception)
../binary_count_bsp/\libhal_bsp.a(alt_find_dev.o)
                              ../binary_count_bsp/\libhal_bsp.a(alt_open.o) (alt_find_dev)
../binary_count_bsp/\libhal_bsp.a(alt_find_file.o)
                              ../binary_count_bsp/\libhal_bsp.a(alt_open.o) (alt_find_file)
../binary_count_bsp/\libhal_bsp.a(alt_get_fd.o)
                              ../binary_count_bsp/\libhal_bsp.a(alt_open.o) (alt_get_fd)
../binary_count_bsp/\libhal_bsp.a(alt_icache_flush.o)
                              ../binary_count_bsp/\libhal_bsp.a(alt_icache_flush_all.o) (alt_icache_flush)
c:/altera/13.0sp1/nios2eds/bin/gnu/h-i686-mingw32/bin/../lib/gcc/nios2-elf/4.1.2/../../../../nios2-elf/lib/mno-hw-mul\libsmallc.a(lib_a-exit.o)
                              ../binary_count_bsp/\libhal_bsp.a(alt_main.o) (exit)
c:/altera/13.0sp1/nios2eds/bin/gnu/h-i686-mingw32/bin/../lib/gcc/nios2-elf/4.1.2/../../../../nios2-elf/lib/mno-hw-mul\libsmallc.a(lib_a-memcmp.o)
                              ../binary_count_bsp/\libhal_bsp.a(alt_find_dev.o) (memcmp)
c:/altera/13.0sp1/nios2eds/bin/gnu/h-i686-mingw32/bin/../lib/gcc/nios2-elf/4.1.2/../../../../nios2-elf/lib/mno-hw-mul\libsmallc.a(lib_a-__call_atexit.o)
                              c:/altera/13.0sp1/nios2eds/bin/gnu/h-i686-mingw32/bin/../lib/gcc/nios2-elf/4.1.2/../../../../nios2-elf/lib/mno-hw-mul\libsmallc.a(lib_a-exit.o) (__call_exitprocs)
../binary_count_bsp/\libhal_bsp.a(alt_exit.o)
                              c:/altera/13.0sp1/nios2eds/bin/gnu/h-i686-mingw32/bin/../lib/gcc/nios2-elf/4.1.2/../../../../nios2-elf/lib/mno-hw-mul\libsmallc.a(lib_a-exit.o) (_exit)

Allocating common symbols
Common symbol       size              file

alt_irq             0x100             ../binary_count_bsp/\libhal_bsp.a(alt_irq_handler.o)
edge_capture        0x4               obj/default/count_binary.o
errno               0x4               c:/altera/13.0sp1/nios2eds/bin/gnu/h-i686-mingw32/bin/../lib/gcc/nios2-elf/4.1.2/../../../../nios2-elf/lib/mno-hw-mul\libsmallc.a(lib_a-int_errno.o)

Memory Configuration

Name             Origin             Length             Attributes
reset            0x00008000         0x00000020
onchip_mem       0x00008020         0x00004fe0
*default*        0x00000000         0xffffffff

Linker script and memory map

LOAD ../binary_count_bsp//obj/HAL/src/crt0.o
LOAD obj/default/count_binary.o
LOAD c:/altera/13.0sp1/nios2eds/bin/gnu/h-i686-mingw32/bin/../lib/gcc/nios2-elf/4.1.2/../../../../nios2-elf/lib/mno-hw-mul\libstdc++.a
LOAD c:/altera/13.0sp1/nios2eds/bin/gnu/h-i686-mingw32/bin/../lib/gcc/nios2-elf/4.1.2/../../../../nios2-elf/lib/mno-hw-mul\libm.a
LOAD c:/altera/13.0sp1/nios2eds/bin/gnu/h-i686-mingw32/bin/../lib/gcc/nios2-elf/4.1.2/mno-hw-mul\libgcc.a
START GROUP
LOAD c:/altera/13.0sp1/nios2eds/bin/gnu/h-i686-mingw32/bin/../lib/gcc/nios2-elf/4.1.2/../../../../nios2-elf/lib/mno-hw-mul\libsmallc.a
LOAD c:/altera/13.0sp1/nios2eds/bin/gnu/h-i686-mingw32/bin/../lib/gcc/nios2-elf/4.1.2/mno-hw-mul\libgcc.a
LOAD ../binary_count_bsp/\libhal_bsp.a
END GROUP
LOAD c:/altera/13.0sp1/nios2eds/bin/gnu/h-i686-mingw32/bin/../lib/gcc/nios2-elf/4.1.2/mno-hw-mul\libgcc.a
                0x00008000                __alt_mem_onchip_mem = 0x8000

.entry          0x00008000       0x20
 *(.entry)
 .entry         0x00008000       0x20 ../binary_count_bsp//obj/HAL/src/crt0.o
                0x00008000                __reset

.exceptions     0x00008020      0x194
                0x00008020                PROVIDE (__ram_exceptions_start, ABSOLUTE (.))
                0x00008020                . = ALIGN (0x20)
 *(.irq)
 *(.exceptions.entry.label)
 .exceptions.entry.label
                0x00008020        0x0 ../binary_count_bsp/\libhal_bsp.a(alt_irq_entry.o)
                0x00008020                alt_irq_entry
 .exceptions.entry.label
                0x00008020        0x0 ../binary_count_bsp/\libhal_bsp.a(alt_exception_entry.o)
                0x00008020                alt_exception
 *(.exceptions.entry.user)
 *(.exceptions.entry)
 .exceptions.entry
                0x00008020       0x54 ../binary_count_bsp/\libhal_bsp.a(alt_exception_entry.o)
 *(.exceptions.irqtest.user)
 *(.exceptions.irqtest)
 .exceptions.irqtest
                0x00008074       0x10 ../binary_count_bsp/\libhal_bsp.a(alt_irq_entry.o)
 *(.exceptions.irqhandler.user)
 *(.exceptions.irqhandler)
 .exceptions.irqhandler
                0x00008084        0x4 ../binary_count_bsp/\libhal_bsp.a(alt_irq_entry.o)
 *(.exceptions.irqreturn.user)
 *(.exceptions.irqreturn)
 .exceptions.irqreturn
                0x00008088        0x4 ../binary_count_bsp/\libhal_bsp.a(alt_irq_entry.o)
 *(.exceptions.notirq.label)
 .exceptions.notirq.label
                0x0000808c        0x0 ../binary_count_bsp/\libhal_bsp.a(alt_irq_entry.o)
 *(.exceptions.notirq.user)
 *(.exceptions.notirq)
 .exceptions.notirq
                0x0000808c        0x8 ../binary_count_bsp/\libhal_bsp.a(alt_exception_entry.o)
 *(.exceptions.soft.user)
 *(.exceptions.soft)
 *(.exceptions.unknown.user)
 *(.exceptions.unknown)
 .exceptions.unknown
                0x00008094        0x4 ../binary_count_bsp/\libhal_bsp.a(alt_exception_entry.o)
 *(.exceptions.exit.label)
 .exceptions.exit.label
                0x00008098        0x0 ../binary_count_bsp/\libhal_bsp.a(alt_irq_entry.o)
 .exceptions.exit.label
                0x00008098        0x0 ../binary_count_bsp/\libhal_bsp.a(alt_exception_entry.o)
 *(.exceptions.exit.user)
 *(.exceptions.exit)
 .exceptions.exit
                0x00008098       0x54 ../binary_count_bsp/\libhal_bsp.a(alt_exception_entry.o)
 *(.exceptions)
 .exceptions    0x000080ec       0xc8 ../binary_count_bsp/\libhal_bsp.a(alt_irq_handler.o)
                0x000080ec                alt_irq_handler
                0x000081b4                PROVIDE (__ram_exceptions_end, ABSOLUTE (.))
                0x00008020                PROVIDE (__flash_exceptions_start, LOADADDR (.exceptions))

.text           0x000081b4     0x2a54
                0x000081b4                PROVIDE (stext, ABSOLUTE (.))
 *(.interp)
 *(.hash)
 *(.dynsym)
 *(.dynstr)
 *(.gnu.version)
 *(.gnu.version_d)
 *(.gnu.version_r)
 *(.rel.init)
 *(.rela.init)
 *(.rel.text .rel.text.* .rel.gnu.linkonce.t.*)
 *(.rela.text .rela.text.* .rela.gnu.linkonce.t.*)
 *(.rel.fini)
 *(.rela.fini)
 *(.rel.rodata .rel.rodata.* .rel.gnu.linkonce.r.*)
 *(.rela.rodata .rela.rodata.* .rela.gnu.linkonce.r.*)
 *(.rel.data .rel.data.* .rel.gnu.linkonce.d.*)
 *(.rela.data .rela.data.* .rela.gnu.linkonce.d.*)
 *(.rel.tdata .rel.tdata.* .rel.gnu.linkonce.td.*)
 *(.rela.tdata .rela.tdata.* .rela.gnu.linkonce.td.*)
 *(.rel.tbss .rel.tbss.* .rel.gnu.linkonce.tb.*)
 *(.rela.tbss .rela.tbss.* .rela.gnu.linkonce.tb.*)
 *(.rel.ctors)
 *(.rela.ctors)
 *(.rel.dtors)
 *(.rela.dtors)
 *(.rel.got)
 *(.rela.got)
 *(.rel.sdata .rel.sdata.* .rel.gnu.linkonce.s.*)
 *(.rela.sdata .rela.sdata.* .rela.gnu.linkonce.s.*)
 *(.rel.sbss .rel.sbss.* .rel.gnu.linkonce.sb.*)
 *(.rela.sbss .rela.sbss.* .rela.gnu.linkonce.sb.*)
 *(.rel.sdata2 .rel.sdata2.* .rel.gnu.linkonce.s2.*)
 *(.rela.sdata2 .rela.sdata2.* .rela.gnu.linkonce.s2.*)
 *(.rel.sbss2 .rel.sbss2.* .rel.gnu.linkonce.sb2.*)
 *(.rela.sbss2 .rela.sbss2.* .rela.gnu.linkonce.sb2.*)
 *(.rel.bss .rel.bss.* .rel.gnu.linkonce.b.*)
 *(.rela.bss .rela.bss.* .rela.gnu.linkonce.b.*)
 *(.rel.plt)
 *(.rela.plt)
 *(.rel.dyn)
 *(.init)
 *(.plt)
 *(.text .stub .text.* .gnu.linkonce.t.*)
 .text          0x000081b4       0x3c ../binary_count_bsp//obj/HAL/src/crt0.o
                0x000081b4                _start
 .text          0x000081f0      0x39c obj/default/count_binary.o
                0x00008484                main
 .text          0x0000858c      0x14c c:/altera/13.0sp1/nios2eds/bin/gnu/h-i686-mingw32/bin/../lib/gcc/nios2-elf/4.1.2/mno-hw-mul\libgcc.a(lib2-divmod.o)
                0x00008608                __divsi3
                0x00008668                __modsi3
                0x000086c8                __udivsi3
                0x000086d0                __umodsi3
 .text          0x000086d8       0x98 c:/altera/13.0sp1/nios2eds/bin/gnu/h-i686-mingw32/bin/../lib/gcc/nios2-elf/4.1.2/../../../../nios2-elf/lib/mno-hw-mul\libsmallc.a(lib_a-printf.o)
                0x000086d8                printf
                0x0000872c                _printf_r
 .text          0x00008770       0x24 c:/altera/13.0sp1/nios2eds/bin/gnu/h-i686-mingw32/bin/../lib/gcc/nios2-elf/4.1.2/../../../../nios2-elf/lib/mno-hw-mul\libsmallc.a(lib_a-putchar.o)
                0x00008770                putchar
                0x0000878c                _putchar_r
 .text          0x00008794       0xa4 c:/altera/13.0sp1/nios2eds/bin/gnu/h-i686-mingw32/bin/../lib/gcc/nios2-elf/4.1.2/../../../../nios2-elf/lib/mno-hw-mul\libsmallc.a(lib_a-puts.o)
                0x00008794                _puts_r
                0x00008824                puts
 .text          0x00008838       0x20 c:/altera/13.0sp1/nios2eds/bin/gnu/h-i686-mingw32/bin/../lib/gcc/nios2-elf/4.1.2/../../../../nios2-elf/lib/mno-hw-mul\libsmallc.a(lib_a-strlen.o)
                0x00008838                strlen
 .text          0x00008858      0x740 c:/altera/13.0sp1/nios2eds/bin/gnu/h-i686-mingw32/bin/../lib/gcc/nios2-elf/4.1.2/../../../../nios2-elf/lib/mno-hw-mul\libsmallc.a(lib_a-vfprintf.o)
                0x000088d8                ___vfprintf_internal_r
                0x00008f74                __vfprintf_internal
 .text          0x00008f98       0xbc c:/altera/13.0sp1/nios2eds/bin/gnu/h-i686-mingw32/bin/../lib/gcc/nios2-elf/4.1.2/../../../../nios2-elf/lib/mno-hw-mul\libsmallc.a(lib_a-fvwrite_small_dev.o)
                0x00008f98                __sfvwrite_small_dev
 .text          0x00009054        0x0 c:/altera/13.0sp1/nios2eds/bin/gnu/h-i686-mingw32/bin/../lib/gcc/nios2-elf/4.1.2/../../../../nios2-elf/lib/mno-hw-mul\libsmallc.a(lib_a-impure.o)
 .text          0x00009054       0xe4 c:/altera/13.0sp1/nios2eds/bin/gnu/h-i686-mingw32/bin/../lib/gcc/nios2-elf/4.1.2/../../../../nios2-elf/lib/mno-hw-mul\libsmallc.a(lib_a-putc.o)
                0x00009054                putc
                0x000090c4                _putc_r
 .text          0x00009138       0x78 c:/altera/13.0sp1/nios2eds/bin/gnu/h-i686-mingw32/bin/../lib/gcc/nios2-elf/4.1.2/../../../../nios2-elf/lib/mno-hw-mul\libsmallc.a(lib_a-writer.o)
                0x00009138                _write_r
 .text          0x000091b0        0x0 c:/altera/13.0sp1/nios2eds/bin/gnu/h-i686-mingw32/bin/../lib/gcc/nios2-elf/4.1.2/../../../../nios2-elf/lib/mno-hw-mul\libsmallc.a(lib_a-int_errno.o)
 .text          0x000091b0       0x38 c:/altera/13.0sp1/nios2eds/bin/gnu/h-i686-mingw32/bin/../lib/gcc/nios2-elf/4.1.2/mno-hw-mul\libgcc.a(lib2-mul.o)
                0x000091b0                __mulsi3
 .text          0x000091e8       0xec ../binary_count_bsp/\libhal_bsp.a(alt_load.o)
                0x000091e8                alt_load
 .text          0x000092d4       0x5c ../binary_count_bsp/\libhal_bsp.a(alt_main.o)
                0x000092d4                alt_main
 .text          0x00009330       0x30 ../binary_count_bsp/\libhal_bsp.a(alt_usleep.o)
                0x00009330                usleep
 .text          0x00009360      0x184 ../binary_count_bsp/\libhal_bsp.a(alt_write.o)
                0x00009360                write
 .text          0x000094e4       0xb4 ../binary_count_bsp/\libhal_bsp.a(alt_sys_init.o)
                0x000094e4                alt_irq_init
                0x00009518                alt_sys_init
 .text          0x00009598       0xb0 ../binary_count_bsp/\libhal_bsp.a(altera_avalon_jtag_uart_fd.o)
                0x00009598                altera_avalon_jtag_uart_read_fd
                0x000095f0                altera_avalon_jtag_uart_write_fd
 .text          0x00009648      0x104 ../binary_count_bsp/\libhal_bsp.a(altera_avalon_jtag_uart_read.o)
                0x00009648                altera_avalon_jtag_uart_read
 .text          0x0000974c       0xa4 ../binary_count_bsp/\libhal_bsp.a(altera_avalon_jtag_uart_write.o)
                0x0000974c                altera_avalon_jtag_uart_write
 .text          0x000097f0      0x100 ../binary_count_bsp/\libhal_bsp.a(altera_avalon_timer_sc.o)
                0x00009860                alt_avalon_timer_sc_init
 .text          0x000098f0      0x15c ../binary_count_bsp/\libhal_bsp.a(alt_busy_sleep.o)
                0x000098f0                alt_busy_sleep
 .text          0x00009a4c      0x160 ../binary_count_bsp/\libhal_bsp.a(alt_close.o)
                0x00009a4c                close
 .text          0x00009bac       0x1c ../binary_count_bsp/\libhal_bsp.a(alt_dcache_flush_all.o)
                0x00009bac                alt_dcache_flush_all
 .text          0x00009bc8       0x2c ../binary_count_bsp/\libhal_bsp.a(alt_dev.o)
 .text          0x00009bf4      0x114 ../binary_count_bsp/\libhal_bsp.a(alt_dev_llist_insert.o)
                0x00009bf4                alt_dev_llist_insert
 .text          0x00009d08        0x0 ../binary_count_bsp/\libhal_bsp.a(alt_errno.o)
 .text          0x00009d08       0x30 ../binary_count_bsp/\libhal_bsp.a(alt_icache_flush_all.o)
                0x00009d08                alt_icache_flush_all
 .text          0x00009d38      0x1d4 ../binary_count_bsp/\libhal_bsp.a(alt_iic.o)
                0x00009d38                alt_ic_isr_register
                0x00009d88                alt_ic_irq_enable
                0x00009e24                alt_ic_irq_disable
                0x00009ec4                alt_ic_irq_enabled
 .text          0x00009f0c       0xf8 ../binary_count_bsp/\libhal_bsp.a(alt_iic_isr_register.o)
                0x00009f0c                alt_iic_isr_register
 .text          0x0000a004      0x150 ../binary_count_bsp/\libhal_bsp.a(alt_io_redirect.o)
                0x0000a0dc                alt_io_redirect
 .text          0x0000a154        0x0 ../binary_count_bsp/\libhal_bsp.a(alt_irq_entry.o)
 .text          0x0000a154        0x0 ../binary_count_bsp/\libhal_bsp.a(alt_irq_handler.o)
 .text          0x0000a154        0x0 ../binary_count_bsp/\libhal_bsp.a(alt_irq_vars.o)
 .text          0x0000a154      0x2e4 ../binary_count_bsp/\libhal_bsp.a(alt_open.o)
                0x0000a24c                open
 .text          0x0000a438       0x78 ../binary_count_bsp/\libhal_bsp.a(alt_release_fd.o)
                0x0000a438                alt_release_fd
 .text          0x0000a4b0      0x1a4 ../binary_count_bsp/\libhal_bsp.a(alt_tick.o)
                0x0000a4b0                alt_alarm_stop
                0x0000a548                alt_tick
 .text          0x0000a654       0x20 ../binary_count_bsp/\libhal_bsp.a(altera_nios2_qsys_irq.o)
                0x0000a654                altera_nios2_qsys_irq_init
 .text          0x0000a674        0x0 ../binary_count_bsp/\libhal_bsp.a(alt_exception_entry.o)
 .text          0x0000a674       0x94 ../binary_count_bsp/\libhal_bsp.a(alt_find_dev.o)
                0x0000a674                alt_find_dev
 .text          0x0000a708      0x120 ../binary_count_bsp/\libhal_bsp.a(alt_find_file.o)
                0x0000a708                alt_find_file
 .text          0x0000a828       0xd0 ../binary_count_bsp/\libhal_bsp.a(alt_get_fd.o)
                0x0000a828                alt_get_fd
 .text          0x0000a8f8       0x90 ../binary_count_bsp/\libhal_bsp.a(alt_icache_flush.o)
                0x0000a8f8                alt_icache_flush
 .text          0x0000a988       0x20 c:/altera/13.0sp1/nios2eds/bin/gnu/h-i686-mingw32/bin/../lib/gcc/nios2-elf/4.1.2/../../../../nios2-elf/lib/mno-hw-mul\libsmallc.a(lib_a-exit.o)
                0x0000a988                exit
 .text          0x0000a9a8       0x3c c:/altera/13.0sp1/nios2eds/bin/gnu/h-i686-mingw32/bin/../lib/gcc/nios2-elf/4.1.2/../../../../nios2-elf/lib/mno-hw-mul\libsmallc.a(lib_a-memcmp.o)
                0x0000a9a8                memcmp
 .text          0x0000a9e4      0x1c0 c:/altera/13.0sp1/nios2eds/bin/gnu/h-i686-mingw32/bin/../lib/gcc/nios2-elf/4.1.2/../../../../nios2-elf/lib/mno-hw-mul\libsmallc.a(lib_a-__call_atexit.o)
                0x0000a9e8                __call_exitprocs
 .text          0x0000aba4       0x60 ../binary_count_bsp/\libhal_bsp.a(alt_exit.o)
                0x0000abe4                _exit
 *(.gnu.warning.*)
 *(.fini)
                0x0000ac04                PROVIDE (__etext, ABSOLUTE (.))
                0x0000ac04                PROVIDE (_etext, ABSOLUTE (.))
                0x0000ac04                PROVIDE (etext, ABSOLUTE (.))
 *(.eh_frame_hdr)
                0x0000ac04                . = ALIGN (0x4)
                0x0000ac04                PROVIDE (__preinit_array_start, ABSOLUTE (.))
 *(.preinit_array)
                0x0000ac04                PROVIDE (__preinit_array_end, ABSOLUTE (.))
                0x0000ac04                PROVIDE (__init_array_start, ABSOLUTE (.))
 *(.init_array)
                0x0000ac04                PROVIDE (__init_array_end, ABSOLUTE (.))
                0x0000ac04                PROVIDE (__fini_array_start, ABSOLUTE (.))
 *(.fini_array)
                0x0000ac04                PROVIDE (__fini_array_end, ABSOLUTE (.))
 *(.eh_frame)
 *(.gcc_except_table)
 *(.dynamic)
                0x0000ac04                PROVIDE (__CTOR_LIST__, ABSOLUTE (.))
 *(.ctors)
 *(SORT(.ctors.*))
 .ctors.65535   0x0000ac04        0x4 c:/altera/13.0sp1/nios2eds/bin/gnu/h-i686-mingw32/bin/../lib/gcc/nios2-elf/4.1.2/../../../../nios2-elf/lib/mno-hw-mul\libsmallc.a(lib_a-__call_atexit.o)
                0x0000ac08                PROVIDE (__CTOR_END__, ABSOLUTE (.))
                0x0000ac08                PROVIDE (__DTOR_LIST__, ABSOLUTE (.))
 *(.dtors)
 *(SORT(.dtors.*))
                0x0000ac08                PROVIDE (__DTOR_END__, ABSOLUTE (.))
 *(.jcr)
                0x0000ac08                . = ALIGN (0x4)

.rodata         0x0000ac08      0x110
                0x0000ac08                PROVIDE (__ram_rodata_start, ABSOLUTE (.))
                0x0000ac08                . = ALIGN (0x4)
 *(.rodata .rodata.* .gnu.linkonce.r.*)
 .rodata        0x0000ac08       0xe0 obj/default/count_binary.o
 .rodata.str1.4
                0x0000ace8        0x4 c:/altera/13.0sp1/nios2eds/bin/gnu/h-i686-mingw32/bin/../lib/gcc/nios2-elf/4.1.2/../../../../nios2-elf/lib/mno-hw-mul\libsmallc.a(lib_a-puts.o)
 .rodata        0x0000acec       0x10 ../binary_count_bsp/\libhal_bsp.a(alt_main.o)
 .rodata        0x0000acfc       0x10 ../binary_count_bsp/\libhal_bsp.a(alt_sys_init.o)
 .rodata        0x0000ad0c        0xc ../binary_count_bsp/\libhal_bsp.a(alt_dev.o)
 *(.rodata1)
                0x0000ad18                . = ALIGN (0x4)
                0x0000ad18                PROVIDE (__ram_rodata_end, ABSOLUTE (.))
                0x0000ac08                PROVIDE (__flash_rodata_start, LOADADDR (.rodata))

.rwdata         0x0000ad18      0x2e0 load address 0x0000aff8
                0x0000ad18                PROVIDE (__ram_rwdata_start, ABSOLUTE (.))
                0x0000ad18                . = ALIGN (0x4)
 *(.got.plt)
 *(.got)
 *(.data1)
 *(.data .data.* .gnu.linkonce.d.*)
 .data          0x0000ad18        0x0 ../binary_count_bsp//obj/HAL/src/crt0.o
 .data          0x0000ad18        0x0 obj/default/count_binary.o
 .data          0x0000ad18        0x0 c:/altera/13.0sp1/nios2eds/bin/gnu/h-i686-mingw32/bin/../lib/gcc/nios2-elf/4.1.2/mno-hw-mul\libgcc.a(lib2-divmod.o)
 .data          0x0000ad18        0x0 c:/altera/13.0sp1/nios2eds/bin/gnu/h-i686-mingw32/bin/../lib/gcc/nios2-elf/4.1.2/../../../../nios2-elf/lib/mno-hw-mul\libsmallc.a(lib_a-printf.o)
 .data          0x0000ad18        0x0 c:/altera/13.0sp1/nios2eds/bin/gnu/h-i686-mingw32/bin/../lib/gcc/nios2-elf/4.1.2/../../../../nios2-elf/lib/mno-hw-mul\libsmallc.a(lib_a-putchar.o)
 .data          0x0000ad18        0x0 c:/altera/13.0sp1/nios2eds/bin/gnu/h-i686-mingw32/bin/../lib/gcc/nios2-elf/4.1.2/../../../../nios2-elf/lib/mno-hw-mul\libsmallc.a(lib_a-puts.o)
 .data          0x0000ad18        0x0 c:/altera/13.0sp1/nios2eds/bin/gnu/h-i686-mingw32/bin/../lib/gcc/nios2-elf/4.1.2/../../../../nios2-elf/lib/mno-hw-mul\libsmallc.a(lib_a-strlen.o)
 .data          0x0000ad18        0x0 c:/altera/13.0sp1/nios2eds/bin/gnu/h-i686-mingw32/bin/../lib/gcc/nios2-elf/4.1.2/../../../../nios2-elf/lib/mno-hw-mul\libsmallc.a(lib_a-vfprintf.o)
 .data          0x0000ad18        0x0 c:/altera/13.0sp1/nios2eds/bin/gnu/h-i686-mingw32/bin/../lib/gcc/nios2-elf/4.1.2/../../../../nios2-elf/lib/mno-hw-mul\libsmallc.a(lib_a-fvwrite_small_dev.o)
 .data          0x0000ad18       0xe0 c:/altera/13.0sp1/nios2eds/bin/gnu/h-i686-mingw32/bin/../lib/gcc/nios2-elf/4.1.2/../../../../nios2-elf/lib/mno-hw-mul\libsmallc.a(lib_a-impure.o)
 .data          0x0000adf8        0x0 c:/altera/13.0sp1/nios2eds/bin/gnu/h-i686-mingw32/bin/../lib/gcc/nios2-elf/4.1.2/../../../../nios2-elf/lib/mno-hw-mul\libsmallc.a(lib_a-putc.o)
 .data          0x0000adf8        0x0 c:/altera/13.0sp1/nios2eds/bin/gnu/h-i686-mingw32/bin/../lib/gcc/nios2-elf/4.1.2/../../../../nios2-elf/lib/mno-hw-mul\libsmallc.a(lib_a-writer.o)
 .data          0x0000adf8        0x0 c:/altera/13.0sp1/nios2eds/bin/gnu/h-i686-mingw32/bin/../lib/gcc/nios2-elf/4.1.2/../../../../nios2-elf/lib/mno-hw-mul\libsmallc.a(lib_a-int_errno.o)
 .data          0x0000adf8        0x0 c:/altera/13.0sp1/nios2eds/bin/gnu/h-i686-mingw32/bin/../lib/gcc/nios2-elf/4.1.2/mno-hw-mul\libgcc.a(lib2-mul.o)
 .data          0x0000adf8        0x0 ../binary_count_bsp/\libhal_bsp.a(alt_load.o)
 .data          0x0000adf8        0x0 ../binary_count_bsp/\libhal_bsp.a(alt_main.o)
 .data          0x0000adf8        0x0 ../binary_count_bsp/\libhal_bsp.a(alt_usleep.o)
 .data          0x0000adf8        0x0 ../binary_count_bsp/\libhal_bsp.a(alt_write.o)
 .data          0x0000adf8       0x2c ../binary_count_bsp/\libhal_bsp.a(alt_sys_init.o)
 .data          0x0000ae24        0x0 ../binary_count_bsp/\libhal_bsp.a(altera_avalon_jtag_uart_fd.o)
 .data          0x0000ae24        0x0 ../binary_count_bsp/\libhal_bsp.a(altera_avalon_jtag_uart_read.o)
 .data          0x0000ae24        0x0 ../binary_count_bsp/\libhal_bsp.a(altera_avalon_jtag_uart_write.o)
 .data          0x0000ae24        0x0 ../binary_count_bsp/\libhal_bsp.a(altera_avalon_timer_sc.o)
 .data          0x0000ae24        0x0 ../binary_count_bsp/\libhal_bsp.a(alt_busy_sleep.o)
 .data          0x0000ae24        0x0 ../binary_count_bsp/\libhal_bsp.a(alt_close.o)
 .data          0x0000ae24        0x0 ../binary_count_bsp/\libhal_bsp.a(alt_dcache_flush_all.o)
 .data          0x0000ae24      0x1a8 ../binary_count_bsp/\libhal_bsp.a(alt_dev.o)
                0x0000ae24                alt_dev_null
                0x0000ae4c                alt_fd_list
 .data          0x0000afcc        0x0 ../binary_count_bsp/\libhal_bsp.a(alt_dev_llist_insert.o)
 .data          0x0000afcc        0x0 ../binary_count_bsp/\libhal_bsp.a(alt_errno.o)
 .data          0x0000afcc        0x0 ../binary_count_bsp/\libhal_bsp.a(alt_icache_flush_all.o)
 .data          0x0000afcc        0x0 ../binary_count_bsp/\libhal_bsp.a(alt_iic.o)
 .data          0x0000afcc        0x0 ../binary_count_bsp/\libhal_bsp.a(alt_iic_isr_register.o)
 .data          0x0000afcc        0x0 ../binary_count_bsp/\libhal_bsp.a(alt_io_redirect.o)
 .data          0x0000afcc        0x0 ../binary_count_bsp/\libhal_bsp.a(alt_irq_entry.o)
 .data          0x0000afcc        0x0 ../binary_count_bsp/\libhal_bsp.a(alt_irq_handler.o)
 .data          0x0000afcc        0x0 ../binary_count_bsp/\libhal_bsp.a(alt_irq_vars.o)
 .data          0x0000afcc        0x0 ../binary_count_bsp/\libhal_bsp.a(alt_open.o)
 .data          0x0000afcc        0x0 ../binary_count_bsp/\libhal_bsp.a(alt_release_fd.o)
 .data          0x0000afcc        0x0 ../binary_count_bsp/\libhal_bsp.a(alt_tick.o)
 .data          0x0000afcc        0x0 ../binary_count_bsp/\libhal_bsp.a(altera_nios2_qsys_irq.o)
 .data          0x0000afcc        0x0 ../binary_count_bsp/\libhal_bsp.a(alt_exception_entry.o)
 .data          0x0000afcc        0x0 ../binary_count_bsp/\libhal_bsp.a(alt_find_dev.o)
 .data          0x0000afcc        0x0 ../binary_count_bsp/\libhal_bsp.a(alt_find_file.o)
 .data          0x0000afcc        0x0 ../binary_count_bsp/\libhal_bsp.a(alt_get_fd.o)
 .data          0x0000afcc        0x0 ../binary_count_bsp/\libhal_bsp.a(alt_icache_flush.o)
 .data          0x0000afcc        0x0 c:/altera/13.0sp1/nios2eds/bin/gnu/h-i686-mingw32/bin/../lib/gcc/nios2-elf/4.1.2/../../../../nios2-elf/lib/mno-hw-mul\libsmallc.a(lib_a-exit.o)
 .data          0x0000afcc        0x0 c:/altera/13.0sp1/nios2eds/bin/gnu/h-i686-mingw32/bin/../lib/gcc/nios2-elf/4.1.2/../../../../nios2-elf/lib/mno-hw-mul\libsmallc.a(lib_a-memcmp.o)
 .data          0x0000afcc        0x0 c:/altera/13.0sp1/nios2eds/bin/gnu/h-i686-mingw32/bin/../lib/gcc/nios2-elf/4.1.2/../../../../nios2-elf/lib/mno-hw-mul\libsmallc.a(lib_a-__call_atexit.o)
 .data          0x0000afcc        0x0 ../binary_count_bsp/\libhal_bsp.a(alt_exit.o)
                0x00012fcc                _gp = ABSOLUTE ((. + 0x8000))
                0x00012fcc                PROVIDE (gp, _gp)
 *(.rwdata .rwdata.*)
 *(.sdata .sdata.* .gnu.linkonce.s.*)
 .sdata         0x0000afcc        0x8 c:/altera/13.0sp1/nios2eds/bin/gnu/h-i686-mingw32/bin/../lib/gcc/nios2-elf/4.1.2/../../../../nios2-elf/lib/mno-hw-mul\libsmallc.a(lib_a-impure.o)
                0x0000afcc                _impure_ptr
                0x0000afd0                _global_impure_ptr
 .sdata         0x0000afd4       0x14 ../binary_count_bsp/\libhal_bsp.a(alt_dev.o)
                0x0000afd4                alt_fs_list
                0x0000afdc                alt_dev_list
                0x0000afe4                alt_max_fd
 .sdata         0x0000afe8        0x4 ../binary_count_bsp/\libhal_bsp.a(alt_errno.o)
                0x0000afe8                alt_errno
 .sdata         0x0000afec        0x4 ../binary_count_bsp/\libhal_bsp.a(alt_irq_vars.o)
                0x0000afec                alt_priority_mask
 .sdata         0x0000aff0        0x8 ../binary_count_bsp/\libhal_bsp.a(alt_tick.o)
                0x0000aff0                alt_alarm_list
 *(.sdata2 .sdata2.* .gnu.linkonce.s2.*)
                0x0000aff8                . = ALIGN (0x4)
                0x0000aff8                _edata = ABSOLUTE (.)
                0x0000aff8                PROVIDE (edata, ABSOLUTE (.))
                0x0000aff8                PROVIDE (__ram_rwdata_end, ABSOLUTE (.))
                0x0000aff8                PROVIDE (__flash_rwdata_start, LOADADDR (.rwdata))

.bss            0x0000b2d8      0x124
                0x0000b2d8                __bss_start = ABSOLUTE (.)
                0x0000b2d8                PROVIDE (__sbss_start, ABSOLUTE (.))
                0x0000b2d8                PROVIDE (___sbss_start, ABSOLUTE (.))
 *(.dynsbss)
 *(.sbss .sbss.* .gnu.linkonce.sb.*)
 .sbss          0x0000b2d8        0x1 obj/default/count_binary.o
 *fill*         0x0000b2d9        0x3 00
 .sbss          0x0000b2dc        0x4 obj/default/count_binary.o
                0x0000b2dc                edge_capture
 .sbss          0x0000b2e0        0x4 c:/altera/13.0sp1/nios2eds/bin/gnu/h-i686-mingw32/bin/../lib/gcc/nios2-elf/4.1.2/../../../../nios2-elf/lib/mno-hw-mul\libsmallc.a(lib_a-int_errno.o)
                0x0000b2e0                errno
 .sbss          0x0000b2e4        0xc ../binary_count_bsp/\libhal_bsp.a(alt_main.o)
                0x0000b2e4                alt_argc
                0x0000b2e8                alt_argv
                0x0000b2ec                alt_envp
 .sbss          0x0000b2f0        0x4 ../binary_count_bsp/\libhal_bsp.a(alt_irq_vars.o)
                0x0000b2f0                alt_irq_active
 .sbss          0x0000b2f4        0x8 ../binary_count_bsp/\libhal_bsp.a(alt_tick.o)
                0x0000b2f4                _alt_tick_rate
                0x0000b2f8                _alt_nticks
 *(.sbss2 .sbss2.* .gnu.linkonce.sb2.*)
 *(.scommon)
                0x0000b2fc                PROVIDE (__sbss_end, ABSOLUTE (.))
                0x0000b2fc                PROVIDE (___sbss_end, ABSOLUTE (.))
 *(.dynbss)
 *(.bss .bss.* .gnu.linkonce.b.*)
 .bss           0x0000b2fc        0x0 ../binary_count_bsp//obj/HAL/src/crt0.o
 .bss           0x0000b2fc        0x0 obj/default/count_binary.o
 .bss           0x0000b2fc        0x0 c:/altera/13.0sp1/nios2eds/bin/gnu/h-i686-mingw32/bin/../lib/gcc/nios2-elf/4.1.2/mno-hw-mul\libgcc.a(lib2-divmod.o)
 .bss           0x0000b2fc        0x0 c:/altera/13.0sp1/nios2eds/bin/gnu/h-i686-mingw32/bin/../lib/gcc/nios2-elf/4.1.2/../../../../nios2-elf/lib/mno-hw-mul\libsmallc.a(lib_a-printf.o)
 .bss           0x0000b2fc        0x0 c:/altera/13.0sp1/nios2eds/bin/gnu/h-i686-mingw32/bin/../lib/gcc/nios2-elf/4.1.2/../../../../nios2-elf/lib/mno-hw-mul\libsmallc.a(lib_a-putchar.o)
 .bss           0x0000b2fc        0x0 c:/altera/13.0sp1/nios2eds/bin/gnu/h-i686-mingw32/bin/../lib/gcc/nios2-elf/4.1.2/../../../../nios2-elf/lib/mno-hw-mul\libsmallc.a(lib_a-puts.o)
 .bss           0x0000b2fc        0x0 c:/altera/13.0sp1/nios2eds/bin/gnu/h-i686-mingw32/bin/../lib/gcc/nios2-elf/4.1.2/../../../../nios2-elf/lib/mno-hw-mul\libsmallc.a(lib_a-strlen.o)
 .bss           0x0000b2fc        0x0 c:/altera/13.0sp1/nios2eds/bin/gnu/h-i686-mingw32/bin/../lib/gcc/nios2-elf/4.1.2/../../../../nios2-elf/lib/mno-hw-mul\libsmallc.a(lib_a-vfprintf.o)
 .bss           0x0000b2fc        0x0 c:/altera/13.0sp1/nios2eds/bin/gnu/h-i686-mingw32/bin/../lib/gcc/nios2-elf/4.1.2/../../../../nios2-elf/lib/mno-hw-mul\libsmallc.a(lib_a-fvwrite_small_dev.o)
 .bss           0x0000b2fc        0x0 c:/altera/13.0sp1/nios2eds/bin/gnu/h-i686-mingw32/bin/../lib/gcc/nios2-elf/4.1.2/../../../../nios2-elf/lib/mno-hw-mul\libsmallc.a(lib_a-impure.o)
 .bss           0x0000b2fc        0x0 c:/altera/13.0sp1/nios2eds/bin/gnu/h-i686-mingw32/bin/../lib/gcc/nios2-elf/4.1.2/../../../../nios2-elf/lib/mno-hw-mul\libsmallc.a(lib_a-putc.o)
 .bss           0x0000b2fc        0x0 c:/altera/13.0sp1/nios2eds/bin/gnu/h-i686-mingw32/bin/../lib/gcc/nios2-elf/4.1.2/../../../../nios2-elf/lib/mno-hw-mul\libsmallc.a(lib_a-writer.o)
 .bss           0x0000b2fc        0x0 c:/altera/13.0sp1/nios2eds/bin/gnu/h-i686-mingw32/bin/../lib/gcc/nios2-elf/4.1.2/../../../../nios2-elf/lib/mno-hw-mul\libsmallc.a(lib_a-int_errno.o)
 .bss           0x0000b2fc        0x0 c:/altera/13.0sp1/nios2eds/bin/gnu/h-i686-mingw32/bin/../lib/gcc/nios2-elf/4.1.2/mno-hw-mul\libgcc.a(lib2-mul.o)
 .bss           0x0000b2fc        0x0 ../binary_count_bsp/\libhal_bsp.a(alt_load.o)
 .bss           0x0000b2fc        0x0 ../binary_count_bsp/\libhal_bsp.a(alt_main.o)
 .bss           0x0000b2fc        0x0 ../binary_count_bsp/\libhal_bsp.a(alt_usleep.o)
 .bss           0x0000b2fc        0x0 ../binary_count_bsp/\libhal_bsp.a(alt_write.o)
 .bss           0x0000b2fc        0x0 ../binary_count_bsp/\libhal_bsp.a(alt_sys_init.o)
 .bss           0x0000b2fc        0x0 ../binary_count_bsp/\libhal_bsp.a(altera_avalon_jtag_uart_fd.o)
 .bss           0x0000b2fc        0x0 ../binary_count_bsp/\libhal_bsp.a(altera_avalon_jtag_uart_read.o)
 .bss           0x0000b2fc        0x0 ../binary_count_bsp/\libhal_bsp.a(altera_avalon_jtag_uart_write.o)
 .bss           0x0000b2fc        0x0 ../binary_count_bsp/\libhal_bsp.a(altera_avalon_timer_sc.o)
 .bss           0x0000b2fc        0x0 ../binary_count_bsp/\libhal_bsp.a(alt_busy_sleep.o)
 .bss           0x0000b2fc        0x0 ../binary_count_bsp/\libhal_bsp.a(alt_close.o)
 .bss           0x0000b2fc        0x0 ../binary_count_bsp/\libhal_bsp.a(alt_dcache_flush_all.o)
 .bss           0x0000b2fc        0x0 ../binary_count_bsp/\libhal_bsp.a(alt_dev.o)
 .bss           0x0000b2fc        0x0 ../binary_count_bsp/\libhal_bsp.a(alt_dev_llist_insert.o)
 .bss           0x0000b2fc        0x0 ../binary_count_bsp/\libhal_bsp.a(alt_errno.o)
 .bss           0x0000b2fc        0x0 ../binary_count_bsp/\libhal_bsp.a(alt_icache_flush_all.o)
 .bss           0x0000b2fc        0x0 ../binary_count_bsp/\libhal_bsp.a(alt_iic.o)
 .bss           0x0000b2fc        0x0 ../binary_count_bsp/\libhal_bsp.a(alt_iic_isr_register.o)
 .bss           0x0000b2fc        0x0 ../binary_count_bsp/\libhal_bsp.a(alt_io_redirect.o)
 .bss           0x0000b2fc        0x0 ../binary_count_bsp/\libhal_bsp.a(alt_irq_entry.o)
 .bss           0x0000b2fc        0x0 ../binary_count_bsp/\libhal_bsp.a(alt_irq_handler.o)
 .bss           0x0000b2fc        0x0 ../binary_count_bsp/\libhal_bsp.a(alt_irq_vars.o)
 .bss           0x0000b2fc        0x0 ../binary_count_bsp/\libhal_bsp.a(alt_open.o)
 .bss           0x0000b2fc        0x0 ../binary_count_bsp/\libhal_bsp.a(alt_release_fd.o)
 .bss           0x0000b2fc        0x0 ../binary_count_bsp/\libhal_bsp.a(alt_tick.o)
 .bss           0x0000b2fc        0x0 ../binary_count_bsp/\libhal_bsp.a(altera_nios2_qsys_irq.o)
 .bss           0x0000b2fc        0x0 ../binary_count_bsp/\libhal_bsp.a(alt_exception_entry.o)
 .bss           0x0000b2fc        0x0 ../binary_count_bsp/\libhal_bsp.a(alt_find_dev.o)
 .bss           0x0000b2fc        0x0 ../binary_count_bsp/\libhal_bsp.a(alt_find_file.o)
 .bss           0x0000b2fc        0x0 ../binary_count_bsp/\libhal_bsp.a(alt_get_fd.o)
 .bss           0x0000b2fc        0x0 ../binary_count_bsp/\libhal_bsp.a(alt_icache_flush.o)
 .bss           0x0000b2fc        0x0 c:/altera/13.0sp1/nios2eds/bin/gnu/h-i686-mingw32/bin/../lib/gcc/nios2-elf/4.1.2/../../../../nios2-elf/lib/mno-hw-mul\libsmallc.a(lib_a-exit.o)
 .bss           0x0000b2fc        0x0 c:/altera/13.0sp1/nios2eds/bin/gnu/h-i686-mingw32/bin/../lib/gcc/nios2-elf/4.1.2/../../../../nios2-elf/lib/mno-hw-mul\libsmallc.a(lib_a-memcmp.o)
 .bss           0x0000b2fc        0x0 c:/altera/13.0sp1/nios2eds/bin/gnu/h-i686-mingw32/bin/../lib/gcc/nios2-elf/4.1.2/../../../../nios2-elf/lib/mno-hw-mul\libsmallc.a(lib_a-__call_atexit.o)
 .bss           0x0000b2fc        0x0 ../binary_count_bsp/\libhal_bsp.a(alt_exit.o)
 *(COMMON)
 COMMON         0x0000b2fc      0x100 ../binary_count_bsp/\libhal_bsp.a(alt_irq_handler.o)
                0x0000b2fc                alt_irq
                0x0000b3fc                . = ALIGN (0x4)
                0x0000b3fc                __bss_end = ABSOLUTE (.)

.onchip_mem     0x0000b3fc        0x0
                0x0000b3fc                PROVIDE (_alt_partition_onchip_mem_start, ABSOLUTE (.))
 *(.onchip_mem. onchip_mem.*)
                0x0000b3fc                . = ALIGN (0x4)
                0x0000b3fc                PROVIDE (_alt_partition_onchip_mem_end, ABSOLUTE (.))
                0x0000b3fc                _end = ABSOLUTE (.)
                0x0000b3fc                end = ABSOLUTE (.)
                0x0000b3fc                __alt_stack_base = ABSOLUTE (.)
                0x0000b3fc                PROVIDE (_alt_partition_onchip_mem_load_addr, LOADADDR (.onchip_mem))

.stab
 *(.stab)

.stabstr
 *(.stabstr)

.stab.excl
 *(.stab.excl)

.stab.exclstr
 *(.stab.exclstr)

.stab.index
 *(.stab.index)

.stab.indexstr
 *(.stab.indexstr)

.comment        0x00000000       0x26
 *(.comment)
 .comment       0x00000000       0x26 obj/default/count_binary.o
                                 0x27 (size before relaxing)
 .comment       0x00000000       0x27 c:/altera/13.0sp1/nios2eds/bin/gnu/h-i686-mingw32/bin/../lib/gcc/nios2-elf/4.1.2/mno-hw-mul\libgcc.a(lib2-divmod.o)
 .comment       0x00000000       0x27 c:/altera/13.0sp1/nios2eds/bin/gnu/h-i686-mingw32/bin/../lib/gcc/nios2-elf/4.1.2/../../../../nios2-elf/lib/mno-hw-mul\libsmallc.a(lib_a-printf.o)
 .comment       0x00000000       0x27 c:/altera/13.0sp1/nios2eds/bin/gnu/h-i686-mingw32/bin/../lib/gcc/nios2-elf/4.1.2/../../../../nios2-elf/lib/mno-hw-mul\libsmallc.a(lib_a-putchar.o)
 .comment       0x00000000       0x27 c:/altera/13.0sp1/nios2eds/bin/gnu/h-i686-mingw32/bin/../lib/gcc/nios2-elf/4.1.2/../../../../nios2-elf/lib/mno-hw-mul\libsmallc.a(lib_a-puts.o)
 .comment       0x00000000       0x27 c:/altera/13.0sp1/nios2eds/bin/gnu/h-i686-mingw32/bin/../lib/gcc/nios2-elf/4.1.2/../../../../nios2-elf/lib/mno-hw-mul\libsmallc.a(lib_a-strlen.o)
 .comment       0x00000000       0x27 c:/altera/13.0sp1/nios2eds/bin/gnu/h-i686-mingw32/bin/../lib/gcc/nios2-elf/4.1.2/../../../../nios2-elf/lib/mno-hw-mul\libsmallc.a(lib_a-vfprintf.o)
 .comment       0x00000000       0x27 c:/altera/13.0sp1/nios2eds/bin/gnu/h-i686-mingw32/bin/../lib/gcc/nios2-elf/4.1.2/../../../../nios2-elf/lib/mno-hw-mul\libsmallc.a(lib_a-fvwrite_small_dev.o)
 .comment       0x00000000       0x27 c:/altera/13.0sp1/nios2eds/bin/gnu/h-i686-mingw32/bin/../lib/gcc/nios2-elf/4.1.2/../../../../nios2-elf/lib/mno-hw-mul\libsmallc.a(lib_a-impure.o)
 .comment       0x00000000       0x27 c:/altera/13.0sp1/nios2eds/bin/gnu/h-i686-mingw32/bin/../lib/gcc/nios2-elf/4.1.2/../../../../nios2-elf/lib/mno-hw-mul\libsmallc.a(lib_a-putc.o)
 .comment       0x00000000       0x27 c:/altera/13.0sp1/nios2eds/bin/gnu/h-i686-mingw32/bin/../lib/gcc/nios2-elf/4.1.2/../../../../nios2-elf/lib/mno-hw-mul\libsmallc.a(lib_a-writer.o)
 .comment       0x00000000       0x27 c:/altera/13.0sp1/nios2eds/bin/gnu/h-i686-mingw32/bin/../lib/gcc/nios2-elf/4.1.2/../../../../nios2-elf/lib/mno-hw-mul\libsmallc.a(lib_a-int_errno.o)
 .comment       0x00000000       0x27 c:/altera/13.0sp1/nios2eds/bin/gnu/h-i686-mingw32/bin/../lib/gcc/nios2-elf/4.1.2/mno-hw-mul\libgcc.a(lib2-mul.o)
 .comment       0x00000000       0x27 ../binary_count_bsp/\libhal_bsp.a(alt_load.o)
 .comment       0x00000000       0x27 ../binary_count_bsp/\libhal_bsp.a(alt_main.o)
 .comment       0x00000000       0x27 ../binary_count_bsp/\libhal_bsp.a(alt_usleep.o)
 .comment       0x00000000       0x27 ../binary_count_bsp/\libhal_bsp.a(alt_write.o)
 .comment       0x00000000       0x27 ../binary_count_bsp/\libhal_bsp.a(alt_sys_init.o)
 .comment       0x00000000       0x27 ../binary_count_bsp/\libhal_bsp.a(altera_avalon_jtag_uart_fd.o)
 .comment       0x00000000       0x27 ../binary_count_bsp/\libhal_bsp.a(altera_avalon_jtag_uart_read.o)
 .comment       0x00000000       0x27 ../binary_count_bsp/\libhal_bsp.a(altera_avalon_jtag_uart_write.o)
 .comment       0x00000000       0x27 ../binary_count_bsp/\libhal_bsp.a(altera_avalon_timer_sc.o)
 .comment       0x00000000       0x27 ../binary_count_bsp/\libhal_bsp.a(alt_busy_sleep.o)
 .comment       0x00000000       0x27 ../binary_count_bsp/\libhal_bsp.a(alt_close.o)
 .comment       0x00000000       0x27 ../binary_count_bsp/\libhal_bsp.a(alt_dcache_flush_all.o)
 .comment       0x00000000       0x27 ../binary_count_bsp/\libhal_bsp.a(alt_dev.o)
 .comment       0x00000000       0x27 ../binary_count_bsp/\libhal_bsp.a(alt_dev_llist_insert.o)
 .comment       0x00000000       0x27 ../binary_count_bsp/\libhal_bsp.a(alt_errno.o)
 .comment       0x00000000       0x27 ../binary_count_bsp/\libhal_bsp.a(alt_icache_flush_all.o)
 .comment       0x00000000       0x27 ../binary_count_bsp/\libhal_bsp.a(alt_iic.o)
 .comment       0x00000000       0x27 ../binary_count_bsp/\libhal_bsp.a(alt_iic_isr_register.o)
 .comment       0x00000000       0x27 ../binary_count_bsp/\libhal_bsp.a(alt_io_redirect.o)
 .comment       0x00000000       0x27 ../binary_count_bsp/\libhal_bsp.a(alt_irq_handler.o)
 .comment       0x00000000       0x27 ../binary_count_bsp/\libhal_bsp.a(alt_irq_vars.o)
 .comment       0x00000000       0x27 ../binary_count_bsp/\libhal_bsp.a(alt_open.o)
 .comment       0x00000000       0x27 ../binary_count_bsp/\libhal_bsp.a(alt_release_fd.o)
 .comment       0x00000000       0x27 ../binary_count_bsp/\libhal_bsp.a(alt_tick.o)
 .comment       0x00000000       0x27 ../binary_count_bsp/\libhal_bsp.a(altera_nios2_qsys_irq.o)
 .comment       0x00000000       0x27 ../binary_count_bsp/\libhal_bsp.a(alt_find_dev.o)
 .comment       0x00000000       0x27 ../binary_count_bsp/\libhal_bsp.a(alt_find_file.o)
 .comment       0x00000000       0x27 ../binary_count_bsp/\libhal_bsp.a(alt_get_fd.o)
 .comment       0x00000000       0x27 ../binary_count_bsp/\libhal_bsp.a(alt_icache_flush.o)
 .comment       0x00000000       0x27 c:/altera/13.0sp1/nios2eds/bin/gnu/h-i686-mingw32/bin/../lib/gcc/nios2-elf/4.1.2/../../../../nios2-elf/lib/mno-hw-mul\libsmallc.a(lib_a-exit.o)
 .comment       0x00000000       0x27 c:/altera/13.0sp1/nios2eds/bin/gnu/h-i686-mingw32/bin/../lib/gcc/nios2-elf/4.1.2/../../../../nios2-elf/lib/mno-hw-mul\libsmallc.a(lib_a-memcmp.o)
 .comment       0x00000000       0x27 c:/altera/13.0sp1/nios2eds/bin/gnu/h-i686-mingw32/bin/../lib/gcc/nios2-elf/4.1.2/../../../../nios2-elf/lib/mno-hw-mul\libsmallc.a(lib_a-__call_atexit.o)
 .comment       0x00000000       0x27 ../binary_count_bsp/\libhal_bsp.a(alt_exit.o)

.debug
 *(.debug)

.line
 *(.line)

.debug_srcinfo
 *(.debug_srcinfo)

.debug_sfnames
 *(.debug_sfnames)

.debug_aranges  0x00000000      0x5d8
 *(.debug_aranges)
 .debug_aranges
                0x00000000       0x28 ../binary_count_bsp//obj/HAL/src/crt0.o
 .debug_aranges
                0x00000028       0x20 obj/default/count_binary.o
 .debug_aranges
                0x00000048       0x20 c:/altera/13.0sp1/nios2eds/bin/gnu/h-i686-mingw32/bin/../lib/gcc/nios2-elf/4.1.2/mno-hw-mul\libgcc.a(lib2-divmod.o)
 .debug_aranges
                0x00000068       0x20 c:/altera/13.0sp1/nios2eds/bin/gnu/h-i686-mingw32/bin/../lib/gcc/nios2-elf/4.1.2/../../../../nios2-elf/lib/mno-hw-mul\libsmallc.a(lib_a-printf.o)
 .debug_aranges
                0x00000088       0x20 c:/altera/13.0sp1/nios2eds/bin/gnu/h-i686-mingw32/bin/../lib/gcc/nios2-elf/4.1.2/../../../../nios2-elf/lib/mno-hw-mul\libsmallc.a(lib_a-putchar.o)
 .debug_aranges
                0x000000a8       0x20 c:/altera/13.0sp1/nios2eds/bin/gnu/h-i686-mingw32/bin/../lib/gcc/nios2-elf/4.1.2/../../../../nios2-elf/lib/mno-hw-mul\libsmallc.a(lib_a-puts.o)
 .debug_aranges
                0x000000c8       0x20 c:/altera/13.0sp1/nios2eds/bin/gnu/h-i686-mingw32/bin/../lib/gcc/nios2-elf/4.1.2/../../../../nios2-elf/lib/mno-hw-mul\libsmallc.a(lib_a-strlen.o)
 .debug_aranges
                0x000000e8       0x20 c:/altera/13.0sp1/nios2eds/bin/gnu/h-i686-mingw32/bin/../lib/gcc/nios2-elf/4.1.2/../../../../nios2-elf/lib/mno-hw-mul\libsmallc.a(lib_a-vfprintf.o)
 .debug_aranges
                0x00000108       0x20 c:/altera/13.0sp1/nios2eds/bin/gnu/h-i686-mingw32/bin/../lib/gcc/nios2-elf/4.1.2/../../../../nios2-elf/lib/mno-hw-mul\libsmallc.a(lib_a-fvwrite_small_dev.o)
 .debug_aranges
                0x00000128       0x20 c:/altera/13.0sp1/nios2eds/bin/gnu/h-i686-mingw32/bin/../lib/gcc/nios2-elf/4.1.2/../../../../nios2-elf/lib/mno-hw-mul\libsmallc.a(lib_a-putc.o)
 .debug_aranges
                0x00000148       0x20 c:/altera/13.0sp1/nios2eds/bin/gnu/h-i686-mingw32/bin/../lib/gcc/nios2-elf/4.1.2/../../../../nios2-elf/lib/mno-hw-mul\libsmallc.a(lib_a-writer.o)
 .debug_aranges
                0x00000168       0x20 c:/altera/13.0sp1/nios2eds/bin/gnu/h-i686-mingw32/bin/../lib/gcc/nios2-elf/4.1.2/mno-hw-mul\libgcc.a(lib2-mul.o)
 .debug_aranges
                0x00000188       0x20 ../binary_count_bsp/\libhal_bsp.a(alt_load.o)
 .debug_aranges
                0x000001a8       0x20 ../binary_count_bsp/\libhal_bsp.a(alt_main.o)
 .debug_aranges
                0x000001c8       0x20 ../binary_count_bsp/\libhal_bsp.a(alt_usleep.o)
 .debug_aranges
                0x000001e8       0x20 ../binary_count_bsp/\libhal_bsp.a(alt_write.o)
 .debug_aranges
                0x00000208       0x20 ../binary_count_bsp/\libhal_bsp.a(alt_sys_init.o)
 .debug_aranges
                0x00000228       0x20 ../binary_count_bsp/\libhal_bsp.a(altera_avalon_jtag_uart_fd.o)
 .debug_aranges
                0x00000248       0x20 ../binary_count_bsp/\libhal_bsp.a(altera_avalon_jtag_uart_read.o)
 .debug_aranges
                0x00000268       0x20 ../binary_count_bsp/\libhal_bsp.a(altera_avalon_jtag_uart_write.o)
 .debug_aranges
                0x00000288       0x20 ../binary_count_bsp/\libhal_bsp.a(altera_avalon_timer_sc.o)
 .debug_aranges
                0x000002a8       0x20 ../binary_count_bsp/\libhal_bsp.a(alt_busy_sleep.o)
 .debug_aranges
                0x000002c8       0x20 ../binary_count_bsp/\libhal_bsp.a(alt_close.o)
 .debug_aranges
                0x000002e8       0x20 ../binary_count_bsp/\libhal_bsp.a(alt_dcache_flush_all.o)
 .debug_aranges
                0x00000308       0x20 ../binary_count_bsp/\libhal_bsp.a(alt_dev.o)
 .debug_aranges
                0x00000328       0x20 ../binary_count_bsp/\libhal_bsp.a(alt_dev_llist_insert.o)
 .debug_aranges
                0x00000348       0x20 ../binary_count_bsp/\libhal_bsp.a(alt_icache_flush_all.o)
 .debug_aranges
                0x00000368       0x20 ../binary_count_bsp/\libhal_bsp.a(alt_iic.o)
 .debug_aranges
                0x00000388       0x20 ../binary_count_bsp/\libhal_bsp.a(alt_iic_isr_register.o)
 .debug_aranges
                0x000003a8       0x20 ../binary_count_bsp/\libhal_bsp.a(alt_io_redirect.o)
 .debug_aranges
                0x000003c8       0x30 ../binary_count_bsp/\libhal_bsp.a(alt_irq_entry.o)
 .debug_aranges
                0x000003f8       0x28 ../binary_count_bsp/\libhal_bsp.a(alt_irq_handler.o)
 .debug_aranges
                0x00000420       0x20 ../binary_count_bsp/\libhal_bsp.a(alt_open.o)
 .debug_aranges
                0x00000440       0x20 ../binary_count_bsp/\libhal_bsp.a(alt_release_fd.o)
 .debug_aranges
                0x00000460       0x20 ../binary_count_bsp/\libhal_bsp.a(alt_tick.o)
 .debug_aranges
                0x00000480       0x20 ../binary_count_bsp/\libhal_bsp.a(altera_nios2_qsys_irq.o)
 .debug_aranges
                0x000004a0       0x38 ../binary_count_bsp/\libhal_bsp.a(alt_exception_entry.o)
 .debug_aranges
                0x000004d8       0x20 ../binary_count_bsp/\libhal_bsp.a(alt_find_dev.o)
 .debug_aranges
                0x000004f8       0x20 ../binary_count_bsp/\libhal_bsp.a(alt_find_file.o)
 .debug_aranges
                0x00000518       0x20 ../binary_count_bsp/\libhal_bsp.a(alt_get_fd.o)
 .debug_aranges
                0x00000538       0x20 ../binary_count_bsp/\libhal_bsp.a(alt_icache_flush.o)
 .debug_aranges
                0x00000558       0x20 c:/altera/13.0sp1/nios2eds/bin/gnu/h-i686-mingw32/bin/../lib/gcc/nios2-elf/4.1.2/../../../../nios2-elf/lib/mno-hw-mul\libsmallc.a(lib_a-exit.o)
 .debug_aranges
                0x00000578       0x20 c:/altera/13.0sp1/nios2eds/bin/gnu/h-i686-mingw32/bin/../lib/gcc/nios2-elf/4.1.2/../../../../nios2-elf/lib/mno-hw-mul\libsmallc.a(lib_a-memcmp.o)
 .debug_aranges
                0x00000598       0x20 c:/altera/13.0sp1/nios2eds/bin/gnu/h-i686-mingw32/bin/../lib/gcc/nios2-elf/4.1.2/../../../../nios2-elf/lib/mno-hw-mul\libsmallc.a(lib_a-__call_atexit.o)
 .debug_aranges
                0x000005b8       0x20 ../binary_count_bsp/\libhal_bsp.a(alt_exit.o)

.debug_pubnames
                0x00000000      0x851
 *(.debug_pubnames)
 .debug_pubnames
                0x00000000       0x2c obj/default/count_binary.o
 .debug_pubnames
                0x0000002c       0x48 c:/altera/13.0sp1/nios2eds/bin/gnu/h-i686-mingw32/bin/../lib/gcc/nios2-elf/4.1.2/mno-hw-mul\libgcc.a(lib2-divmod.o)
 .debug_pubnames
                0x00000074       0x2b c:/altera/13.0sp1/nios2eds/bin/gnu/h-i686-mingw32/bin/../lib/gcc/nios2-elf/4.1.2/../../../../nios2-elf/lib/mno-hw-mul\libsmallc.a(lib_a-printf.o)
 .debug_pubnames
                0x0000009f       0x2d c:/altera/13.0sp1/nios2eds/bin/gnu/h-i686-mingw32/bin/../lib/gcc/nios2-elf/4.1.2/../../../../nios2-elf/lib/mno-hw-mul\libsmallc.a(lib_a-putchar.o)
 .debug_pubnames
                0x000000cc       0x27 c:/altera/13.0sp1/nios2eds/bin/gnu/h-i686-mingw32/bin/../lib/gcc/nios2-elf/4.1.2/../../../../nios2-elf/lib/mno-hw-mul\libsmallc.a(lib_a-puts.o)
 .debug_pubnames
                0x000000f3       0x1d c:/altera/13.0sp1/nios2eds/bin/gnu/h-i686-mingw32/bin/../lib/gcc/nios2-elf/4.1.2/../../../../nios2-elf/lib/mno-hw-mul\libsmallc.a(lib_a-strlen.o)
 .debug_pubnames
                0x00000110       0x45 c:/altera/13.0sp1/nios2eds/bin/gnu/h-i686-mingw32/bin/../lib/gcc/nios2-elf/4.1.2/../../../../nios2-elf/lib/mno-hw-mul\libsmallc.a(lib_a-vfprintf.o)
 .debug_pubnames
                0x00000155       0x2b c:/altera/13.0sp1/nios2eds/bin/gnu/h-i686-mingw32/bin/../lib/gcc/nios2-elf/4.1.2/../../../../nios2-elf/lib/mno-hw-mul\libsmallc.a(lib_a-fvwrite_small_dev.o)
 .debug_pubnames
                0x00000180       0x39 c:/altera/13.0sp1/nios2eds/bin/gnu/h-i686-mingw32/bin/../lib/gcc/nios2-elf/4.1.2/../../../../nios2-elf/lib/mno-hw-mul\libsmallc.a(lib_a-impure.o)
 .debug_pubnames
                0x000001b9       0x27 c:/altera/13.0sp1/nios2eds/bin/gnu/h-i686-mingw32/bin/../lib/gcc/nios2-elf/4.1.2/../../../../nios2-elf/lib/mno-hw-mul\libsmallc.a(lib_a-putc.o)
 .debug_pubnames
                0x000001e0       0x1f c:/altera/13.0sp1/nios2eds/bin/gnu/h-i686-mingw32/bin/../lib/gcc/nios2-elf/4.1.2/../../../../nios2-elf/lib/mno-hw-mul\libsmallc.a(lib_a-writer.o)
 .debug_pubnames
                0x000001ff       0x1c c:/altera/13.0sp1/nios2eds/bin/gnu/h-i686-mingw32/bin/../lib/gcc/nios2-elf/4.1.2/../../../../nios2-elf/lib/mno-hw-mul\libsmallc.a(lib_a-int_errno.o)
 .debug_pubnames
                0x0000021b       0x1f c:/altera/13.0sp1/nios2eds/bin/gnu/h-i686-mingw32/bin/../lib/gcc/nios2-elf/4.1.2/mno-hw-mul\libgcc.a(lib2-mul.o)
 .debug_pubnames
                0x0000023a       0x1f ../binary_count_bsp/\libhal_bsp.a(alt_load.o)
 .debug_pubnames
                0x00000259       0x46 ../binary_count_bsp/\libhal_bsp.a(alt_main.o)
 .debug_pubnames
                0x0000029f       0x1d ../binary_count_bsp/\libhal_bsp.a(alt_usleep.o)
 .debug_pubnames
                0x000002bc       0x1c ../binary_count_bsp/\libhal_bsp.a(alt_write.o)
 .debug_pubnames
                0x000002d8       0x34 ../binary_count_bsp/\libhal_bsp.a(alt_sys_init.o)
 .debug_pubnames
                0x0000030c       0x5b ../binary_count_bsp/\libhal_bsp.a(altera_avalon_jtag_uart_fd.o)
 .debug_pubnames
                0x00000367       0x33 ../binary_count_bsp/\libhal_bsp.a(altera_avalon_jtag_uart_read.o)
 .debug_pubnames
                0x0000039a       0x34 ../binary_count_bsp/\libhal_bsp.a(altera_avalon_jtag_uart_write.o)
 .debug_pubnames
                0x000003ce       0x2f ../binary_count_bsp/\libhal_bsp.a(altera_avalon_timer_sc.o)
 .debug_pubnames
                0x000003fd       0x25 ../binary_count_bsp/\libhal_bsp.a(alt_busy_sleep.o)
 .debug_pubnames
                0x00000422       0x1c ../binary_count_bsp/\libhal_bsp.a(alt_close.o)
 .debug_pubnames
                0x0000043e       0x2b ../binary_count_bsp/\libhal_bsp.a(alt_dcache_flush_all.o)
 .debug_pubnames
                0x00000469       0x63 ../binary_count_bsp/\libhal_bsp.a(alt_dev.o)
 .debug_pubnames
                0x000004cc       0x2b ../binary_count_bsp/\libhal_bsp.a(alt_dev_llist_insert.o)
 .debug_pubnames
                0x000004f7       0x20 ../binary_count_bsp/\libhal_bsp.a(alt_errno.o)
 .debug_pubnames
                0x00000517       0x2b ../binary_count_bsp/\libhal_bsp.a(alt_icache_flush_all.o)
 .debug_pubnames
                0x00000542       0x6e ../binary_count_bsp/\libhal_bsp.a(alt_iic.o)
 .debug_pubnames
                0x000005b0       0x2b ../binary_count_bsp/\libhal_bsp.a(alt_iic_isr_register.o)
 .debug_pubnames
                0x000005db       0x26 ../binary_count_bsp/\libhal_bsp.a(alt_io_redirect.o)
 .debug_pubnames
                0x00000601       0x32 ../binary_count_bsp/\libhal_bsp.a(alt_irq_handler.o)
 .debug_pubnames
                0x00000633       0x3b ../binary_count_bsp/\libhal_bsp.a(alt_irq_vars.o)
 .debug_pubnames
                0x0000066e       0x1b ../binary_count_bsp/\libhal_bsp.a(alt_open.o)
 .debug_pubnames
                0x00000689       0x25 ../binary_count_bsp/\libhal_bsp.a(alt_release_fd.o)
 .debug_pubnames
                0x000006ae       0x68 ../binary_count_bsp/\libhal_bsp.a(alt_tick.o)
 .debug_pubnames
                0x00000716       0x31 ../binary_count_bsp/\libhal_bsp.a(altera_nios2_qsys_irq.o)
 .debug_pubnames
                0x00000747       0x23 ../binary_count_bsp/\libhal_bsp.a(alt_find_dev.o)
 .debug_pubnames
                0x0000076a       0x24 ../binary_count_bsp/\libhal_bsp.a(alt_find_file.o)
 .debug_pubnames
                0x0000078e       0x21 ../binary_count_bsp/\libhal_bsp.a(alt_get_fd.o)
 .debug_pubnames
                0x000007af       0x27 ../binary_count_bsp/\libhal_bsp.a(alt_icache_flush.o)
 .debug_pubnames
                0x000007d6       0x1b c:/altera/13.0sp1/nios2eds/bin/gnu/h-i686-mingw32/bin/../lib/gcc/nios2-elf/4.1.2/../../../../nios2-elf/lib/mno-hw-mul\libsmallc.a(lib_a-exit.o)
 .debug_pubnames
                0x000007f1       0x1d c:/altera/13.0sp1/nios2eds/bin/gnu/h-i686-mingw32/bin/../lib/gcc/nios2-elf/4.1.2/../../../../nios2-elf/lib/mno-hw-mul\libsmallc.a(lib_a-memcmp.o)
 .debug_pubnames
                0x0000080e       0x27 c:/altera/13.0sp1/nios2eds/bin/gnu/h-i686-mingw32/bin/../lib/gcc/nios2-elf/4.1.2/../../../../nios2-elf/lib/mno-hw-mul\libsmallc.a(lib_a-__call_atexit.o)
 .debug_pubnames
                0x00000835       0x1c ../binary_count_bsp/\libhal_bsp.a(alt_exit.o)

.debug_info     0x00000000     0xb38d
 *(.debug_info .gnu.linkonce.wi.*)
 .debug_info    0x00000000       0x55 ../binary_count_bsp//obj/HAL/src/crt0.o
 .debug_info    0x00000055      0xd57 obj/default/count_binary.o
 .debug_info    0x00000dac      0x21c c:/altera/13.0sp1/nios2eds/bin/gnu/h-i686-mingw32/bin/../lib/gcc/nios2-elf/4.1.2/mno-hw-mul\libgcc.a(lib2-divmod.o)
 .debug_info    0x00000fc8      0x6c8 c:/altera/13.0sp1/nios2eds/bin/gnu/h-i686-mingw32/bin/../lib/gcc/nios2-elf/4.1.2/../../../../nios2-elf/lib/mno-hw-mul\libsmallc.a(lib_a-printf.o)
 .debug_info    0x00001690      0x66b c:/altera/13.0sp1/nios2eds/bin/gnu/h-i686-mingw32/bin/../lib/gcc/nios2-elf/4.1.2/../../../../nios2-elf/lib/mno-hw-mul\libsmallc.a(lib_a-putchar.o)
 .debug_info    0x00001cfb      0x685 c:/altera/13.0sp1/nios2eds/bin/gnu/h-i686-mingw32/bin/../lib/gcc/nios2-elf/4.1.2/../../../../nios2-elf/lib/mno-hw-mul\libsmallc.a(lib_a-puts.o)
 .debug_info    0x00002380       0xc2 c:/altera/13.0sp1/nios2eds/bin/gnu/h-i686-mingw32/bin/../lib/gcc/nios2-elf/4.1.2/../../../../nios2-elf/lib/mno-hw-mul\libsmallc.a(lib_a-strlen.o)
 .debug_info    0x00002442      0x9b6 c:/altera/13.0sp1/nios2eds/bin/gnu/h-i686-mingw32/bin/../lib/gcc/nios2-elf/4.1.2/../../../../nios2-elf/lib/mno-hw-mul\libsmallc.a(lib_a-vfprintf.o)
 .debug_info    0x00002df8      0x68e c:/altera/13.0sp1/nios2eds/bin/gnu/h-i686-mingw32/bin/../lib/gcc/nios2-elf/4.1.2/../../../../nios2-elf/lib/mno-hw-mul\libsmallc.a(lib_a-fvwrite_small_dev.o)
 .debug_info    0x00003486      0x636 c:/altera/13.0sp1/nios2eds/bin/gnu/h-i686-mingw32/bin/../lib/gcc/nios2-elf/4.1.2/../../../../nios2-elf/lib/mno-hw-mul\libsmallc.a(lib_a-impure.o)
 .debug_info    0x00003abc      0x6b8 c:/altera/13.0sp1/nios2eds/bin/gnu/h-i686-mingw32/bin/../lib/gcc/nios2-elf/4.1.2/../../../../nios2-elf/lib/mno-hw-mul\libsmallc.a(lib_a-putc.o)
 .debug_info    0x00004174      0x68c c:/altera/13.0sp1/nios2eds/bin/gnu/h-i686-mingw32/bin/../lib/gcc/nios2-elf/4.1.2/../../../../nios2-elf/lib/mno-hw-mul\libsmallc.a(lib_a-writer.o)
 .debug_info    0x00004800       0x8c c:/altera/13.0sp1/nios2eds/bin/gnu/h-i686-mingw32/bin/../lib/gcc/nios2-elf/4.1.2/../../../../nios2-elf/lib/mno-hw-mul\libsmallc.a(lib_a-int_errno.o)
 .debug_info    0x0000488c       0xf3 c:/altera/13.0sp1/nios2eds/bin/gnu/h-i686-mingw32/bin/../lib/gcc/nios2-elf/4.1.2/mno-hw-mul\libgcc.a(lib2-mul.o)
 .debug_info    0x0000497f      0x267 ../binary_count_bsp/\libhal_bsp.a(alt_load.o)
 .debug_info    0x00004be6      0x1ff ../binary_count_bsp/\libhal_bsp.a(alt_main.o)
 .debug_info    0x00004de5      0x142 ../binary_count_bsp/\libhal_bsp.a(alt_usleep.o)
 .debug_info    0x00004f27      0x66d ../binary_count_bsp/\libhal_bsp.a(alt_write.o)
 .debug_info    0x00005594      0x59b ../binary_count_bsp/\libhal_bsp.a(alt_sys_init.o)
 .debug_info    0x00005b2f      0x593 ../binary_count_bsp/\libhal_bsp.a(altera_avalon_jtag_uart_fd.o)
 .debug_info    0x000060c2      0x2e3 ../binary_count_bsp/\libhal_bsp.a(altera_avalon_jtag_uart_read.o)
 .debug_info    0x000063a5      0x2c0 ../binary_count_bsp/\libhal_bsp.a(altera_avalon_jtag_uart_write.o)
 .debug_info    0x00006665      0x365 ../binary_count_bsp/\libhal_bsp.a(altera_avalon_timer_sc.o)
 .debug_info    0x000069ca      0x185 ../binary_count_bsp/\libhal_bsp.a(alt_busy_sleep.o)
 .debug_info    0x00006b4f      0x441 ../binary_count_bsp/\libhal_bsp.a(alt_close.o)
 .debug_info    0x00006f90      0x136 ../binary_count_bsp/\libhal_bsp.a(alt_dcache_flush_all.o)
 .debug_info    0x000070c6      0x659 ../binary_count_bsp/\libhal_bsp.a(alt_dev.o)
 .debug_info    0x0000771f      0x291 ../binary_count_bsp/\libhal_bsp.a(alt_dev_llist_insert.o)
 .debug_info    0x000079b0      0x13e ../binary_count_bsp/\libhal_bsp.a(alt_errno.o)
 .debug_info    0x00007aee      0x136 ../binary_count_bsp/\libhal_bsp.a(alt_icache_flush_all.o)
 .debug_info    0x00007c24      0x46d ../binary_count_bsp/\libhal_bsp.a(alt_iic.o)
 .debug_info    0x00008091      0x2ee ../binary_count_bsp/\libhal_bsp.a(alt_iic_isr_register.o)
 .debug_info    0x0000837f      0x66f ../binary_count_bsp/\libhal_bsp.a(alt_io_redirect.o)
 .debug_info    0x000089ee       0x5e ../binary_count_bsp/\libhal_bsp.a(alt_irq_entry.o)
 .debug_info    0x00008a4c      0x24f ../binary_count_bsp/\libhal_bsp.a(alt_irq_handler.o)
 .debug_info    0x00008c9b      0x141 ../binary_count_bsp/\libhal_bsp.a(alt_irq_vars.o)
 .debug_info    0x00008ddc      0x4ff ../binary_count_bsp/\libhal_bsp.a(alt_open.o)
 .debug_info    0x000092db      0x3cc ../binary_count_bsp/\libhal_bsp.a(alt_release_fd.o)
 .debug_info    0x000096a7      0x3d8 ../binary_count_bsp/\libhal_bsp.a(alt_tick.o)
 .debug_info    0x00009a7f      0x13d ../binary_count_bsp/\libhal_bsp.a(altera_nios2_qsys_irq.o)
 .debug_info    0x00009bbc       0x64 ../binary_count_bsp/\libhal_bsp.a(alt_exception_entry.o)
 .debug_info    0x00009c20      0x3f2 ../binary_count_bsp/\libhal_bsp.a(alt_find_dev.o)
 .debug_info    0x0000a012      0x3f9 ../binary_count_bsp/\libhal_bsp.a(alt_find_file.o)
 .debug_info    0x0000a40b      0x43a ../binary_count_bsp/\libhal_bsp.a(alt_get_fd.o)
 .debug_info    0x0000a845      0x17e ../binary_count_bsp/\libhal_bsp.a(alt_icache_flush.o)
 .debug_info    0x0000a9c3       0x9f c:/altera/13.0sp1/nios2eds/bin/gnu/h-i686-mingw32/bin/../lib/gcc/nios2-elf/4.1.2/../../../../nios2-elf/lib/mno-hw-mul\libsmallc.a(lib_a-exit.o)
 .debug_info    0x0000aa62       0xef c:/altera/13.0sp1/nios2eds/bin/gnu/h-i686-mingw32/bin/../lib/gcc/nios2-elf/4.1.2/../../../../nios2-elf/lib/mno-hw-mul\libsmallc.a(lib_a-memcmp.o)
 .debug_info    0x0000ab51      0x6d5 c:/altera/13.0sp1/nios2eds/bin/gnu/h-i686-mingw32/bin/../lib/gcc/nios2-elf/4.1.2/../../../../nios2-elf/lib/mno-hw-mul\libsmallc.a(lib_a-__call_atexit.o)
 .debug_info    0x0000b226      0x167 ../binary_count_bsp/\libhal_bsp.a(alt_exit.o)

.debug_abbrev   0x00000000     0x29b1
 *(.debug_abbrev)
 .debug_abbrev  0x00000000       0x12 ../binary_count_bsp//obj/HAL/src/crt0.o
 .debug_abbrev  0x00000012      0x1ca obj/default/count_binary.o
 .debug_abbrev  0x000001dc       0xe0 c:/altera/13.0sp1/nios2eds/bin/gnu/h-i686-mingw32/bin/../lib/gcc/nios2-elf/4.1.2/mno-hw-mul\libgcc.a(lib2-divmod.o)
 .debug_abbrev  0x000002bc      0x179 c:/altera/13.0sp1/nios2eds/bin/gnu/h-i686-mingw32/bin/../lib/gcc/nios2-elf/4.1.2/../../../../nios2-elf/lib/mno-hw-mul\libsmallc.a(lib_a-printf.o)
 .debug_abbrev  0x00000435      0x158 c:/altera/13.0sp1/nios2eds/bin/gnu/h-i686-mingw32/bin/../lib/gcc/nios2-elf/4.1.2/../../../../nios2-elf/lib/mno-hw-mul\libsmallc.a(lib_a-putchar.o)
 .debug_abbrev  0x0000058d      0x180 c:/altera/13.0sp1/nios2eds/bin/gnu/h-i686-mingw32/bin/../lib/gcc/nios2-elf/4.1.2/../../../../nios2-elf/lib/mno-hw-mul\libsmallc.a(lib_a-puts.o)
 .debug_abbrev  0x0000070d       0x7a c:/altera/13.0sp1/nios2eds/bin/gnu/h-i686-mingw32/bin/../lib/gcc/nios2-elf/4.1.2/../../../../nios2-elf/lib/mno-hw-mul\libsmallc.a(lib_a-strlen.o)
 .debug_abbrev  0x00000787      0x263 c:/altera/13.0sp1/nios2eds/bin/gnu/h-i686-mingw32/bin/../lib/gcc/nios2-elf/4.1.2/../../../../nios2-elf/lib/mno-hw-mul\libsmallc.a(lib_a-vfprintf.o)
 .debug_abbrev  0x000009ea      0x179 c:/altera/13.0sp1/nios2eds/bin/gnu/h-i686-mingw32/bin/../lib/gcc/nios2-elf/4.1.2/../../../../nios2-elf/lib/mno-hw-mul\libsmallc.a(lib_a-fvwrite_small_dev.o)
 .debug_abbrev  0x00000b63      0x13f c:/altera/13.0sp1/nios2eds/bin/gnu/h-i686-mingw32/bin/../lib/gcc/nios2-elf/4.1.2/../../../../nios2-elf/lib/mno-hw-mul\libsmallc.a(lib_a-impure.o)
 .debug_abbrev  0x00000ca2      0x167 c:/altera/13.0sp1/nios2eds/bin/gnu/h-i686-mingw32/bin/../lib/gcc/nios2-elf/4.1.2/../../../../nios2-elf/lib/mno-hw-mul\libsmallc.a(lib_a-putc.o)
 .debug_abbrev  0x00000e09      0x16c c:/altera/13.0sp1/nios2eds/bin/gnu/h-i686-mingw32/bin/../lib/gcc/nios2-elf/4.1.2/../../../../nios2-elf/lib/mno-hw-mul\libsmallc.a(lib_a-writer.o)
 .debug_abbrev  0x00000f75       0x3b c:/altera/13.0sp1/nios2eds/bin/gnu/h-i686-mingw32/bin/../lib/gcc/nios2-elf/4.1.2/../../../../nios2-elf/lib/mno-hw-mul\libsmallc.a(lib_a-int_errno.o)
 .debug_abbrev  0x00000fb0       0x7b c:/altera/13.0sp1/nios2eds/bin/gnu/h-i686-mingw32/bin/../lib/gcc/nios2-elf/4.1.2/mno-hw-mul\libgcc.a(lib2-mul.o)
 .debug_abbrev  0x0000102b       0x88 ../binary_count_bsp/\libhal_bsp.a(alt_load.o)
 .debug_abbrev  0x000010b3       0xb7 ../binary_count_bsp/\libhal_bsp.a(alt_main.o)
 .debug_abbrev  0x0000116a       0x5d ../binary_count_bsp/\libhal_bsp.a(alt_usleep.o)
 .debug_abbrev  0x000011c7      0x100 ../binary_count_bsp/\libhal_bsp.a(alt_write.o)
 .debug_abbrev  0x000012c7      0x121 ../binary_count_bsp/\libhal_bsp.a(alt_sys_init.o)
 .debug_abbrev  0x000013e8       0xcb ../binary_count_bsp/\libhal_bsp.a(altera_avalon_jtag_uart_fd.o)
 .debug_abbrev  0x000014b3       0xb6 ../binary_count_bsp/\libhal_bsp.a(altera_avalon_jtag_uart_read.o)
 .debug_abbrev  0x00001569       0xb4 ../binary_count_bsp/\libhal_bsp.a(altera_avalon_jtag_uart_write.o)
 .debug_abbrev  0x0000161d      0x137 ../binary_count_bsp/\libhal_bsp.a(altera_avalon_timer_sc.o)
 .debug_abbrev  0x00001754       0x6c ../binary_count_bsp/\libhal_bsp.a(alt_busy_sleep.o)
 .debug_abbrev  0x000017c0       0xfb ../binary_count_bsp/\libhal_bsp.a(alt_close.o)
 .debug_abbrev  0x000018bb       0x3f ../binary_count_bsp/\libhal_bsp.a(alt_dcache_flush_all.o)
 .debug_abbrev  0x000018fa       0xc7 ../binary_count_bsp/\libhal_bsp.a(alt_dev.o)
 .debug_abbrev  0x000019c1       0xf6 ../binary_count_bsp/\libhal_bsp.a(alt_dev_llist_insert.o)
 .debug_abbrev  0x00001ab7       0x5e ../binary_count_bsp/\libhal_bsp.a(alt_errno.o)
 .debug_abbrev  0x00001b15       0x3f ../binary_count_bsp/\libhal_bsp.a(alt_icache_flush_all.o)
 .debug_abbrev  0x00001b54      0x134 ../binary_count_bsp/\libhal_bsp.a(alt_iic.o)
 .debug_abbrev  0x00001c88      0x14e ../binary_count_bsp/\libhal_bsp.a(alt_iic_isr_register.o)
 .debug_abbrev  0x00001dd6       0xf0 ../binary_count_bsp/\libhal_bsp.a(alt_io_redirect.o)
 .debug_abbrev  0x00001ec6       0x12 ../binary_count_bsp/\libhal_bsp.a(alt_irq_entry.o)
 .debug_abbrev  0x00001ed8      0x10c ../binary_count_bsp/\libhal_bsp.a(alt_irq_handler.o)
 .debug_abbrev  0x00001fe4       0x44 ../binary_count_bsp/\libhal_bsp.a(alt_irq_vars.o)
 .debug_abbrev  0x00002028      0x112 ../binary_count_bsp/\libhal_bsp.a(alt_open.o)
 .debug_abbrev  0x0000213a       0xc1 ../binary_count_bsp/\libhal_bsp.a(alt_release_fd.o)
 .debug_abbrev  0x000021fb      0x150 ../binary_count_bsp/\libhal_bsp.a(alt_tick.o)
 .debug_abbrev  0x0000234b       0x3f ../binary_count_bsp/\libhal_bsp.a(altera_nios2_qsys_irq.o)
 .debug_abbrev  0x0000238a       0x12 ../binary_count_bsp/\libhal_bsp.a(alt_exception_entry.o)
 .debug_abbrev  0x0000239c       0xcf ../binary_count_bsp/\libhal_bsp.a(alt_find_dev.o)
 .debug_abbrev  0x0000246b       0xcf ../binary_count_bsp/\libhal_bsp.a(alt_find_file.o)
 .debug_abbrev  0x0000253a       0xfb ../binary_count_bsp/\libhal_bsp.a(alt_get_fd.o)
 .debug_abbrev  0x00002635       0x7a ../binary_count_bsp/\libhal_bsp.a(alt_icache_flush.o)
 .debug_abbrev  0x000026af       0x4e c:/altera/13.0sp1/nios2eds/bin/gnu/h-i686-mingw32/bin/../lib/gcc/nios2-elf/4.1.2/../../../../nios2-elf/lib/mno-hw-mul\libsmallc.a(lib_a-exit.o)
 .debug_abbrev  0x000026fd       0x7c c:/altera/13.0sp1/nios2eds/bin/gnu/h-i686-mingw32/bin/../lib/gcc/nios2-elf/4.1.2/../../../../nios2-elf/lib/mno-hw-mul\libsmallc.a(lib_a-memcmp.o)
 .debug_abbrev  0x00002779      0x1c6 c:/altera/13.0sp1/nios2eds/bin/gnu/h-i686-mingw32/bin/../lib/gcc/nios2-elf/4.1.2/../../../../nios2-elf/lib/mno-hw-mul\libsmallc.a(lib_a-__call_atexit.o)
 .debug_abbrev  0x0000293f       0x72 ../binary_count_bsp/\libhal_bsp.a(alt_exit.o)

.debug_line     0x00000000     0x725f
 *(.debug_line)
 .debug_line    0x00000000       0x6c ../binary_count_bsp//obj/HAL/src/crt0.o
 .debug_line    0x0000006c      0x445 obj/default/count_binary.o
 .debug_line    0x000004b1      0x24f c:/altera/13.0sp1/nios2eds/bin/gnu/h-i686-mingw32/bin/../lib/gcc/nios2-elf/4.1.2/mno-hw-mul\libgcc.a(lib2-divmod.o)
 .debug_line    0x00000700      0x2be c:/altera/13.0sp1/nios2eds/bin/gnu/h-i686-mingw32/bin/../lib/gcc/nios2-elf/4.1.2/../../../../nios2-elf/lib/mno-hw-mul\libsmallc.a(lib_a-printf.o)
 .debug_line    0x000009be      0x267 c:/altera/13.0sp1/nios2eds/bin/gnu/h-i686-mingw32/bin/../lib/gcc/nios2-elf/4.1.2/../../../../nios2-elf/lib/mno-hw-mul\libsmallc.a(lib_a-putchar.o)
 .debug_line    0x00000c25      0x2b2 c:/altera/13.0sp1/nios2eds/bin/gnu/h-i686-mingw32/bin/../lib/gcc/nios2-elf/4.1.2/../../../../nios2-elf/lib/mno-hw-mul\libsmallc.a(lib_a-puts.o)
 .debug_line    0x00000ed7      0x250 c:/altera/13.0sp1/nios2eds/bin/gnu/h-i686-mingw32/bin/../lib/gcc/nios2-elf/4.1.2/../../../../nios2-elf/lib/mno-hw-mul\libsmallc.a(lib_a-strlen.o)
 .debug_line    0x00001127      0x666 c:/altera/13.0sp1/nios2eds/bin/gnu/h-i686-mingw32/bin/../lib/gcc/nios2-elf/4.1.2/../../../../nios2-elf/lib/mno-hw-mul\libsmallc.a(lib_a-vfprintf.o)
 .debug_line    0x0000178d      0x2a9 c:/altera/13.0sp1/nios2eds/bin/gnu/h-i686-mingw32/bin/../lib/gcc/nios2-elf/4.1.2/../../../../nios2-elf/lib/mno-hw-mul\libsmallc.a(lib_a-fvwrite_small_dev.o)
 .debug_line    0x00001a36      0x230 c:/altera/13.0sp1/nios2eds/bin/gnu/h-i686-mingw32/bin/../lib/gcc/nios2-elf/4.1.2/../../../../nios2-elf/lib/mno-hw-mul\libsmallc.a(lib_a-impure.o)
 .debug_line    0x00001c66      0x2d2 c:/altera/13.0sp1/nios2eds/bin/gnu/h-i686-mingw32/bin/../lib/gcc/nios2-elf/4.1.2/../../../../nios2-elf/lib/mno-hw-mul\libsmallc.a(lib_a-putc.o)
 .debug_line    0x00001f38      0x29d c:/altera/13.0sp1/nios2eds/bin/gnu/h-i686-mingw32/bin/../lib/gcc/nios2-elf/4.1.2/../../../../nios2-elf/lib/mno-hw-mul\libsmallc.a(lib_a-writer.o)
 .debug_line    0x000021d5      0x1e2 c:/altera/13.0sp1/nios2eds/bin/gnu/h-i686-mingw32/bin/../lib/gcc/nios2-elf/4.1.2/../../../../nios2-elf/lib/mno-hw-mul\libsmallc.a(lib_a-int_errno.o)
 .debug_line    0x000023b7      0x11a c:/altera/13.0sp1/nios2eds/bin/gnu/h-i686-mingw32/bin/../lib/gcc/nios2-elf/4.1.2/mno-hw-mul\libgcc.a(lib2-mul.o)
 .debug_line    0x000024d1      0x217 ../binary_count_bsp/\libhal_bsp.a(alt_load.o)
 .debug_line    0x000026e8      0x2ba ../binary_count_bsp/\libhal_bsp.a(alt_main.o)
 .debug_line    0x000029a2      0x202 ../binary_count_bsp/\libhal_bsp.a(alt_usleep.o)
 .debug_line    0x00002ba4      0x2c9 ../binary_count_bsp/\libhal_bsp.a(alt_write.o)
 .debug_line    0x00002e6d      0x2c7 ../binary_count_bsp/\libhal_bsp.a(alt_sys_init.o)
 .debug_line    0x00003134      0x1d7 ../binary_count_bsp/\libhal_bsp.a(altera_avalon_jtag_uart_fd.o)
 .debug_line    0x0000330b      0x343 ../binary_count_bsp/\libhal_bsp.a(altera_avalon_jtag_uart_read.o)
 .debug_line    0x0000364e      0x304 ../binary_count_bsp/\libhal_bsp.a(altera_avalon_jtag_uart_write.o)
 .debug_line    0x00003952      0x2b3 ../binary_count_bsp/\libhal_bsp.a(altera_avalon_timer_sc.o)
 .debug_line    0x00003c05      0x25c ../binary_count_bsp/\libhal_bsp.a(alt_busy_sleep.o)
 .debug_line    0x00003e61      0x299 ../binary_count_bsp/\libhal_bsp.a(alt_close.o)
 .debug_line    0x000040fa      0x1b5 ../binary_count_bsp/\libhal_bsp.a(alt_dcache_flush_all.o)
 .debug_line    0x000042af      0x254 ../binary_count_bsp/\libhal_bsp.a(alt_dev.o)
 .debug_line    0x00004503      0x25a ../binary_count_bsp/\libhal_bsp.a(alt_dev_llist_insert.o)
 .debug_line    0x0000475d      0x1aa ../binary_count_bsp/\libhal_bsp.a(alt_errno.o)
 .debug_line    0x00004907      0x1bd ../binary_count_bsp/\libhal_bsp.a(alt_icache_flush_all.o)
 .debug_line    0x00004ac4      0x2c8 ../binary_count_bsp/\libhal_bsp.a(alt_iic.o)
 .debug_line    0x00004d8c      0x249 ../binary_count_bsp/\libhal_bsp.a(alt_iic_isr_register.o)
 .debug_line    0x00004fd5      0x2b4 ../binary_count_bsp/\libhal_bsp.a(alt_io_redirect.o)
 .debug_line    0x00005289       0x6b ../binary_count_bsp/\libhal_bsp.a(alt_irq_entry.o)
 .debug_line    0x000052f4      0x248 ../binary_count_bsp/\libhal_bsp.a(alt_irq_handler.o)
 .debug_line    0x0000553c       0x72 ../binary_count_bsp/\libhal_bsp.a(alt_irq_vars.o)
 .debug_line    0x000055ae      0x2ff ../binary_count_bsp/\libhal_bsp.a(alt_open.o)
 .debug_line    0x000058ad       0xed ../binary_count_bsp/\libhal_bsp.a(alt_release_fd.o)
 .debug_line    0x0000599a      0x2dc ../binary_count_bsp/\libhal_bsp.a(alt_tick.o)
 .debug_line    0x00005c76      0x1ce ../binary_count_bsp/\libhal_bsp.a(altera_nios2_qsys_irq.o)
 .debug_line    0x00005e44       0xab ../binary_count_bsp/\libhal_bsp.a(alt_exception_entry.o)
 .debug_line    0x00005eef      0x26b ../binary_count_bsp/\libhal_bsp.a(alt_find_dev.o)
 .debug_line    0x0000615a      0x27c ../binary_count_bsp/\libhal_bsp.a(alt_find_file.o)
 .debug_line    0x000063d6      0x297 ../binary_count_bsp/\libhal_bsp.a(alt_get_fd.o)
 .debug_line    0x0000666d      0x1f9 ../binary_count_bsp/\libhal_bsp.a(alt_icache_flush.o)
 .debug_line    0x00006866      0x223 c:/altera/13.0sp1/nios2eds/bin/gnu/h-i686-mingw32/bin/../lib/gcc/nios2-elf/4.1.2/../../../../nios2-elf/lib/mno-hw-mul\libsmallc.a(lib_a-exit.o)
 .debug_line    0x00006a89      0x270 c:/altera/13.0sp1/nios2eds/bin/gnu/h-i686-mingw32/bin/../lib/gcc/nios2-elf/4.1.2/../../../../nios2-elf/lib/mno-hw-mul\libsmallc.a(lib_a-memcmp.o)
 .debug_line    0x00006cf9      0x360 c:/altera/13.0sp1/nios2eds/bin/gnu/h-i686-mingw32/bin/../lib/gcc/nios2-elf/4.1.2/../../../../nios2-elf/lib/mno-hw-mul\libsmallc.a(lib_a-__call_atexit.o)
 .debug_line    0x00007059      0x206 ../binary_count_bsp/\libhal_bsp.a(alt_exit.o)

.debug_frame    0x00000000      0xa8c
 *(.debug_frame)
 .debug_frame   0x00000000       0xf0 obj/default/count_binary.o
 .debug_frame   0x000000f0       0x70 c:/altera/13.0sp1/nios2eds/bin/gnu/h-i686-mingw32/bin/../lib/gcc/nios2-elf/4.1.2/mno-hw-mul\libgcc.a(lib2-divmod.o)
 .debug_frame   0x00000160       0x40 c:/altera/13.0sp1/nios2eds/bin/gnu/h-i686-mingw32/bin/../lib/gcc/nios2-elf/4.1.2/../../../../nios2-elf/lib/mno-hw-mul\libsmallc.a(lib_a-printf.o)
 .debug_frame   0x000001a0       0x30 c:/altera/13.0sp1/nios2eds/bin/gnu/h-i686-mingw32/bin/../lib/gcc/nios2-elf/4.1.2/../../../../nios2-elf/lib/mno-hw-mul\libsmallc.a(lib_a-putchar.o)
 .debug_frame   0x000001d0       0x3c c:/altera/13.0sp1/nios2eds/bin/gnu/h-i686-mingw32/bin/../lib/gcc/nios2-elf/4.1.2/../../../../nios2-elf/lib/mno-hw-mul\libsmallc.a(lib_a-puts.o)
 .debug_frame   0x0000020c       0x20 c:/altera/13.0sp1/nios2eds/bin/gnu/h-i686-mingw32/bin/../lib/gcc/nios2-elf/4.1.2/../../../../nios2-elf/lib/mno-hw-mul\libsmallc.a(lib_a-strlen.o)
 .debug_frame   0x0000022c       0x64 c:/altera/13.0sp1/nios2eds/bin/gnu/h-i686-mingw32/bin/../lib/gcc/nios2-elf/4.1.2/../../../../nios2-elf/lib/mno-hw-mul\libsmallc.a(lib_a-vfprintf.o)
 .debug_frame   0x00000290       0x30 c:/altera/13.0sp1/nios2eds/bin/gnu/h-i686-mingw32/bin/../lib/gcc/nios2-elf/4.1.2/../../../../nios2-elf/lib/mno-hw-mul\libsmallc.a(lib_a-fvwrite_small_dev.o)
 .debug_frame   0x000002c0       0x48 c:/altera/13.0sp1/nios2eds/bin/gnu/h-i686-mingw32/bin/../lib/gcc/nios2-elf/4.1.2/../../../../nios2-elf/lib/mno-hw-mul\libsmallc.a(lib_a-putc.o)
 .debug_frame   0x00000308       0x2c c:/altera/13.0sp1/nios2eds/bin/gnu/h-i686-mingw32/bin/../lib/gcc/nios2-elf/4.1.2/../../../../nios2-elf/lib/mno-hw-mul\libsmallc.a(lib_a-writer.o)
 .debug_frame   0x00000334       0x20 c:/altera/13.0sp1/nios2eds/bin/gnu/h-i686-mingw32/bin/../lib/gcc/nios2-elf/4.1.2/mno-hw-mul\libgcc.a(lib2-mul.o)
 .debug_frame   0x00000354       0x48 ../binary_count_bsp/\libhal_bsp.a(alt_load.o)
 .debug_frame   0x0000039c       0x2c ../binary_count_bsp/\libhal_bsp.a(alt_main.o)
 .debug_frame   0x000003c8       0x2c ../binary_count_bsp/\libhal_bsp.a(alt_usleep.o)
 .debug_frame   0x000003f4       0x48 ../binary_count_bsp/\libhal_bsp.a(alt_write.o)
 .debug_frame   0x0000043c       0x64 ../binary_count_bsp/\libhal_bsp.a(alt_sys_init.o)
 .debug_frame   0x000004a0       0x48 ../binary_count_bsp/\libhal_bsp.a(altera_avalon_jtag_uart_fd.o)
 .debug_frame   0x000004e8       0x2c ../binary_count_bsp/\libhal_bsp.a(altera_avalon_jtag_uart_read.o)
 .debug_frame   0x00000514       0x2c ../binary_count_bsp/\libhal_bsp.a(altera_avalon_jtag_uart_write.o)
 .debug_frame   0x00000540       0x48 ../binary_count_bsp/\libhal_bsp.a(altera_avalon_timer_sc.o)
 .debug_frame   0x00000588       0x2c ../binary_count_bsp/\libhal_bsp.a(alt_busy_sleep.o)
 .debug_frame   0x000005b4       0x48 ../binary_count_bsp/\libhal_bsp.a(alt_close.o)
 .debug_frame   0x000005fc       0x2c ../binary_count_bsp/\libhal_bsp.a(alt_dcache_flush_all.o)
 .debug_frame   0x00000628       0x2c ../binary_count_bsp/\libhal_bsp.a(alt_dev.o)
 .debug_frame   0x00000654       0x48 ../binary_count_bsp/\libhal_bsp.a(alt_dev_llist_insert.o)
 .debug_frame   0x0000069c       0x2c ../binary_count_bsp/\libhal_bsp.a(alt_icache_flush_all.o)
 .debug_frame   0x000006c8       0x80 ../binary_count_bsp/\libhal_bsp.a(alt_iic.o)
 .debug_frame   0x00000748       0x2c ../binary_count_bsp/\libhal_bsp.a(alt_iic_isr_register.o)
 .debug_frame   0x00000774       0x4c ../binary_count_bsp/\libhal_bsp.a(alt_io_redirect.o)
 .debug_frame   0x000007c0       0x2c ../binary_count_bsp/\libhal_bsp.a(alt_irq_handler.o)
 .debug_frame   0x000007ec       0x68 ../binary_count_bsp/\libhal_bsp.a(alt_open.o)
 .debug_frame   0x00000854       0x30 ../binary_count_bsp/\libhal_bsp.a(alt_release_fd.o)
 .debug_frame   0x00000884       0x48 ../binary_count_bsp/\libhal_bsp.a(alt_tick.o)
 .debug_frame   0x000008cc       0x2c ../binary_count_bsp/\libhal_bsp.a(altera_nios2_qsys_irq.o)
 .debug_frame   0x000008f8       0x2c ../binary_count_bsp/\libhal_bsp.a(alt_find_dev.o)
 .debug_frame   0x00000924       0x2c ../binary_count_bsp/\libhal_bsp.a(alt_find_file.o)
 .debug_frame   0x00000950       0x30 ../binary_count_bsp/\libhal_bsp.a(alt_get_fd.o)
 .debug_frame   0x00000980       0x2c ../binary_count_bsp/\libhal_bsp.a(alt_icache_flush.o)
 .debug_frame   0x000009ac       0x2c c:/altera/13.0sp1/nios2eds/bin/gnu/h-i686-mingw32/bin/../lib/gcc/nios2-elf/4.1.2/../../../../nios2-elf/lib/mno-hw-mul\libsmallc.a(lib_a-exit.o)
 .debug_frame   0x000009d8       0x20 c:/altera/13.0sp1/nios2eds/bin/gnu/h-i686-mingw32/bin/../lib/gcc/nios2-elf/4.1.2/../../../../nios2-elf/lib/mno-hw-mul\libsmallc.a(lib_a-memcmp.o)
 .debug_frame   0x000009f8       0x4c c:/altera/13.0sp1/nios2eds/bin/gnu/h-i686-mingw32/bin/../lib/gcc/nios2-elf/4.1.2/../../../../nios2-elf/lib/mno-hw-mul\libsmallc.a(lib_a-__call_atexit.o)
 .debug_frame   0x00000a44       0x48 ../binary_count_bsp/\libhal_bsp.a(alt_exit.o)

.debug_str      0x00000000      0xe38
 *(.debug_str)
 .debug_str     0x00000000       0x20 obj/default/count_binary.o
 .debug_str     0x00000020      0x167 c:/altera/13.0sp1/nios2eds/bin/gnu/h-i686-mingw32/bin/../lib/gcc/nios2-elf/4.1.2/mno-hw-mul\libgcc.a(lib2-divmod.o)
                                0x1b4 (size before relaxing)
 .debug_str     0x00000187      0x3aa c:/altera/13.0sp1/nios2eds/bin/gnu/h-i686-mingw32/bin/../lib/gcc/nios2-elf/4.1.2/../../../../nios2-elf/lib/mno-hw-mul\libsmallc.a(lib_a-printf.o)
                                0x466 (size before relaxing)
 .debug_str     0x00000531       0x51 c:/altera/13.0sp1/nios2eds/bin/gnu/h-i686-mingw32/bin/../lib/gcc/nios2-elf/4.1.2/../../../../nios2-elf/lib/mno-hw-mul\libsmallc.a(lib_a-putchar.o)
                                0x452 (size before relaxing)
 .debug_str     0x00000582       0x48 c:/altera/13.0sp1/nios2eds/bin/gnu/h-i686-mingw32/bin/../lib/gcc/nios2-elf/4.1.2/../../../../nios2-elf/lib/mno-hw-mul\libsmallc.a(lib_a-puts.o)
                                0x450 (size before relaxing)
 .debug_str     0x000005ca       0xe2 c:/altera/13.0sp1/nios2eds/bin/gnu/h-i686-mingw32/bin/../lib/gcc/nios2-elf/4.1.2/../../../../nios2-elf/lib/mno-hw-mul\libsmallc.a(lib_a-strlen.o)
                                0x184 (size before relaxing)
 .debug_str     0x000006ac      0x168 c:/altera/13.0sp1/nios2eds/bin/gnu/h-i686-mingw32/bin/../lib/gcc/nios2-elf/4.1.2/../../../../nios2-elf/lib/mno-hw-mul\libsmallc.a(lib_a-vfprintf.o)
                                0x5af (size before relaxing)
 .debug_str     0x00000814       0x70 c:/altera/13.0sp1/nios2eds/bin/gnu/h-i686-mingw32/bin/../lib/gcc/nios2-elf/4.1.2/../../../../nios2-elf/lib/mno-hw-mul\libsmallc.a(lib_a-fvwrite_small_dev.o)
                                0x46a (size before relaxing)
 .debug_str     0x00000884       0xf8 c:/altera/13.0sp1/nios2eds/bin/gnu/h-i686-mingw32/bin/../lib/gcc/nios2-elf/4.1.2/../../../../nios2-elf/lib/mno-hw-mul\libsmallc.a(lib_a-impure.o)
                                0x45d (size before relaxing)
 .debug_str     0x0000097c       0x4f c:/altera/13.0sp1/nios2eds/bin/gnu/h-i686-mingw32/bin/../lib/gcc/nios2-elf/4.1.2/../../../../nios2-elf/lib/mno-hw-mul\libsmallc.a(lib_a-putc.o)
                                0x455 (size before relaxing)
 .debug_str     0x000009cb       0x4f c:/altera/13.0sp1/nios2eds/bin/gnu/h-i686-mingw32/bin/../lib/gcc/nios2-elf/4.1.2/../../../../nios2-elf/lib/mno-hw-mul\libsmallc.a(lib_a-writer.o)
                                0x451 (size before relaxing)
 .debug_str     0x00000a1a       0x40 c:/altera/13.0sp1/nios2eds/bin/gnu/h-i686-mingw32/bin/../lib/gcc/nios2-elf/4.1.2/../../../../nios2-elf/lib/mno-hw-mul\libsmallc.a(lib_a-int_errno.o)
                                0x177 (size before relaxing)
 .debug_str     0x00000a5a       0x37 c:/altera/13.0sp1/nios2eds/bin/gnu/h-i686-mingw32/bin/../lib/gcc/nios2-elf/4.1.2/mno-hw-mul\libgcc.a(lib2-mul.o)
                                0x175 (size before relaxing)
 .debug_str     0x00000a91       0x12 ../binary_count_bsp/\libhal_bsp.a(alt_load.o)
 .debug_str     0x00000aa3       0x12 ../binary_count_bsp/\libhal_bsp.a(alt_main.o)
 .debug_str     0x00000ab5       0x12 ../binary_count_bsp/\libhal_bsp.a(alt_usleep.o)
 .debug_str     0x00000ac7       0x12 ../binary_count_bsp/\libhal_bsp.a(alt_write.o)
 .debug_str     0x00000ad9       0x12 ../binary_count_bsp/\libhal_bsp.a(alt_sys_init.o)
 .debug_str     0x00000aeb       0x12 ../binary_count_bsp/\libhal_bsp.a(altera_avalon_jtag_uart_read.o)
 .debug_str     0x00000afd       0x12 ../binary_count_bsp/\libhal_bsp.a(altera_avalon_jtag_uart_write.o)
 .debug_str     0x00000b0f       0x12 ../binary_count_bsp/\libhal_bsp.a(altera_avalon_timer_sc.o)
 .debug_str     0x00000b21       0x12 ../binary_count_bsp/\libhal_bsp.a(alt_busy_sleep.o)
 .debug_str     0x00000b33       0x12 ../binary_count_bsp/\libhal_bsp.a(alt_close.o)
 .debug_str     0x00000b45       0x12 ../binary_count_bsp/\libhal_bsp.a(alt_dcache_flush_all.o)
 .debug_str     0x00000b57       0x12 ../binary_count_bsp/\libhal_bsp.a(alt_dev.o)
 .debug_str     0x00000b69       0x12 ../binary_count_bsp/\libhal_bsp.a(alt_dev_llist_insert.o)
 .debug_str     0x00000b7b       0x12 ../binary_count_bsp/\libhal_bsp.a(alt_errno.o)
 .debug_str     0x00000b8d       0x12 ../binary_count_bsp/\libhal_bsp.a(alt_icache_flush_all.o)
 .debug_str     0x00000b9f       0x18 ../binary_count_bsp/\libhal_bsp.a(alt_iic.o)
 .debug_str     0x00000bb7       0x1a ../binary_count_bsp/\libhal_bsp.a(alt_iic_isr_register.o)
 .debug_str     0x00000bd1       0x12 ../binary_count_bsp/\libhal_bsp.a(alt_io_redirect.o)
 .debug_str     0x00000be3       0x12 ../binary_count_bsp/\libhal_bsp.a(alt_irq_handler.o)
 .debug_str     0x00000bf5       0x12 ../binary_count_bsp/\libhal_bsp.a(alt_open.o)
 .debug_str     0x00000c07       0x1a ../binary_count_bsp/\libhal_bsp.a(alt_tick.o)
 .debug_str     0x00000c21       0x12 ../binary_count_bsp/\libhal_bsp.a(altera_nios2_qsys_irq.o)
 .debug_str     0x00000c33       0x12 ../binary_count_bsp/\libhal_bsp.a(alt_find_dev.o)
 .debug_str     0x00000c45       0x12 ../binary_count_bsp/\libhal_bsp.a(alt_find_file.o)
 .debug_str     0x00000c57       0x12 ../binary_count_bsp/\libhal_bsp.a(alt_get_fd.o)
 .debug_str     0x00000c69       0x12 ../binary_count_bsp/\libhal_bsp.a(alt_icache_flush.o)
 .debug_str     0x00000c7b       0xde c:/altera/13.0sp1/nios2eds/bin/gnu/h-i686-mingw32/bin/../lib/gcc/nios2-elf/4.1.2/../../../../nios2-elf/lib/mno-hw-mul\libsmallc.a(lib_a-exit.o)
                                0x178 (size before relaxing)
 .debug_str     0x00000d59       0x45 c:/altera/13.0sp1/nios2eds/bin/gnu/h-i686-mingw32/bin/../lib/gcc/nios2-elf/4.1.2/../../../../nios2-elf/lib/mno-hw-mul\libsmallc.a(lib_a-memcmp.o)
                                0x17e (size before relaxing)
 .debug_str     0x00000d9e       0x7e c:/altera/13.0sp1/nios2eds/bin/gnu/h-i686-mingw32/bin/../lib/gcc/nios2-elf/4.1.2/../../../../nios2-elf/lib/mno-hw-mul\libsmallc.a(lib_a-__call_atexit.o)
                                0x491 (size before relaxing)
 .debug_str     0x00000e1c       0x1c ../binary_count_bsp/\libhal_bsp.a(alt_exit.o)

.debug_loc      0x00000000     0x1a21
 *(.debug_loc)
 .debug_loc     0x00000000      0x158 obj/default/count_binary.o
 .debug_loc     0x00000158      0x1d2 c:/altera/13.0sp1/nios2eds/bin/gnu/h-i686-mingw32/bin/../lib/gcc/nios2-elf/4.1.2/mno-hw-mul\libgcc.a(lib2-divmod.o)
 .debug_loc     0x0000032a       0x8d c:/altera/13.0sp1/nios2eds/bin/gnu/h-i686-mingw32/bin/../lib/gcc/nios2-elf/4.1.2/../../../../nios2-elf/lib/mno-hw-mul\libsmallc.a(lib_a-printf.o)
 .debug_loc     0x000003b7       0x44 c:/altera/13.0sp1/nios2eds/bin/gnu/h-i686-mingw32/bin/../lib/gcc/nios2-elf/4.1.2/../../../../nios2-elf/lib/mno-hw-mul\libsmallc.a(lib_a-putchar.o)
 .debug_loc     0x000003fb       0xa2 c:/altera/13.0sp1/nios2eds/bin/gnu/h-i686-mingw32/bin/../lib/gcc/nios2-elf/4.1.2/../../../../nios2-elf/lib/mno-hw-mul\libsmallc.a(lib_a-puts.o)
 .debug_loc     0x0000049d       0x1e c:/altera/13.0sp1/nios2eds/bin/gnu/h-i686-mingw32/bin/../lib/gcc/nios2-elf/4.1.2/../../../../nios2-elf/lib/mno-hw-mul\libsmallc.a(lib_a-strlen.o)
 .debug_loc     0x000004bb      0x878 c:/altera/13.0sp1/nios2eds/bin/gnu/h-i686-mingw32/bin/../lib/gcc/nios2-elf/4.1.2/../../../../nios2-elf/lib/mno-hw-mul\libsmallc.a(lib_a-vfprintf.o)
 .debug_loc     0x00000d33      0x162 c:/altera/13.0sp1/nios2eds/bin/gnu/h-i686-mingw32/bin/../lib/gcc/nios2-elf/4.1.2/../../../../nios2-elf/lib/mno-hw-mul\libsmallc.a(lib_a-fvwrite_small_dev.o)
 .debug_loc     0x00000e95       0xd4 c:/altera/13.0sp1/nios2eds/bin/gnu/h-i686-mingw32/bin/../lib/gcc/nios2-elf/4.1.2/../../../../nios2-elf/lib/mno-hw-mul\libsmallc.a(lib_a-putc.o)
 .debug_loc     0x00000f69       0x97 c:/altera/13.0sp1/nios2eds/bin/gnu/h-i686-mingw32/bin/../lib/gcc/nios2-elf/4.1.2/../../../../nios2-elf/lib/mno-hw-mul\libsmallc.a(lib_a-writer.o)
 .debug_loc     0x00001000       0x4f c:/altera/13.0sp1/nios2eds/bin/gnu/h-i686-mingw32/bin/../lib/gcc/nios2-elf/4.1.2/mno-hw-mul\libgcc.a(lib2-mul.o)
 .debug_loc     0x0000104f       0x56 ../binary_count_bsp/\libhal_bsp.a(alt_load.o)
 .debug_loc     0x000010a5       0x2b ../binary_count_bsp/\libhal_bsp.a(alt_main.o)
 .debug_loc     0x000010d0       0x2b ../binary_count_bsp/\libhal_bsp.a(alt_usleep.o)
 .debug_loc     0x000010fb       0x56 ../binary_count_bsp/\libhal_bsp.a(alt_write.o)
 .debug_loc     0x00001151       0x81 ../binary_count_bsp/\libhal_bsp.a(alt_sys_init.o)
 .debug_loc     0x000011d2       0x56 ../binary_count_bsp/\libhal_bsp.a(altera_avalon_jtag_uart_fd.o)
 .debug_loc     0x00001228       0x2b ../binary_count_bsp/\libhal_bsp.a(altera_avalon_jtag_uart_read.o)
 .debug_loc     0x00001253       0x2b ../binary_count_bsp/\libhal_bsp.a(altera_avalon_jtag_uart_write.o)
 .debug_loc     0x0000127e       0x56 ../binary_count_bsp/\libhal_bsp.a(altera_avalon_timer_sc.o)
 .debug_loc     0x000012d4       0x2b ../binary_count_bsp/\libhal_bsp.a(alt_busy_sleep.o)
 .debug_loc     0x000012ff       0x56 ../binary_count_bsp/\libhal_bsp.a(alt_close.o)
 .debug_loc     0x00001355       0x2b ../binary_count_bsp/\libhal_bsp.a(alt_dcache_flush_all.o)
 .debug_loc     0x00001380       0x2b ../binary_count_bsp/\libhal_bsp.a(alt_dev.o)
 .debug_loc     0x000013ab       0x56 ../binary_count_bsp/\libhal_bsp.a(alt_dev_llist_insert.o)
 .debug_loc     0x00001401       0x2b ../binary_count_bsp/\libhal_bsp.a(alt_icache_flush_all.o)
 .debug_loc     0x0000142c       0xac ../binary_count_bsp/\libhal_bsp.a(alt_iic.o)
 .debug_loc     0x000014d8       0x2b ../binary_count_bsp/\libhal_bsp.a(alt_iic_isr_register.o)
 .debug_loc     0x00001503       0x56 ../binary_count_bsp/\libhal_bsp.a(alt_io_redirect.o)
 .debug_loc     0x00001559       0x2b ../binary_count_bsp/\libhal_bsp.a(alt_irq_handler.o)
 .debug_loc     0x00001584       0x81 ../binary_count_bsp/\libhal_bsp.a(alt_open.o)
 .debug_loc     0x00001605       0x2b ../binary_count_bsp/\libhal_bsp.a(alt_release_fd.o)
 .debug_loc     0x00001630       0x56 ../binary_count_bsp/\libhal_bsp.a(alt_tick.o)
 .debug_loc     0x00001686       0x2b ../binary_count_bsp/\libhal_bsp.a(altera_nios2_qsys_irq.o)
 .debug_loc     0x000016b1       0x2b ../binary_count_bsp/\libhal_bsp.a(alt_find_dev.o)
 .debug_loc     0x000016dc       0x2b ../binary_count_bsp/\libhal_bsp.a(alt_find_file.o)
 .debug_loc     0x00001707       0x2b ../binary_count_bsp/\libhal_bsp.a(alt_get_fd.o)
 .debug_loc     0x00001732       0x2b ../binary_count_bsp/\libhal_bsp.a(alt_icache_flush.o)
 .debug_loc     0x0000175d       0x3d c:/altera/13.0sp1/nios2eds/bin/gnu/h-i686-mingw32/bin/../lib/gcc/nios2-elf/4.1.2/../../../../nios2-elf/lib/mno-hw-mul\libsmallc.a(lib_a-exit.o)
 .debug_loc     0x0000179a       0x70 c:/altera/13.0sp1/nios2eds/bin/gnu/h-i686-mingw32/bin/../lib/gcc/nios2-elf/4.1.2/../../../../nios2-elf/lib/mno-hw-mul\libsmallc.a(lib_a-memcmp.o)
 .debug_loc     0x0000180a      0x1c1 c:/altera/13.0sp1/nios2eds/bin/gnu/h-i686-mingw32/bin/../lib/gcc/nios2-elf/4.1.2/../../../../nios2-elf/lib/mno-hw-mul\libsmallc.a(lib_a-__call_atexit.o)
 .debug_loc     0x000019cb       0x56 ../binary_count_bsp/\libhal_bsp.a(alt_exit.o)

.debug_macinfo
 *(.debug_macinfo)

.debug_weaknames
 *(.debug_weaknames)

.debug_funcnames
 *(.debug_funcnames)

.debug_typenames
 *(.debug_typenames)

.debug_varnames
 *(.debug_varnames)

.debug_alt_sim_info
                0x00000000       0x50
 *(.debug_alt_sim_info)
 .debug_alt_sim_info
                0x00000000       0x20 ../binary_count_bsp//obj/HAL/src/crt0.o
 .debug_alt_sim_info
                0x00000020       0x30 ../binary_count_bsp/\libhal_bsp.a(alt_busy_sleep.o)
                0x0000d000                __alt_data_end = 0xd000
                0x0000d000                PROVIDE (__alt_stack_pointer, __alt_data_end)
                0x0000b3fc                PROVIDE (__alt_stack_limit, __alt_stack_base)
                0x0000b3fc                PROVIDE (__alt_heap_start, end)
                0x0000d000                PROVIDE (__alt_heap_limit, 0xd000)
OUTPUT(binary_count.elf elf32-littlenios2)

.debug_ranges   0x00000000      0x1d0
 .debug_ranges  0x00000000       0x20 ../binary_count_bsp//obj/HAL/src/crt0.o
 .debug_ranges  0x00000020      0x140 c:/altera/13.0sp1/nios2eds/bin/gnu/h-i686-mingw32/bin/../lib/gcc/nios2-elf/4.1.2/../../../../nios2-elf/lib/mno-hw-mul\libsmallc.a(lib_a-vfprintf.o)
 .debug_ranges  0x00000160       0x28 ../binary_count_bsp/\libhal_bsp.a(alt_irq_entry.o)
 .debug_ranges  0x00000188       0x30 ../binary_count_bsp/\libhal_bsp.a(alt_exception_entry.o)
 .debug_ranges  0x000001b8       0x18 c:/altera/13.0sp1/nios2eds/bin/gnu/h-i686-mingw32/bin/../lib/gcc/nios2-elf/4.1.2/../../../../nios2-elf/lib/mno-hw-mul\libsmallc.a(lib_a-__call_atexit.o)
