Analysis & Synthesis report for hello_world
Thu Mar 15 16:45:52 2018
Quartus II 64-Bit Version 13.0.1 Build 232 06/12/2013 Service Pack 1 SJ Full Version


---------------------
; Table of Contents ;
---------------------
  1. Legal Notice
  2. Analysis & Synthesis Summary
  3. Analysis & Synthesis Settings
  4. Parallel Compilation
  5. Analysis & Synthesis Source Files Read
  6. Analysis & Synthesis Resource Usage Summary
  7. Analysis & Synthesis Resource Utilization by Entity
  8. Analysis & Synthesis RAM Summary
  9. Analysis & Synthesis DSP Block Usage Summary
 10. Registers Removed During Synthesis
 11. General Register Statistics
 12. Registers Packed Into Inferred Megafunctions
 13. Source assignments for ahfp_mul_multi:inst|altshift_taps:z_m_rtl_0|shift_taps_25m:auto_generated|altsyncram_mj31:altsyncram4
 14. Parameter Settings for Inferred Entity Instance: ahfp_mul_multi:inst|altshift_taps:z_m_rtl_0
 15. Parameter Settings for Inferred Entity Instance: ahfp_mul_multi:inst|lpm_mult:Mult0
 16. altshift_taps Parameter Settings by Entity Instance
 17. lpm_mult Parameter Settings by Entity Instance
 18. Elapsed Time Per Partition
 19. Analysis & Synthesis Messages



----------------
; Legal Notice ;
----------------
Copyright (C) 1991-2013 Altera Corporation
Your use of Altera Corporation's design tools, logic functions 
and other software and tools, and its AMPP partner logic 
functions, and any output files from any of the foregoing 
(including device programming or simulation files), and any 
associated documentation or information are expressly subject 
to the terms and conditions of the Altera Program License 
Subscription Agreement, Altera MegaCore Function License 
Agreement, or other applicable license agreement, including, 
without limitation, that your use is for the sole purpose of 
programming logic devices manufactured by Altera and sold by 
Altera or its authorized distributors.  Please refer to the 
applicable agreement for further details.



+---------------------------------------------------------------------------------------+
; Analysis & Synthesis Summary                                                          ;
+------------------------------------+--------------------------------------------------+
; Analysis & Synthesis Status        ; Successful - Thu Mar 15 16:45:51 2018            ;
; Quartus II 64-Bit Version          ; 13.0.1 Build 232 06/12/2013 SP 1 SJ Full Version ;
; Revision Name                      ; hello_world                                      ;
; Top-level Entity Name              ; hello_world                                      ;
; Family                             ; Cyclone III                                      ;
; Total logic elements               ; 257                                              ;
;     Total combinational functions  ; 196                                              ;
;     Dedicated logic registers      ; 164                                              ;
; Total registers                    ; 164                                              ;
; Total pins                         ; 143                                              ;
; Total virtual pins                 ; 0                                                ;
; Total memory bits                  ; 69                                               ;
; Embedded Multiplier 9-bit elements ; 7                                                ;
; Total PLLs                         ; 0                                                ;
+------------------------------------+--------------------------------------------------+


+----------------------------------------------------------------------------------------------------------------------+
; Analysis & Synthesis Settings                                                                                        ;
+----------------------------------------------------------------------------+--------------------+--------------------+
; Option                                                                     ; Setting            ; Default Value      ;
+----------------------------------------------------------------------------+--------------------+--------------------+
; Device                                                                     ; EP3C16F484C6       ;                    ;
; Top-level entity name                                                      ; hello_world        ; hello_world        ;
; Family name                                                                ; Cyclone III        ; Cyclone V          ;
; Use smart compilation                                                      ; Off                ; Off                ;
; Enable parallel Assembler and TimeQuest Timing Analyzer during compilation ; On                 ; On                 ;
; Enable compact report table                                                ; Off                ; Off                ;
; Restructure Multiplexers                                                   ; Auto               ; Auto               ;
; Create Debugging Nodes for IP Cores                                        ; Off                ; Off                ;
; Preserve fewer node names                                                  ; On                 ; On                 ;
; Disable OpenCore Plus hardware evaluation                                  ; Off                ; Off                ;
; Verilog Version                                                            ; Verilog_2001       ; Verilog_2001       ;
; VHDL Version                                                               ; VHDL_1993          ; VHDL_1993          ;
; State Machine Processing                                                   ; Auto               ; Auto               ;
; Safe State Machine                                                         ; Off                ; Off                ;
; Extract Verilog State Machines                                             ; On                 ; On                 ;
; Extract VHDL State Machines                                                ; On                 ; On                 ;
; Ignore Verilog initial constructs                                          ; Off                ; Off                ;
; Iteration limit for constant Verilog loops                                 ; 5000               ; 5000               ;
; Iteration limit for non-constant Verilog loops                             ; 250                ; 250                ;
; Add Pass-Through Logic to Inferred RAMs                                    ; On                 ; On                 ;
; Infer RAMs from Raw Logic                                                  ; On                 ; On                 ;
; Parallel Synthesis                                                         ; On                 ; On                 ;
; DSP Block Balancing                                                        ; Auto               ; Auto               ;
; NOT Gate Push-Back                                                         ; On                 ; On                 ;
; Power-Up Don't Care                                                        ; On                 ; On                 ;
; Remove Redundant Logic Cells                                               ; Off                ; Off                ;
; Remove Duplicate Registers                                                 ; On                 ; On                 ;
; Ignore CARRY Buffers                                                       ; Off                ; Off                ;
; Ignore CASCADE Buffers                                                     ; Off                ; Off                ;
; Ignore GLOBAL Buffers                                                      ; Off                ; Off                ;
; Ignore ROW GLOBAL Buffers                                                  ; Off                ; Off                ;
; Ignore LCELL Buffers                                                       ; Off                ; Off                ;
; Ignore SOFT Buffers                                                        ; On                 ; On                 ;
; Limit AHDL Integers to 32 Bits                                             ; Off                ; Off                ;
; Optimization Technique                                                     ; Balanced           ; Balanced           ;
; Carry Chain Length                                                         ; 70                 ; 70                 ;
; Auto Carry Chains                                                          ; On                 ; On                 ;
; Auto Open-Drain Pins                                                       ; On                 ; On                 ;
; Perform WYSIWYG Primitive Resynthesis                                      ; Off                ; Off                ;
; Auto ROM Replacement                                                       ; On                 ; On                 ;
; Auto RAM Replacement                                                       ; On                 ; On                 ;
; Auto DSP Block Replacement                                                 ; On                 ; On                 ;
; Auto Shift Register Replacement                                            ; Auto               ; Auto               ;
; Allow Shift Register Merging across Hierarchies                            ; Auto               ; Auto               ;
; Auto Clock Enable Replacement                                              ; On                 ; On                 ;
; Strict RAM Replacement                                                     ; Off                ; Off                ;
; Allow Synchronous Control Signals                                          ; On                 ; On                 ;
; Force Use of Synchronous Clear Signals                                     ; Off                ; Off                ;
; Auto RAM Block Balancing                                                   ; On                 ; On                 ;
; Auto RAM to Logic Cell Conversion                                          ; Off                ; Off                ;
; Auto Resource Sharing                                                      ; Off                ; Off                ;
; Allow Any RAM Size For Recognition                                         ; Off                ; Off                ;
; Allow Any ROM Size For Recognition                                         ; Off                ; Off                ;
; Allow Any Shift Register Size For Recognition                              ; Off                ; Off                ;
; Use LogicLock Constraints during Resource Balancing                        ; On                 ; On                 ;
; Ignore translate_off and synthesis_off directives                          ; Off                ; Off                ;
; Timing-Driven Synthesis                                                    ; On                 ; On                 ;
; Report Parameter Settings                                                  ; On                 ; On                 ;
; Report Source Assignments                                                  ; On                 ; On                 ;
; Report Connectivity Checks                                                 ; On                 ; On                 ;
; Ignore Maximum Fan-Out Assignments                                         ; Off                ; Off                ;
; Synchronization Register Chain Length                                      ; 2                  ; 2                  ;
; PowerPlay Power Optimization                                               ; Normal compilation ; Normal compilation ;
; HDL message level                                                          ; Level2             ; Level2             ;
; Suppress Register Optimization Related Messages                            ; Off                ; Off                ;
; Number of Removed Registers Reported in Synthesis Report                   ; 5000               ; 5000               ;
; Number of Swept Nodes Reported in Synthesis Report                         ; 5000               ; 5000               ;
; Number of Inverted Registers Reported in Synthesis Report                  ; 100                ; 100                ;
; Clock MUX Protection                                                       ; On                 ; On                 ;
; Auto Gated Clock Conversion                                                ; Off                ; Off                ;
; Block Design Naming                                                        ; Auto               ; Auto               ;
; SDC constraint protection                                                  ; Off                ; Off                ;
; Synthesis Effort                                                           ; Auto               ; Auto               ;
; Shift Register Replacement - Allow Asynchronous Clear Signal               ; On                 ; On                 ;
; Pre-Mapping Resynthesis Optimization                                       ; Off                ; Off                ;
; Analysis & Synthesis Message Level                                         ; Medium             ; Medium             ;
; Disable Register Merging Across Hierarchies                                ; Auto               ; Auto               ;
; Resource Aware Inference For Block RAM                                     ; On                 ; On                 ;
; Synthesis Seed                                                             ; 1                  ; 1                  ;
+----------------------------------------------------------------------------+--------------------+--------------------+


+------------------------------------------+
; Parallel Compilation                     ;
+----------------------------+-------------+
; Processors                 ; Number      ;
+----------------------------+-------------+
; Number detected on machine ; 8           ;
; Maximum allowed            ; 4           ;
;                            ;             ;
; Average used               ; 1.00        ;
; Maximum used               ; 1           ;
;                            ;             ;
; Usage by Processor         ; % Time Used ;
;     Processor 1            ; 100.0%      ;
;     Processors 2-8         ;   0.0%      ;
+----------------------------+-------------+


+----------------------------------------------------------------------------------------------------------------------------------------------------------------------------------------+
; Analysis & Synthesis Source Files Read                                                                                                                                                 ;
+-------------------------------------------------+-----------------+------------------------------------+---------------------------------------------------------------------+---------+
; File Name with User-Entered Path                ; Used in Netlist ; File Type                          ; File Name with Absolute Path                                        ; Library ;
+-------------------------------------------------+-----------------+------------------------------------+---------------------------------------------------------------------+---------+
; ../design_files/ahfp_mul_multi/ahfp_mul_multi.v ; yes             ; User Verilog HDL File              ; H:/DSD_v2/design_files/ahfp_mul_multi/ahfp_mul_multi.v              ;         ;
; hello_world.bdf                                 ; yes             ; User Block Diagram/Schematic File  ; H:/DSD_v2/timing_verification/hello_world.bdf                       ;         ;
; altshift_taps.tdf                               ; yes             ; Megafunction                       ; c:/altera/13.0sp1/quartus/libraries/megafunctions/altshift_taps.tdf ;         ;
; altdpram.inc                                    ; yes             ; Megafunction                       ; c:/altera/13.0sp1/quartus/libraries/megafunctions/altdpram.inc      ;         ;
; lpm_counter.inc                                 ; yes             ; Megafunction                       ; c:/altera/13.0sp1/quartus/libraries/megafunctions/lpm_counter.inc   ;         ;
; lpm_compare.inc                                 ; yes             ; Megafunction                       ; c:/altera/13.0sp1/quartus/libraries/megafunctions/lpm_compare.inc   ;         ;
; lpm_constant.inc                                ; yes             ; Megafunction                       ; c:/altera/13.0sp1/quartus/libraries/megafunctions/lpm_constant.inc  ;         ;
; db/shift_taps_25m.tdf                           ; yes             ; Auto-Generated Megafunction        ; H:/DSD_v2/timing_verification/db/shift_taps_25m.tdf                 ;         ;
; db/altsyncram_mj31.tdf                          ; yes             ; Auto-Generated Megafunction        ; H:/DSD_v2/timing_verification/db/altsyncram_mj31.tdf                ;         ;
; db/add_sub_p2e.tdf                              ; yes             ; Auto-Generated Megafunction        ; H:/DSD_v2/timing_verification/db/add_sub_p2e.tdf                    ;         ;
; db/cntr_tnf.tdf                                 ; yes             ; Auto-Generated Megafunction        ; H:/DSD_v2/timing_verification/db/cntr_tnf.tdf                       ;         ;
; db/cmpr_ffc.tdf                                 ; yes             ; Auto-Generated Megafunction        ; H:/DSD_v2/timing_verification/db/cmpr_ffc.tdf                       ;         ;
; lpm_mult.tdf                                    ; yes             ; Megafunction                       ; c:/altera/13.0sp1/quartus/libraries/megafunctions/lpm_mult.tdf      ;         ;
; aglobal130.inc                                  ; yes             ; Megafunction                       ; c:/altera/13.0sp1/quartus/libraries/megafunctions/aglobal130.inc    ;         ;
; lpm_add_sub.inc                                 ; yes             ; Megafunction                       ; c:/altera/13.0sp1/quartus/libraries/megafunctions/lpm_add_sub.inc   ;         ;
; multcore.inc                                    ; yes             ; Megafunction                       ; c:/altera/13.0sp1/quartus/libraries/megafunctions/multcore.inc      ;         ;
; bypassff.inc                                    ; yes             ; Megafunction                       ; c:/altera/13.0sp1/quartus/libraries/megafunctions/bypassff.inc      ;         ;
; altshift.inc                                    ; yes             ; Megafunction                       ; c:/altera/13.0sp1/quartus/libraries/megafunctions/altshift.inc      ;         ;
; db/mult_2ct.tdf                                 ; yes             ; Auto-Generated Megafunction        ; H:/DSD_v2/timing_verification/db/mult_2ct.tdf                       ;         ;
+-------------------------------------------------+-----------------+------------------------------------+---------------------------------------------------------------------+---------+


+-------------------------------------------------------------+
; Analysis & Synthesis Resource Usage Summary                 ;
+---------------------------------------------+---------------+
; Resource                                    ; Usage         ;
+---------------------------------------------+---------------+
; Estimated Total logic elements              ; 257           ;
;                                             ;               ;
; Total combinational functions               ; 196           ;
; Logic element usage by number of LUT inputs ;               ;
;     -- 4 input functions                    ; 29            ;
;     -- 3 input functions                    ; 82            ;
;     -- <=2 input functions                  ; 85            ;
;                                             ;               ;
; Logic elements by mode                      ;               ;
;     -- normal mode                          ; 67            ;
;     -- arithmetic mode                      ; 129           ;
;                                             ;               ;
; Total registers                             ; 164           ;
;     -- Dedicated logic registers            ; 164           ;
;     -- I/O registers                        ; 0             ;
;                                             ;               ;
; I/O pins                                    ; 143           ;
; Total memory bits                           ; 69            ;
; Embedded Multiplier 9-bit elements          ; 7             ;
; Maximum fan-out node                        ; iCLK_50~input ;
; Maximum fan-out                             ; 187           ;
; Total fan-out                               ; 1331          ;
; Average fan-out                             ; 1.92          ;
+---------------------------------------------+---------------+


+-------------------------------------------------------------------------------------------------------------------------------------------------------------------------------------------------------------------------------------------------------------------------------------------+
; Analysis & Synthesis Resource Utilization by Entity                                                                                                                                                                                                                                       ;
+-------------------------------------------+-------------------+--------------+-------------+--------------+---------+-----------+------+--------------+--------------------------------------------------------------------------------------------------------------------+--------------+
; Compilation Hierarchy Node                ; LC Combinationals ; LC Registers ; Memory Bits ; DSP Elements ; DSP 9x9 ; DSP 18x18 ; Pins ; Virtual Pins ; Full Hierarchy Name                                                                                                ; Library Name ;
+-------------------------------------------+-------------------+--------------+-------------+--------------+---------+-----------+------+--------------+--------------------------------------------------------------------------------------------------------------------+--------------+
; |hello_world                              ; 196 (0)           ; 164 (0)      ; 69          ; 7            ; 1       ; 3         ; 143  ; 0            ; |hello_world                                                                                                       ; work         ;
;    |ahfp_mul_multi:inst|                  ; 196 (164)         ; 164 (160)    ; 69          ; 7            ; 1       ; 3         ; 0    ; 0            ; |hello_world|ahfp_mul_multi:inst                                                                                   ; work         ;
;       |altshift_taps:z_m_rtl_0|           ; 7 (0)             ; 4 (0)        ; 69          ; 0            ; 0       ; 0         ; 0    ; 0            ; |hello_world|ahfp_mul_multi:inst|altshift_taps:z_m_rtl_0                                                           ; work         ;
;          |shift_taps_25m:auto_generated|  ; 7 (2)             ; 4 (2)        ; 69          ; 0            ; 0       ; 0         ; 0    ; 0            ; |hello_world|ahfp_mul_multi:inst|altshift_taps:z_m_rtl_0|shift_taps_25m:auto_generated                             ; work         ;
;             |altsyncram_mj31:altsyncram4| ; 0 (0)             ; 0 (0)        ; 69          ; 0            ; 0       ; 0         ; 0    ; 0            ; |hello_world|ahfp_mul_multi:inst|altshift_taps:z_m_rtl_0|shift_taps_25m:auto_generated|altsyncram_mj31:altsyncram4 ; work         ;
;             |cntr_tnf:cntr1|              ; 5 (5)             ; 2 (2)        ; 0           ; 0            ; 0       ; 0         ; 0    ; 0            ; |hello_world|ahfp_mul_multi:inst|altshift_taps:z_m_rtl_0|shift_taps_25m:auto_generated|cntr_tnf:cntr1              ; work         ;
;       |lpm_mult:Mult0|                    ; 25 (0)            ; 0 (0)        ; 0           ; 7            ; 1       ; 3         ; 0    ; 0            ; |hello_world|ahfp_mul_multi:inst|lpm_mult:Mult0                                                                    ; work         ;
;          |mult_2ct:auto_generated|        ; 25 (25)           ; 0 (0)        ; 0           ; 7            ; 1       ; 3         ; 0    ; 0            ; |hello_world|ahfp_mul_multi:inst|lpm_mult:Mult0|mult_2ct:auto_generated                                            ; work         ;
+-------------------------------------------+-------------------+--------------+-------------+--------------+---------+-----------+------+--------------+--------------------------------------------------------------------------------------------------------------------+--------------+
Note: For table entries with two numbers listed, the numbers in parentheses indicate the number of resources of the given type used by the specific entity alone. The numbers listed outside of parentheses indicate the total resources of the given type used by the specific entity and all of its sub-entities in the hierarchy.


+----------------------------------------------------------------------------------------------------------------------------------------------------------------------------------------------------------------------+
; Analysis & Synthesis RAM Summary                                                                                                                                                                                     ;
+------------------------------------------------------------------------------------------------------------------+------+------------------+--------------+--------------+--------------+--------------+------+------+
; Name                                                                                                             ; Type ; Mode             ; Port A Depth ; Port A Width ; Port B Depth ; Port B Width ; Size ; MIF  ;
+------------------------------------------------------------------------------------------------------------------+------+------------------+--------------+--------------+--------------+--------------+------+------+
; ahfp_mul_multi:inst|altshift_taps:z_m_rtl_0|shift_taps_25m:auto_generated|altsyncram_mj31:altsyncram4|ALTSYNCRAM ; AUTO ; Simple Dual Port ; 3            ; 23           ; 3            ; 23           ; 69   ; None ;
+------------------------------------------------------------------------------------------------------------------+------+------------------+--------------+--------------+--------------+--------------+------+------+


+-----------------------------------------------------+
; Analysis & Synthesis DSP Block Usage Summary        ;
+---------------------------------------+-------------+
; Statistic                             ; Number Used ;
+---------------------------------------+-------------+
; Simple Multipliers (9-bit)            ; 1           ;
; Simple Multipliers (18-bit)           ; 3           ;
; Embedded Multiplier Blocks            ; --          ;
; Embedded Multiplier 9-bit elements    ; 7           ;
; Signed Embedded Multipliers           ; 0           ;
; Unsigned Embedded Multipliers         ; 4           ;
; Mixed Sign Embedded Multipliers       ; 0           ;
; Variable Sign Embedded Multipliers    ; 0           ;
; Dedicated Input Shift Register Chains ; 0           ;
+---------------------------------------+-------------+
Note: number of Embedded Multiplier Blocks used is only available after a successful fit.


+--------------------------------------------------------------------------------+
; Registers Removed During Synthesis                                             ;
+---------------------------------------+----------------------------------------+
; Register name                         ; Reason for Removal                     ;
+---------------------------------------+----------------------------------------+
; ahfp_mul_multi:inst|underflow         ; Stuck at GND due to stuck port data_in ;
; ahfp_mul_multi:inst|overflow          ; Stuck at GND due to stuck port data_in ;
; Total Number of Removed Registers = 2 ;                                        ;
+---------------------------------------+----------------------------------------+


+------------------------------------------------------+
; General Register Statistics                          ;
+----------------------------------------------+-------+
; Statistic                                    ; Value ;
+----------------------------------------------+-------+
; Total registers                              ; 164   ;
; Number of registers using Synchronous Clear  ; 8     ;
; Number of registers using Synchronous Load   ; 24    ;
; Number of registers using Asynchronous Clear ; 0     ;
; Number of registers using Asynchronous Load  ; 0     ;
; Number of registers using Clock Enable       ; 0     ;
; Number of registers using Preset             ; 0     ;
+----------------------------------------------+-------+


+-----------------------------------------------------------------------------------+
; Registers Packed Into Inferred Megafunctions                                      ;
+--------------------------------------+-------------------------------+------------+
; Register Name                        ; Megafunction                  ; Type       ;
+--------------------------------------+-------------------------------+------------+
; ahfp_mul_multi:inst|res[0..22]       ; ahfp_mul_multi:inst|z_m_rtl_0 ; SHIFT_TAPS ;
; ahfp_mul_multi:inst|z_m_final[0..22] ; ahfp_mul_multi:inst|z_m_rtl_0 ; SHIFT_TAPS ;
; ahfp_mul_multi:inst|z_m[0..22]       ; ahfp_mul_multi:inst|z_m_rtl_0 ; SHIFT_TAPS ;
+--------------------------------------+-------------------------------+------------+


+------------------------------------------------------------------------------------------------------------------------------+
; Source assignments for ahfp_mul_multi:inst|altshift_taps:z_m_rtl_0|shift_taps_25m:auto_generated|altsyncram_mj31:altsyncram4 ;
+---------------------------------+--------------------+------+----------------------------------------------------------------+
; Assignment                      ; Value              ; From ; To                                                             ;
+---------------------------------+--------------------+------+----------------------------------------------------------------+
; OPTIMIZE_POWER_DURING_SYNTHESIS ; NORMAL_COMPILATION ; -    ; -                                                              ;
+---------------------------------+--------------------+------+----------------------------------------------------------------+


+----------------------------------------------------------------------------------------------+
; Parameter Settings for Inferred Entity Instance: ahfp_mul_multi:inst|altshift_taps:z_m_rtl_0 ;
+----------------+----------------+------------------------------------------------------------+
; Parameter Name ; Value          ; Type                                                       ;
+----------------+----------------+------------------------------------------------------------+
; WIDTH_BYTEENA  ; 1              ; Untyped                                                    ;
; NUMBER_OF_TAPS ; 1              ; Untyped                                                    ;
; TAP_DISTANCE   ; 3              ; Untyped                                                    ;
; WIDTH          ; 23             ; Untyped                                                    ;
; POWER_UP_STATE ; CLEARED        ; Untyped                                                    ;
; CBXI_PARAMETER ; shift_taps_25m ; Untyped                                                    ;
+----------------+----------------+------------------------------------------------------------+
Note: In order to hide this table in the UI and the text report file, please set the "Show Parameter Settings in Synthesis Report" option in "Analysis and Synthesis Settings -> More Settings" to "Off".


+-------------------------------------------------------------------------------------+
; Parameter Settings for Inferred Entity Instance: ahfp_mul_multi:inst|lpm_mult:Mult0 ;
+------------------------------------------------+-------------+----------------------+
; Parameter Name                                 ; Value       ; Type                 ;
+------------------------------------------------+-------------+----------------------+
; AUTO_CARRY_CHAINS                              ; ON          ; AUTO_CARRY           ;
; IGNORE_CARRY_BUFFERS                           ; OFF         ; IGNORE_CARRY         ;
; AUTO_CASCADE_CHAINS                            ; ON          ; AUTO_CASCADE         ;
; IGNORE_CASCADE_BUFFERS                         ; OFF         ; IGNORE_CASCADE       ;
; LPM_WIDTHA                                     ; 24          ; Untyped              ;
; LPM_WIDTHB                                     ; 24          ; Untyped              ;
; LPM_WIDTHP                                     ; 48          ; Untyped              ;
; LPM_WIDTHR                                     ; 48          ; Untyped              ;
; LPM_WIDTHS                                     ; 1           ; Untyped              ;
; LPM_REPRESENTATION                             ; UNSIGNED    ; Untyped              ;
; LPM_PIPELINE                                   ; 0           ; Untyped              ;
; LATENCY                                        ; 0           ; Untyped              ;
; INPUT_A_IS_CONSTANT                            ; NO          ; Untyped              ;
; INPUT_B_IS_CONSTANT                            ; NO          ; Untyped              ;
; USE_EAB                                        ; OFF         ; Untyped              ;
; MAXIMIZE_SPEED                                 ; 5           ; Untyped              ;
; DEVICE_FAMILY                                  ; Cyclone III ; Untyped              ;
; CARRY_CHAIN                                    ; MANUAL      ; Untyped              ;
; APEX20K_TECHNOLOGY_MAPPER                      ; LUT         ; TECH_MAPPER_APEX20K  ;
; DEDICATED_MULTIPLIER_CIRCUITRY                 ; AUTO        ; Untyped              ;
; DEDICATED_MULTIPLIER_MIN_INPUT_WIDTH_FOR_AUTO  ; 0           ; Untyped              ;
; DEDICATED_MULTIPLIER_MIN_OUTPUT_WIDTH_FOR_AUTO ; 0           ; Untyped              ;
; CBXI_PARAMETER                                 ; mult_2ct    ; Untyped              ;
; INPUT_A_FIXED_VALUE                            ; Bx          ; Untyped              ;
; INPUT_B_FIXED_VALUE                            ; Bx          ; Untyped              ;
; USE_AHDL_IMPLEMENTATION                        ; OFF         ; Untyped              ;
+------------------------------------------------+-------------+----------------------+
Note: In order to hide this table in the UI and the text report file, please set the "Show Parameter Settings in Synthesis Report" option in "Analysis and Synthesis Settings -> More Settings" to "Off".


+--------------------------------------------------------------------------+
; altshift_taps Parameter Settings by Entity Instance                      ;
+----------------------------+---------------------------------------------+
; Name                       ; Value                                       ;
+----------------------------+---------------------------------------------+
; Number of entity instances ; 1                                           ;
; Entity Instance            ; ahfp_mul_multi:inst|altshift_taps:z_m_rtl_0 ;
;     -- NUMBER_OF_TAPS      ; 1                                           ;
;     -- TAP_DISTANCE        ; 3                                           ;
;     -- WIDTH               ; 23                                          ;
+----------------------------+---------------------------------------------+


+----------------------------------------------------------------------------+
; lpm_mult Parameter Settings by Entity Instance                             ;
+---------------------------------------+------------------------------------+
; Name                                  ; Value                              ;
+---------------------------------------+------------------------------------+
; Number of entity instances            ; 1                                  ;
; Entity Instance                       ; ahfp_mul_multi:inst|lpm_mult:Mult0 ;
;     -- LPM_WIDTHA                     ; 24                                 ;
;     -- LPM_WIDTHB                     ; 24                                 ;
;     -- LPM_WIDTHP                     ; 48                                 ;
;     -- LPM_REPRESENTATION             ; UNSIGNED                           ;
;     -- INPUT_A_IS_CONSTANT            ; NO                                 ;
;     -- INPUT_B_IS_CONSTANT            ; NO                                 ;
;     -- USE_EAB                        ; OFF                                ;
;     -- DEDICATED_MULTIPLIER_CIRCUITRY ; AUTO                               ;
;     -- INPUT_A_FIXED_VALUE            ; Bx                                 ;
;     -- INPUT_B_FIXED_VALUE            ; Bx                                 ;
+---------------------------------------+------------------------------------+


+-------------------------------+
; Elapsed Time Per Partition    ;
+----------------+--------------+
; Partition Name ; Elapsed Time ;
+----------------+--------------+
; Top            ; 00:00:01     ;
+----------------+--------------+


+-------------------------------+
; Analysis & Synthesis Messages ;
+-------------------------------+
Info: *******************************************************************
Info: Running Quartus II 64-Bit Analysis & Synthesis
    Info: Version 13.0.1 Build 232 06/12/2013 Service Pack 1 SJ Full Version
    Info: Processing started: Thu Mar 15 16:45:46 2018
Info: Command: quartus_map --read_settings_files=on --write_settings_files=off hello_world -c hello_world
Info (11104): Parallel Compilation has detected 8 hyper-threaded processors. However, the extra hyper-threaded processors will not be used by default. Parallel Compilation will use 4 of the 4 physical processors detected instead.
Info (12021): Found 1 design units, including 1 entities, in source file /dsd_v2/design_files/ahfp_cordic_fixed/ahfp_cordic_fixed.v
    Info (12023): Found entity 1: ahfp_cordic_fixed
Info (12021): Found 1 design units, including 1 entities, in source file /dsd_v2/design_files/ahfp_float_2_fixed/ahfp_float_2_fixed.v
    Info (12023): Found entity 1: ahfp_float_2_fixed
Info (12021): Found 1 design units, including 1 entities, in source file /dsd_v2/design_files/ahfp_fixed_2_float/ahfp_fixed_2_float.v
    Info (12023): Found entity 1: ahfp_fixed_2_float
Info (12021): Found 1 design units, including 1 entities, in source file /dsd_v2/design_files/ah_func_instr/ah_func_instr.v
    Info (12023): Found entity 1: ah_func_instr
Info (12021): Found 1 design units, including 1 entities, in source file /dsd_v2/design_files/ahfp_sub_multi/ahfp_sub_multi.v
    Info (12023): Found entity 1: ahfp_sub_multi
Info (12021): Found 1 design units, including 1 entities, in source file /dsd_v2/design_files/ahfp_sub/ahfp_sub.v
    Info (12023): Found entity 1: ahfp_sub
Info (12021): Found 1 design units, including 1 entities, in source file /dsd_v2/design_files/ahfp_pipeline_buffer/ahfp_pipeline_buffer.v
    Info (12023): Found entity 1: ahfp_pipeline_buffer
Info (12021): Found 1 design units, including 1 entities, in source file /dsd_v2/design_files/ahfp_mult/ahfp_mult.v
    Info (12023): Found entity 1: ahfp_mult
Info (12021): Found 1 design units, including 1 entities, in source file /dsd_v2/design_files/ahfp_mul_multi/ahfp_mul_multi.v
    Info (12023): Found entity 1: ahfp_mul_multi
Info (12021): Found 1 design units, including 1 entities, in source file /dsd_v2/design_files/ahfp_mod_pi/ahfp_mod_pi.v
    Info (12023): Found entity 1: ahfp_mod_pi
Info (12021): Found 1 design units, including 1 entities, in source file /dsd_v2/design_files/ahfp_lzd/ahfp_lzd64.v
    Info (12023): Found entity 1: ahfp_lzd64
Info (12021): Found 1 design units, including 1 entities, in source file /dsd_v2/design_files/ahfp_lzd/ahfp_lzd48.v
    Info (12023): Found entity 1: ahfp_lzd48
Info (12021): Found 1 design units, including 1 entities, in source file /dsd_v2/design_files/ahfp_lzd/ahfp_lzd32.v
    Info (12023): Found entity 1: ahfp_lzd32
Info (12021): Found 1 design units, including 1 entities, in source file /dsd_v2/design_files/ahfp_lzd/ahfp_lzd16.v
    Info (12023): Found entity 1: ahfp_lzd16
Info (12021): Found 1 design units, including 1 entities, in source file /dsd_v2/design_files/ahfp_lzd/ahfp_lzd8.v
    Info (12023): Found entity 1: ahfp_lzd8
Info (12021): Found 1 design units, including 1 entities, in source file /dsd_v2/design_files/ahfp_lzd/ahfp_lzd4.v
    Info (12023): Found entity 1: ahfp_lzd4
Info (12021): Found 1 design units, including 1 entities, in source file /dsd_v2/design_files/ahfp_lzd/ahfp_lzd_tb.v
    Info (12023): Found entity 1: test_ahfp_lzd
Info (12021): Found 0 design units, including 0 entities, in source file /dsd_v2/design_files/ahfp_lzd/ahfp_lzd.v
Info (12021): Found 1 design units, including 1 entities, in source file /dsd_v2/design_files/ahfp_floor_divide_four/ahfp_floor_divide_four.v
    Info (12023): Found entity 1: ahfp_floor_divide_four
Info (12021): Found 1 design units, including 1 entities, in source file /dsd_v2/design_files/ahfp_floor/ahfp_floor.v
    Info (12023): Found entity 1: ahfp_floor
Info (12021): Found 1 design units, including 1 entities, in source file /dsd_v2/design_files/ahfp_cordic/ahfp_cordic.v
    Info (12023): Found entity 1: ahfp_cordic
Info (12021): Found 1 design units, including 1 entities, in source file /dsd_v2/design_files/ahfp_add_sub_multi/ahfp_add_sub_multi.v
    Info (12023): Found entity 1: ahfp_add_sub_multi
Info (12021): Found 1 design units, including 1 entities, in source file /dsd_v2/design_files/ahfp_add_sub/ahfp_add_sub.v
    Info (12023): Found entity 1: ahfp_add_sub
Info (12021): Found 1 design units, including 1 entities, in source file /dsd_v2/design_files/ahfp_add/ahfp_add.v
    Info (12023): Found entity 1: ahfp_add
Info (12021): Found 1 design units, including 1 entities, in source file /dsd_v2/design_files/ahfp_add_multi/ahfp_add_multi.v
    Info (12023): Found entity 1: ahfp_add_multi
Info (12021): Found 1 design units, including 1 entities, in source file hello_world.bdf
    Info (12023): Found entity 1: hello_world
Info (12127): Elaborating entity "hello_world" for the top level hierarchy
Warning (275043): Pin "oDRAM_CAS_N" is missing source
Warning (275043): Pin "oDRAM_CKE" is missing source
Warning (275043): Pin "oDRAM_CS_N" is missing source
Warning (275043): Pin "oDRAM_RAS_N" is missing source
Warning (275043): Pin "oDRAM_WE_N" is missing source
Warning (275043): Pin "oDRAM_CLK" is missing source
Warning (275043): Pin "oDRAM_A[11..0]" is missing source
Warning (275043): Pin "oDRAM_BA[1..0]" is missing source
Warning (275043): Pin "oDRAM_DQM[1..0]" is missing source
Warning (275043): Pin "oLEDG[7..0]" is missing source
Info (12128): Elaborating entity "ahfp_mul_multi" for hierarchy "ahfp_mul_multi:inst"
Warning (10036): Verilog HDL or VHDL warning at ahfp_mul_multi.v(20): object "a_s" assigned a value but never read
Warning (10036): Verilog HDL or VHDL warning at ahfp_mul_multi.v(20): object "b_s" assigned a value but never read
Warning (10036): Verilog HDL or VHDL warning at ahfp_mul_multi.v(23): object "dataa_prev" assigned a value but never read
Warning (10036): Verilog HDL or VHDL warning at ahfp_mul_multi.v(23): object "datab_prev" assigned a value but never read
Info (19000): Inferred 1 megafunctions from design logic
    Info (276034): Inferred altshift_taps megafunction from the following design logic: "ahfp_mul_multi:inst|z_m_rtl_0"
        Info (286033): Parameter NUMBER_OF_TAPS set to 1
        Info (286033): Parameter TAP_DISTANCE set to 3
        Info (286033): Parameter WIDTH set to 23
Info (278001): Inferred 1 megafunctions from design logic
    Info (278003): Inferred multiplier megafunction ("lpm_mult") from the following logic: "ahfp_mul_multi:inst|Mult0"
Info (12130): Elaborated megafunction instantiation "ahfp_mul_multi:inst|altshift_taps:z_m_rtl_0"
Info (12133): Instantiated megafunction "ahfp_mul_multi:inst|altshift_taps:z_m_rtl_0" with the following parameter:
    Info (12134): Parameter "NUMBER_OF_TAPS" = "1"
    Info (12134): Parameter "TAP_DISTANCE" = "3"
    Info (12134): Parameter "WIDTH" = "23"
Info (12021): Found 1 design units, including 1 entities, in source file db/shift_taps_25m.tdf
    Info (12023): Found entity 1: shift_taps_25m
Info (12021): Found 1 design units, including 1 entities, in source file db/altsyncram_mj31.tdf
    Info (12023): Found entity 1: altsyncram_mj31
Info (12021): Found 1 design units, including 1 entities, in source file db/add_sub_p2e.tdf
    Info (12023): Found entity 1: add_sub_p2e
Info (12021): Found 1 design units, including 1 entities, in source file db/cntr_tnf.tdf
    Info (12023): Found entity 1: cntr_tnf
Info (12021): Found 1 design units, including 1 entities, in source file db/cmpr_ffc.tdf
    Info (12023): Found entity 1: cmpr_ffc
Info (12130): Elaborated megafunction instantiation "ahfp_mul_multi:inst|lpm_mult:Mult0"
Info (12133): Instantiated megafunction "ahfp_mul_multi:inst|lpm_mult:Mult0" with the following parameter:
    Info (12134): Parameter "LPM_WIDTHA" = "24"
    Info (12134): Parameter "LPM_WIDTHB" = "24"
    Info (12134): Parameter "LPM_WIDTHP" = "48"
    Info (12134): Parameter "LPM_WIDTHR" = "48"
    Info (12134): Parameter "LPM_WIDTHS" = "1"
    Info (12134): Parameter "LPM_REPRESENTATION" = "UNSIGNED"
    Info (12134): Parameter "INPUT_A_IS_CONSTANT" = "NO"
    Info (12134): Parameter "INPUT_B_IS_CONSTANT" = "NO"
    Info (12134): Parameter "MAXIMIZE_SPEED" = "5"
Info (12021): Found 1 design units, including 1 entities, in source file db/mult_2ct.tdf
    Info (12023): Found entity 1: mult_2ct
Info (13014): Ignored 128 buffer(s)
    Info (13019): Ignored 128 SOFT buffer(s)
Warning (13039): The following bidir pins have no drivers
    Warning (13040): Bidir "DRAM_DQ" has no driver
    Warning (13040): Bidir "DRAM_DQ" has no driver
    Warning (13040): Bidir "DRAM_DQ" has no driver
    Warning (13040): Bidir "DRAM_DQ" has no driver
    Warning (13040): Bidir "DRAM_DQ" has no driver
    Warning (13040): Bidir "DRAM_DQ" has no driver
    Warning (13040): Bidir "DRAM_DQ" has no driver
    Warning (13040): Bidir "DRAM_DQ" has no driver
    Warning (13040): Bidir "DRAM_DQ" has no driver
    Warning (13040): Bidir "DRAM_DQ" has no driver
    Warning (13040): Bidir "DRAM_DQ" has no driver
    Warning (13040): Bidir "DRAM_DQ" has no driver
    Warning (13040): Bidir "DRAM_DQ" has no driver
    Warning (13040): Bidir "DRAM_DQ" has no driver
    Warning (13040): Bidir "DRAM_DQ" has no driver
    Warning (13040): Bidir "DRAM_DQ" has no driver
Warning (13024): Output pins are stuck at VCC or GND
    Warning (13410): Pin "oDRAM_CAS_N" is stuck at GND
    Warning (13410): Pin "oDRAM_CKE" is stuck at GND
    Warning (13410): Pin "oDRAM_CS_N" is stuck at GND
    Warning (13410): Pin "oDRAM_RAS_N" is stuck at GND
    Warning (13410): Pin "oDRAM_WE_N" is stuck at GND
    Warning (13410): Pin "oDRAM_CLK" is stuck at GND
    Warning (13410): Pin "oDRAM_A[11]" is stuck at GND
    Warning (13410): Pin "oDRAM_A[10]" is stuck at GND
    Warning (13410): Pin "oDRAM_A[9]" is stuck at GND
    Warning (13410): Pin "oDRAM_A[8]" is stuck at GND
    Warning (13410): Pin "oDRAM_A[7]" is stuck at GND
    Warning (13410): Pin "oDRAM_A[6]" is stuck at GND
    Warning (13410): Pin "oDRAM_A[5]" is stuck at GND
    Warning (13410): Pin "oDRAM_A[4]" is stuck at GND
    Warning (13410): Pin "oDRAM_A[3]" is stuck at GND
    Warning (13410): Pin "oDRAM_A[2]" is stuck at GND
    Warning (13410): Pin "oDRAM_A[1]" is stuck at GND
    Warning (13410): Pin "oDRAM_A[0]" is stuck at GND
    Warning (13410): Pin "oDRAM_BA[1]" is stuck at GND
    Warning (13410): Pin "oDRAM_BA[0]" is stuck at GND
    Warning (13410): Pin "oDRAM_DQM[1]" is stuck at GND
    Warning (13410): Pin "oDRAM_DQM[0]" is stuck at GND
    Warning (13410): Pin "oLEDG[7]" is stuck at GND
    Warning (13410): Pin "oLEDG[6]" is stuck at GND
    Warning (13410): Pin "oLEDG[5]" is stuck at GND
    Warning (13410): Pin "oLEDG[4]" is stuck at GND
    Warning (13410): Pin "oLEDG[3]" is stuck at GND
    Warning (13410): Pin "oLEDG[2]" is stuck at GND
    Warning (13410): Pin "oLEDG[1]" is stuck at GND
    Warning (13410): Pin "oLEDG[0]" is stuck at GND
Info (286030): Timing-Driven Synthesis is running
Info (16010): Generating hard_block partition "hard_block:auto_generated_inst"
    Info (16011): Adding 0 node(s), including 0 DDIO, 0 PLL, 0 transceiver and 0 LCELL
Info (21057): Implemented 430 device resources after synthesis - the final resource count might be different
    Info (21058): Implemented 65 input pins
    Info (21059): Implemented 62 output pins
    Info (21060): Implemented 16 bidirectional pins
    Info (21061): Implemented 257 logic cells
    Info (21064): Implemented 23 RAM segments
    Info (21062): Implemented 7 DSP elements
Info: Quartus II 64-Bit Analysis & Synthesis was successful. 0 errors, 62 warnings
    Info: Peak virtual memory: 484 megabytes
    Info: Processing ended: Thu Mar 15 16:45:52 2018
    Info: Elapsed time: 00:00:06
    Info: Total CPU time (on all processors): 00:00:03


