Archive member included because of file (symbol)

c:/altera/13.0sp1/nios2eds/bin/gnu/h-i686-mingw32/bin/../lib/gcc/nios2-elf/4.1.2/../../../../nios2-elf/lib/mno-hw-mul\libm.a(lib_a-s_cos.o)
                              obj/default/hello_world.o (cos)
c:/altera/13.0sp1/nios2eds/bin/gnu/h-i686-mingw32/bin/../lib/gcc/nios2-elf/4.1.2/../../../../nios2-elf/lib/mno-hw-mul\libm.a(lib_a-s_floor.o)
                              obj/default/hello_world.o (floor)
c:/altera/13.0sp1/nios2eds/bin/gnu/h-i686-mingw32/bin/../lib/gcc/nios2-elf/4.1.2/../../../../nios2-elf/lib/mno-hw-mul\libm.a(lib_a-e_rem_pio2.o)
                              c:/altera/13.0sp1/nios2eds/bin/gnu/h-i686-mingw32/bin/../lib/gcc/nios2-elf/4.1.2/../../../../nios2-elf/lib/mno-hw-mul\libm.a(lib_a-s_cos.o) (__ieee754_rem_pio2)
c:/altera/13.0sp1/nios2eds/bin/gnu/h-i686-mingw32/bin/../lib/gcc/nios2-elf/4.1.2/../../../../nios2-elf/lib/mno-hw-mul\libm.a(lib_a-k_cos.o)
                              c:/altera/13.0sp1/nios2eds/bin/gnu/h-i686-mingw32/bin/../lib/gcc/nios2-elf/4.1.2/../../../../nios2-elf/lib/mno-hw-mul\libm.a(lib_a-s_cos.o) (__kernel_cos)
c:/altera/13.0sp1/nios2eds/bin/gnu/h-i686-mingw32/bin/../lib/gcc/nios2-elf/4.1.2/../../../../nios2-elf/lib/mno-hw-mul\libm.a(lib_a-k_rem_pio2.o)
                              c:/altera/13.0sp1/nios2eds/bin/gnu/h-i686-mingw32/bin/../lib/gcc/nios2-elf/4.1.2/../../../../nios2-elf/lib/mno-hw-mul\libm.a(lib_a-e_rem_pio2.o) (__kernel_rem_pio2)
c:/altera/13.0sp1/nios2eds/bin/gnu/h-i686-mingw32/bin/../lib/gcc/nios2-elf/4.1.2/../../../../nios2-elf/lib/mno-hw-mul\libm.a(lib_a-k_sin.o)
                              c:/altera/13.0sp1/nios2eds/bin/gnu/h-i686-mingw32/bin/../lib/gcc/nios2-elf/4.1.2/../../../../nios2-elf/lib/mno-hw-mul\libm.a(lib_a-s_cos.o) (__kernel_sin)
c:/altera/13.0sp1/nios2eds/bin/gnu/h-i686-mingw32/bin/../lib/gcc/nios2-elf/4.1.2/../../../../nios2-elf/lib/mno-hw-mul\libm.a(lib_a-s_fabs.o)
                              c:/altera/13.0sp1/nios2eds/bin/gnu/h-i686-mingw32/bin/../lib/gcc/nios2-elf/4.1.2/../../../../nios2-elf/lib/mno-hw-mul\libm.a(lib_a-e_rem_pio2.o) (fabs)
c:/altera/13.0sp1/nios2eds/bin/gnu/h-i686-mingw32/bin/../lib/gcc/nios2-elf/4.1.2/../../../../nios2-elf/lib/mno-hw-mul\libm.a(lib_a-s_scalbn.o)
                              c:/altera/13.0sp1/nios2eds/bin/gnu/h-i686-mingw32/bin/../lib/gcc/nios2-elf/4.1.2/../../../../nios2-elf/lib/mno-hw-mul\libm.a(lib_a-k_rem_pio2.o) (scalbn)
c:/altera/13.0sp1/nios2eds/bin/gnu/h-i686-mingw32/bin/../lib/gcc/nios2-elf/4.1.2/../../../../nios2-elf/lib/mno-hw-mul\libm.a(lib_a-s_copysign.o)
                              c:/altera/13.0sp1/nios2eds/bin/gnu/h-i686-mingw32/bin/../lib/gcc/nios2-elf/4.1.2/../../../../nios2-elf/lib/mno-hw-mul\libm.a(lib_a-s_scalbn.o) (copysign)
c:/altera/13.0sp1/nios2eds/bin/gnu/h-i686-mingw32/bin/../lib/gcc/nios2-elf/4.1.2/mno-hw-mul\libgcc.a(_addsub_sf.o)
                              obj/default/hello_world.o (__addsf3)
c:/altera/13.0sp1/nios2eds/bin/gnu/h-i686-mingw32/bin/../lib/gcc/nios2-elf/4.1.2/mno-hw-mul\libgcc.a(_mul_sf.o)
                              obj/default/hello_world.o (__mulsf3)
c:/altera/13.0sp1/nios2eds/bin/gnu/h-i686-mingw32/bin/../lib/gcc/nios2-elf/4.1.2/mno-hw-mul\libgcc.a(_div_sf.o)
                              obj/default/hello_world.o (__divsf3)
c:/altera/13.0sp1/nios2eds/bin/gnu/h-i686-mingw32/bin/../lib/gcc/nios2-elf/4.1.2/mno-hw-mul\libgcc.a(_sf_to_df.o)
                              obj/default/hello_world.o (__extendsfdf2)
c:/altera/13.0sp1/nios2eds/bin/gnu/h-i686-mingw32/bin/../lib/gcc/nios2-elf/4.1.2/mno-hw-mul\libgcc.a(_thenan_sf.o)
                              c:/altera/13.0sp1/nios2eds/bin/gnu/h-i686-mingw32/bin/../lib/gcc/nios2-elf/4.1.2/mno-hw-mul\libgcc.a(_addsub_sf.o) (__thenan_sf)
c:/altera/13.0sp1/nios2eds/bin/gnu/h-i686-mingw32/bin/../lib/gcc/nios2-elf/4.1.2/mno-hw-mul\libgcc.a(_addsub_df.o)
                              obj/default/hello_world.o (__subdf3)
c:/altera/13.0sp1/nios2eds/bin/gnu/h-i686-mingw32/bin/../lib/gcc/nios2-elf/4.1.2/mno-hw-mul\libgcc.a(_mul_df.o)
                              obj/default/hello_world.o (__muldf3)
c:/altera/13.0sp1/nios2eds/bin/gnu/h-i686-mingw32/bin/../lib/gcc/nios2-elf/4.1.2/mno-hw-mul\libgcc.a(_eq_df.o)
                              c:/altera/13.0sp1/nios2eds/bin/gnu/h-i686-mingw32/bin/../lib/gcc/nios2-elf/4.1.2/../../../../nios2-elf/lib/mno-hw-mul\libm.a(lib_a-e_rem_pio2.o) (__eqdf2)
c:/altera/13.0sp1/nios2eds/bin/gnu/h-i686-mingw32/bin/../lib/gcc/nios2-elf/4.1.2/mno-hw-mul\libgcc.a(_gt_df.o)
                              c:/altera/13.0sp1/nios2eds/bin/gnu/h-i686-mingw32/bin/../lib/gcc/nios2-elf/4.1.2/../../../../nios2-elf/lib/mno-hw-mul\libm.a(lib_a-s_floor.o) (__gtdf2)
c:/altera/13.0sp1/nios2eds/bin/gnu/h-i686-mingw32/bin/../lib/gcc/nios2-elf/4.1.2/mno-hw-mul\libgcc.a(_ge_df.o)
[...]
Memory Configuration

Name             Origin             Length             Attributes
reset            0x00800000         0x00000020
sdram            0x00800020         0x007fffe0
*default*        0x00000000         0xffffffff

Linker script and memory map

LOAD ../hmmmmm_bsp//obj/HAL/src/crt0.o
LOAD obj/default/hello_world.o
LOAD c:/altera/13.0sp1/nios2eds/bin/gnu/h-i686-mingw32/bin/../lib/gcc/nios2-elf/4.1.2/../../../../nios2-elf/lib/mno-hw-mul\libstdc++.a
LOAD c:/altera/13.0sp1/nios2eds/bin/gnu/h-i686-mingw32/bin/../lib/gcc/nios2-elf/4.1.2/../../../../nios2-elf/lib/mno-hw-mul\libm.a
LOAD c:/altera/13.0sp1/nios2eds/bin/gnu/h-i686-mingw32/bin/../lib/gcc/nios2-elf/4.1.2/mno-hw-mul\libgcc.a
START GROUP
LOAD c:/altera/13.0sp1/nios2eds/bin/gnu/h-i686-mingw32/bin/../lib/gcc/nios2-elf/4.1.2/../../../../nios2-elf/lib/mno-hw-mul\libc.a
LOAD c:/altera/13.0sp1/nios2eds/bin/gnu/h-i686-mingw32/bin/../lib/gcc/nios2-elf/4.1.2/mno-hw-mul\libgcc.a
LOAD ../hmmmmm_bsp/\libhal_bsp.a
END GROUP
LOAD c:/altera/13.0sp1/nios2eds/bin/gnu/h-i686-mingw32/bin/../lib/gcc/nios2-elf/4.1.2/mno-hw-mul\libgcc.a
                0x00800000                __alt_mem_sdram = 0x800000

.entry          0x00800000       0x20
 *(.entry)
 .entry         0x00800000       0x20 ../hmmmmm_bsp//obj/HAL/src/crt0.o
                0x00800000                __reset

.exceptions     0x00800020      0x194
                0x00800020                PROVIDE (__ram_exceptions_start, ABSOLUTE (.))
                0x00800020                . = ALIGN (0x20)
 *(.irq)
 *(.exceptions.entry.label)
 .exceptions.entry.label
                0x00800020        0x0 ../hmmmmm_bsp/\libhal_bsp.a(alt_irq_entry.o)
                0x00800020                alt_irq_entry
 .exceptions.entry.label
                0x00800020        0x0 ../hmmmmm_bsp/\libhal_bsp.a(alt_exception_entry.o)
                0x00800020                alt_exception
 *(.exceptions.entry.user)
 *(.exceptions.entry)
 .exceptions.entry
                0x00800020       0x54 ../hmmmmm_bsp/\libhal_bsp.a(alt_exception_entry.o)
 *(.exceptions.irqtest.user)
 *(.exceptions.irqtest)
 .exceptions.irqtest
                0x00800074       0x10 ../hmmmmm_bsp/\libhal_bsp.a(alt_irq_entry.o)
 *(.exceptions.irqhandler.user)
 *(.exceptions.irqhandler)
 .exceptions.irqhandler
                0x00800084        0x4 ../hmmmmm_bsp/\libhal_bsp.a(alt_irq_entry.o)
 *(.exceptions.irqreturn.user)
 *(.exceptions.irqreturn)
 .exceptions.irqreturn
                0x00800088        0x4 ../hmmmmm_bsp/\libhal_bsp.a(alt_irq_entry.o)
 *(.exceptions.notirq.label)
 .exceptions.notirq.label
                0x0080008c        0x0 ../hmmmmm_bsp/\libhal_bsp.a(alt_irq_entry.o)
 *(.exceptions.notirq.user)
 *(.exceptions.notirq)
 .exceptions.notirq
                0x0080008c        0x8 ../hmmmmm_bsp/\libhal_bsp.a(alt_exception_entry.o)
 *(.exceptions.soft.user)
 *(.exceptions.soft)
 *(.exceptions.unknown.user)
 *(.exceptions.unknown)
 .exceptions.unknown
                0x00800094        0x4 ../hmmmmm_bsp/\libhal_bsp.a(alt_exception_entry.o)
 *(.exceptions.exit.label)
 .exceptions.exit.label
                0x00800098        0x0 ../hmmmmm_bsp/\libhal_bsp.a(alt_irq_entry.o)
 .exceptions.exit.label
                0x00800098        0x0 ../hmmmmm_bsp/\libhal_bsp.a(alt_exception_entry.o)
 *(.exceptions.exit.user)
 *(.exceptions.exit)
 .exceptions.exit
                0x00800098       0x54 ../hmmmmm_bsp/\libhal_bsp.a(alt_exception_entry.o)
 *(.exceptions)
 .exceptions    0x008000ec       0xc8 ../hmmmmm_bsp/\libhal_bsp.a(alt_irq_handler.o)
                0x008000ec                alt_irq_handler
                0x008001b4                PROVIDE (__ram_exceptions_end, ABSOLUTE (.))
                0x00800020                PROVIDE (__flash_exceptions_start, LOADADDR (.exceptions))

.text           0x008001b4     0xf928
                0x008001b4                PROVIDE (stext, ABSOLUTE (.))
 *(.interp)
 *(.hash)
 *(.dynsym)
 *(.dynstr)
 *(.gnu.version)
 *(.gnu.version_d)
 *(.gnu.version_r)
 *(.rel.init)
 *(.rela.init)
 *(.rel.text .rel.text.* .rel.gnu.linkonce.t.*)
 *(.rela.text .rela.text.* .rela.gnu.linkonce.t.*)
 *(.rel.fini)
 *(.rela.fini)
 *(.rel.rodata .rel.rodata.* .rel.gnu.linkonce.r.*)
 *(.rela.rodata .rela.rodata.* .rela.gnu.linkonce.r.*)
 *(.rel.data .rel.data.* .rel.gnu.linkonce.d.*)
 *(.rela.data .rela.data.* .rela.gnu.linkonce.d.*)
 *(.rel.tdata .rel.tdata.* .rel.gnu.linkonce.td.*)
 *(.rela.tdata .rela.tdata.* .rela.gnu.linkonce.td.*)
 *(.rel.tbss .rel.tbss.* .rel.gnu.linkonce.tb.*)
 *(.rela.tbss .rela.tbss.* .rela.gnu.linkonce.tb.*)
 *(.rel.ctors)
 *(.rela.ctors)
 *(.rel.dtors)
 *(.rela.dtors)
 *(.rel.got)
 *(.rela.got)
 *(.rel.sdata .rel.sdata.* .rel.gnu.linkonce.s.*)
 *(.rela.sdata .rela.sdata.* .rela.gnu.linkonce.s.*)
 *(.rel.sbss .rel.sbss.* .rel.gnu.linkonce.sb.*)
 *(.rela.sbss .rela.sbss.* .rela.gnu.linkonce.sb.*)
 *(.rel.sdata2 .rel.sdata2.* .rel.gnu.linkonce.s2.*)
 *(.rela.sdata2 .rela.sdata2.* .rela.gnu.linkonce.s2.*)
 *(.rel.sbss2 .rel.sbss2.* .rel.gnu.linkonce.sb2.*)
 *(.rela.sbss2 .rela.sbss2.* .rela.gnu.linkonce.sb2.*)
 *(.rel.bss .rel.bss.* .rel.gnu.linkonce.b.*)
 *(.rela.bss .rela.bss.* .rela.gnu.linkonce.b.*)
 *(.rel.plt)
 *(.rela.plt)
 *(.rel.dyn)
 *(.init)
 *(.plt)
 *(.text .stub .text.* .gnu.linkonce.t.*)
 .text          0x008001b4       0x3c ../hmmmmm_bsp//obj/HAL/src/crt0.o
                0x008001b4                _start
 .text          0x008001f0      0x4b0 obj/default/hello_world.o
                0x008001f0                functionVector
                0x00800414                generateVector
                0x008004b8                sumVector
                0x008005a0                main
 .text          0x008006a0      0x168 c:/altera/13.0sp1/nios2eds/bin/gnu/h-i686-mingw32/bin/../lib/gcc/nios2-elf/4.1.2/../../../../nios2-elf/lib/mno-hw-mul\libm.a(lib_a-s_cos.o)
                0x008006a0                cos
 .text          0x00800808      0x224 c:/altera/13.0sp1/nios2eds/bin/gnu/h-i686-mingw32/bin/../lib/gcc/nios2-elf/4.1.2/../../../../nios2-elf/lib/mno-hw-mul\libm.a(lib_a-s_floor.o)
                0x00800808                floor
 .text          0x00800a2c      0x828 c:/altera/13.0sp1/nios2eds/bin/gnu/h-i686-mingw32/bin/../lib/gcc/nios2-elf/4.1.2/../../../../nios2-elf/lib/mno-hw-mul\libm.a(lib_a-e_rem_pio2.o)
                0x00800a2c                __ieee754_rem_pio2
 .text          0x00801254      0x52c c:/altera/13.0sp1/nios2eds/bin/gnu/h-i686-mingw32/bin/../lib/gcc/nios2-elf/4.1.2/../../../../nios2-elf/lib/mno-hw-mul\libm.a(lib_a-k_cos.o)
                0x00801254                __kernel_cos
 .text          0x00801780      0xe84 c:/altera/13.0sp1/nios2eds/bin/gnu/h-i686-mingw32/bin/../lib/gcc/nios2-elf/4.1.2/../../../../nios2-elf/lib/mno-hw-mul\libm.a(lib_a-k_rem_pio2.o)
                0x00801780                __kernel_rem_pio2
 .text          0x00802604      0x318 c:/altera/13.0sp1/nios2eds/bin/gnu/h-i686-mingw32/bin/../lib/gcc/nios2-elf/4.1.2/../../../../nios2-elf/lib/mno-hw-mul\libm.a(lib_a-k_sin.o)
                0x00802604                __kernel_sin
 .text          0x0080291c       0x18 c:/altera/13.0sp1/nios2eds/bin/gnu/h-i686-mingw32/bin/../lib/gcc/nios2-elf/4.1.2/../../../../nios2-elf/lib/mno-hw-mul\libm.a(lib_a-s_fabs.o)
                0x0080291c                fabs
 .text          0x00802934      0x1e0 c:/altera/13.0sp1/nios2eds/bin/gnu/h-i686-mingw32/bin/../lib/gcc/nios2-elf/4.1.2/../../../../nios2-elf/lib/mno-hw-mul\libm.a(lib_a-s_scalbn.o)
                0x00802934                scalbn
 .text          0x00802b14       0x24 c:/altera/13.0sp1/nios2eds/bin/gnu/h-i686-mingw32/bin/../lib/gcc/nios2-elf/4.1.2/../../../../nios2-elf/lib/mno-hw-mul\libm.a(lib_a-s_copysign.o)
                0x00802b14                copysign
 .text          0x00802b38      0x2b8 c:/altera/13.0sp1/nios2eds/bin/gnu/h-i686-mingw32/bin/../lib/gcc/nios2-elf/4.1.2/mno-hw-mul\libgcc.a(_addsub_sf.o)
                0x00802d1c                __subsf3
                0x00802d8c                __addsf3
 .text          0x00802df0      0x1e0 c:/altera/13.0sp1/nios2eds/bin/gnu/h-i686-mingw32/bin/../lib/gcc/nios2-elf/4.1.2/mno-hw-mul\libgcc.a(_mul_sf.o)
                0x00802df0                __mulsf3
 .text          0x00802fd0      0x174 c:/altera/13.0sp1/nios2eds/bin/gnu/h-i686-mingw32/bin/../lib/gcc/nios2-elf/4.1.2/mno-hw-mul\libgcc.a(_div_sf.o)
                0x00802fd0                __divsf3
 .text          0x00803144       0x54 c:/altera/13.0sp1/nios2eds/bin/gnu/h-i686-mingw32/bin/../lib/gcc/nios2-elf/4.1.2/mno-hw-mul\libgcc.a(_sf_to_df.o)
                0x00803144                __extendsfdf2
 .text          0x00803198        0x0 c:/altera/13.0sp1/nios2eds/bin/gnu/h-i686-mingw32/bin/../lib/gcc/nios2-elf/4.1.2/mno-hw-mul\libgcc.a(_thenan_sf.o)
 .text          0x00803198      0x504 c:/altera/13.0sp1/nios2eds/bin/gnu/h-i686-mingw32/bin/../lib/gcc/nios2-elf/4.1.2/mno-hw-mul\libgcc.a(_addsub_df.o)
                0x008035a8                __subdf3
                0x00803628                __adddf3
 .text          0x0080369c      0x3c4 c:/altera/13.0sp1/nios2eds/bin/gnu/h-i686-mingw32/bin/../lib/gcc/nios2-elf/4.1.2/mno-hw-mul\libgcc.a(_mul_df.o)
                0x0080369c                __muldf3
 .text          0x00803a60       0x88 c:/altera/13.0sp1/nios2eds/bin/gnu/h-i686-mingw32/bin/../lib/gcc/nios2-elf/4.1.2/mno-hw-mul\libgcc.a(_eq_df.o)
                0x00803a60                __eqdf2
 .text          0x00803ae8       0x88 c:/altera/13.0sp1/nios2eds/bin/gnu/h-i686-mingw32/bin/../lib/gcc/nios2-elf/4.1.2/mno-hw-mul\libgcc.a(_gt_df.o)
                0x00803ae8                __gtdf2
 .text          0x00803b70       0x88 c:/altera/13.0sp1/nios2eds/bin/gnu/h-i686-mingw32/bin/../lib/gcc/nios2-elf/4.1.2/mno-hw-mul\libgcc.a(_ge_df.o)
                0x00803b70                __gedf2
 .text          0x00803bf8       0xf8 c:/altera/13.0sp1/nios2eds/bin/gnu/h-i686-mingw32/bin/../lib/gcc/nios2-elf/4.1.2/mno-hw-mul\libgcc.a(_si_to_df.o)
                0x00803bf8                __floatsidf
 .text          0x00803cf0       0xd8 c:/altera/13.0sp1/nios2eds/bin/gnu/h-i686-mingw32/bin/../lib/gcc/nios2-elf/4.1.2/mno-hw-mul\libgcc.a(_df_to_si.o)
                0x00803cf0                __fixdfsi
 .text          0x00803dc8       0x38 c:/altera/13.0sp1/nios2eds/bin/gnu/h-i686-mingw32/bin/../lib/gcc/nios2-elf/4.1.2/mno-hw-mul\libgcc.a(_make_df.o)
                0x00803dc8                __make_dp
 .text          0x00803e00       0x74 c:/altera/13.0sp1/nios2eds/bin/gnu/h-i686-mingw32/bin/../lib/gcc/nios2-elf/4.1.2/mno-hw-mul\libgcc.a(_df_to_sf.o)
                0x00803e00                __truncdfsf2
 .text          0x00803e74        0x0 c:/altera/13.0sp1/nios2eds/bin/gnu/h-i686-mingw32/bin/../lib/gcc/nios2-elf/4.1.2/mno-hw-mul\libgcc.a(_thenan_df.o)
 .text          0x00803e74      0x14c c:/altera/13.0sp1/nios2eds/bin/gnu/h-i686-mingw32/bin/../lib/gcc/nios2-elf/4.1.2/mno-hw-mul\libgcc.a(lib2-divmod.o)
                0x00803ef0                __divsi3
                0x00803f50                __modsi3
                0x00803fb0                __udivsi3
                0x00803fb8                __umodsi3
 .text          0x00803fc0       0x38 c:/altera/13.0sp1/nios2eds/bin/gnu/h-i686-mingw32/bin/../lib/gcc/nios2-elf/4.1.2/mno-hw-mul\libgcc.a(lib2-mul.o)
                0x00803fc0                __mulsi3
 .text          0x00803ff8      0x124 c:/altera/13.0sp1/nios2eds/bin/gnu/h-i686-mingw32/bin/../lib/gcc/nios2-elf/4.1.2/mno-hw-mul\libgcc.a(_muldi3.o)
                0x00803ff8                __muldi3
 .text          0x0080411c       0x80 c:/altera/13.0sp1/nios2eds/bin/gnu/h-i686-mingw32/bin/../lib/gcc/nios2-elf/4.1.2/mno-hw-mul\libgcc.a(_clzsi2.o)
                0x0080411c                __clzsi2
 .text          0x0080419c      0x160 c:/altera/13.0sp1/nios2eds/bin/gnu/h-i686-mingw32/bin/../lib/gcc/nios2-elf/4.1.2/mno-hw-mul\libgcc.a(_pack_sf.o)
                0x0080419c                __pack_f
 .text          0x008042fc       0xc8 c:/altera/13.0sp1/nios2eds/bin/gnu/h-i686-mingw32/bin/../lib/gcc/nios2-elf/4.1.2/mno-hw-mul\libgcc.a(_unpack_sf.o)
                0x008042fc                __unpack_f
 .text          0x008043c4       0x2c c:/altera/13.0sp1/nios2eds/bin/gnu/h-i686-mingw32/bin/../lib/gcc/nios2-elf/4.1.2/mno-hw-mul\libgcc.a(_make_sf.o)
                0x008043c4                __make_fp
 .text          0x008043f0      0x314 c:/altera/13.0sp1/nios2eds/bin/gnu/h-i686-mingw32/bin/../lib/gcc/nios2-elf/4.1.2/mno-hw-mul\libgcc.a(_pack_df.o)
                0x008043f0                __pack_d
 .text          0x00804704      0x138 c:/altera/13.0sp1/nios2eds/bin/gnu/h-i686-mingw32/bin/../lib/gcc/nios2-elf/4.1.2/mno-hw-mul\libgcc.a(_unpack_df.o)
                0x00804704                __unpack_d
 .text          0x0080483c       0xc8 c:/altera/13.0sp1/nios2eds/bin/gnu/h-i686-mingw32/bin/../lib/gcc/nios2-elf/4.1.2/mno-hw-mul\libgcc.a(_fpcmp_parts_df.o)
                0x0080483c                __fpcmp_parts_d
 .text          0x00804904        0x0 c:/altera/13.0sp1/nios2eds/bin/gnu/h-i686-mingw32/bin/../lib/gcc/nios2-elf/4.1.2/mno-hw-mul\libgcc.a(_clz.o)
 .text          0x00804904       0x78 c:/altera/13.0sp1/nios2eds/bin/gnu/h-i686-mingw32/bin/../lib/gcc/nios2-elf/4.1.2/../../../../nios2-elf/lib/mno-hw-mul\libc.a(lib_a-printf.o)
                0x00804904                printf
                0x00804948                _printf_r
 .text          0x0080497c       0xb4 c:/altera/13.0sp1/nios2eds/bin/gnu/h-i686-mingw32/bin/../lib/gcc/nios2-elf/4.1.2/../../../../nios2-elf/lib/mno-hw-mul\libc.a(lib_a-puts.o)
                0x0080497c                _puts_r
                0x00804a1c                puts
 .text          0x00804a30       0x74 c:/altera/13.0sp1/nios2eds/bin/gnu/h-i686-mingw32/bin/../lib/gcc/nios2-elf/4.1.2/../../../../nios2-elf/lib/mno-hw-mul\libc.a(lib_a-strlen.o)
                0x00804a30                strlen
 .text          0x00804aa4     0x1f40 c:/altera/13.0sp1/nios2eds/bin/gnu/h-i686-mingw32/bin/../lib/gcc/nios2-elf/4.1.2/../../../../nios2-elf/lib/mno-hw-mul\libc.a(lib_a-vfprintf.o)
                0x00804afc                ___vfprintf_internal_r
                0x008069c0                __vfprintf_internal
 .text          0x008069e4      0x13c c:/altera/13.0sp1/nios2eds/bin/gnu/h-i686-mingw32/bin/../lib/gcc/nios2-elf/4.1.2/../../../../nios2-elf/lib/mno-hw-mul\libc.a(lib_a-wsetup.o)
                0x008069e4                __swsetup_r
 .text          0x00806b20     0x17f8 c:/altera/13.0sp1/nios2eds/bin/gnu/h-i686-mingw32/bin/../lib/gcc/nios2-elf/4.1.2/../../../../nios2-elf/lib/mno-hw-mul\libc.a(lib_a-dtoa.o)
                0x00806d64                _dtoa_r
 .text          0x00808318      0x230 c:/altera/13.0sp1/nios2eds/bin/gnu/h-i686-mingw32/bin/../lib/gcc/nios2-elf/4.1.2/../../../../nios2-elf/lib/mno-hw-mul\libc.a(lib_a-fflush.o)
                0x00808318                _fflush_r
                0x00808514                fflush
 .text          0x00808548      0x2f4 c:/altera/13.0sp1/nios2eds/bin/gnu/h-i686-mingw32/bin/../lib/gcc/nios2-elf/4.1.2/../../../../nios2-elf/lib/mno-hw-mul\libc.a(lib_a-findfp.o)
                0x008085a0                __sfp_lock_acquire
                0x008085a4                __sfp_lock_release
                0x008085a8                __sinit_lock_acquire
                0x008085ac                __sinit_lock_release
                0x008085b0                __sinit
                0x00808664                __fp_unlock_all
                0x0080867c                __fp_lock_all
                0x00808694                _cleanup_r
                0x008086a0                _cleanup
                0x008086b0                __sfmoreglue
                0x0080874c                __sfp
 .text          0x0080883c      0x440 c:/altera/13.0sp1/nios2eds/bin/gnu/h-i686-mingw32/bin/../lib/gcc/nios2-elf/4.1.2/../../../../nios2-elf/lib/mno-hw-mul\libc.a(lib_a-freer.o)
                0x0080883c                _malloc_trim_r
                0x00808968                _free_r
 .text          0x00808c7c      0x49c c:/altera/13.0sp1/nios2eds/bin/gnu/h-i686-mingw32/bin/../lib/gcc/nios2-elf/4.1.2/../../../../nios2-elf/lib/mno-hw-mul\libc.a(lib_a-fvwrite.o)
                0x00808c7c                __sfvwrite_r
 .text          0x00809118      0x180 c:/altera/13.0sp1/nios2eds/bin/gnu/h-i686-mingw32/bin/../lib/gcc/nios2-elf/4.1.2/../../../../nios2-elf/lib/mno-hw-mul\libc.a(lib_a-fwalk.o)
                0x00809118                _fwalk_reent
                0x008091e0                _fwalk
 .text          0x00809298        0x0 c:/altera/13.0sp1/nios2eds/bin/gnu/h-i686-mingw32/bin/../lib/gcc/nios2-elf/4.1.2/../../../../nios2-elf/lib/mno-hw-mul\libc.a(lib_a-impure.o)
 .text          0x00809298       0xc4 c:/altera/13.0sp1/nios2eds/bin/gnu/h-i686-mingw32/bin/../lib/gcc/nios2-elf/4.1.2/../../../../nios2-elf/lib/mno-hw-mul\libc.a(lib_a-locale.o)
                0x00809298                __locale_charset
                0x008092a0                _localeconv_r
                0x008092ac                localeconv
                0x008092bc                _setlocale_r
                0x00809340                setlocale
 .text          0x0080935c      0x194 c:/altera/13.0sp1/nios2eds/bin/gnu/h-i686-mingw32/bin/../lib/gcc/nios2-elf/4.1.2/../../../../nios2-elf/lib/mno-hw-mul\libc.a(lib_a-makebuf.o)
                0x0080935c                __smakebuf_r
 .text          0x008094f0      0x740 c:/altera/13.0sp1/nios2eds/bin/gnu/h-i686-mingw32/bin/../lib/gcc/nios2-elf/4.1.2/../../../../nios2-elf/lib/mno-hw-mul\libc.a(lib_a-mallocr.o)
                0x008094f0                _malloc_r
 .text          0x00809c30       0xe4 c:/altera/13.0sp1/nios2eds/bin/gnu/h-i686-mingw32/bin/../lib/gcc/nios2-elf/4.1.2/../../../../nios2-elf/lib/mno-hw-mul\libc.a(lib_a-memchr.o)
                0x00809c30                memchr
 .text          0x00809d14       0xa0 c:/altera/13.0sp1/nios2eds/bin/gnu/h-i686-mingw32/bin/../lib/gcc/nios2-elf/4.1.2/../../../../nios2-elf/lib/mno-hw-mul\libc.a(lib_a-memcpy.o)
                0x00809d14                memcpy
 .text          0x00809db4       0xe0 c:/altera/13.0sp1/nios2eds/bin/gnu/h-i686-mingw32/bin/../lib/gcc/nios2-elf/4.1.2/../../../../nios2-elf/lib/mno-hw-mul\libc.a(lib_a-memmove.o)
                0x00809db4                memmove
 .text          0x00809e94       0x98 c:/altera/13.0sp1/nios2eds/bin/gnu/h-i686-mingw32/bin/../lib/gcc/nios2-elf/4.1.2/../../../../nios2-elf/lib/mno-hw-mul\libc.a(lib_a-memset.o)
                0x00809e94                memset
 .text          0x00809f2c     0x108c c:/altera/13.0sp1/nios2eds/bin/gnu/h-i686-mingw32/bin/../lib/gcc/nios2-elf/4.1.2/../../../../nios2-elf/lib/mno-hw-mul\libc.a(lib_a-mprec.o)
                0x00809f2c                _Bfree
                0x00809f54                __hi0bits
                0x00809fc4                __lo0bits
                0x0080a088                __mcmp
                0x0080a0e8                __ulp
                0x0080a168                __b2d
                0x0080a288                __ratio
                0x0080a338                _mprec_log10
                0x0080a3cc                __copybits
                0x0080a424                __any_on
                0x0080a4ac                _Balloc
                0x0080a568                __d2b
                0x0080a6e4                __mdiff
                0x0080a870                __lshift
                0x0080a9bc                __multiply
                0x0080ac10                __i2b
                0x0080ac4c                __multadd
                0x0080ad78                __pow5mult
                0x0080ae98                __s2b
 .text          0x0080afb8      0x5f4 c:/altera/13.0sp1/nios2eds/bin/gnu/h-i686-mingw32/bin/../lib/gcc/nios2-elf/4.1.2/../../../../nios2-elf/lib/mno-hw-mul\libc.a(lib_a-reallocr.o)
                0x0080afb8                _realloc_r
 .text          0x0080b5ac       0x40 c:/altera/13.0sp1/nios2eds/bin/gnu/h-i686-mingw32/bin/../lib/gcc/nios2-elf/4.1.2/../../../../nios2-elf/lib/mno-hw-mul\libc.a(lib_a-s_isinfd.o)
                0x0080b5ac                __isinfd
 .text          0x0080b5ec       0x30 c:/altera/13.0sp1/nios2eds/bin/gnu/h-i686-mingw32/bin/../lib/gcc/nios2-elf/4.1.2/../../../../nios2-elf/lib/mno-hw-mul\libc.a(lib_a-s_isnand.o)
                0x0080b5ec                __isnand
 .text          0x0080b61c       0x70 c:/altera/13.0sp1/nios2eds/bin/gnu/h-i686-mingw32/bin/../lib/gcc/nios2-elf/4.1.2/../../../../nios2-elf/lib/mno-hw-mul\libc.a(lib_a-sbrkr.o)
                0x0080b61c                _sbrk_r
 .text          0x0080b68c      0x14c c:/altera/13.0sp1/nios2eds/bin/gnu/h-i686-mingw32/bin/../lib/gcc/nios2-elf/4.1.2/../../../../nios2-elf/lib/mno-hw-mul\libc.a(lib_a-stdio.o)
                0x0080b68c                __sclose
                0x0080b694                __sseek
                0x0080b6fc                __swrite
                0x0080b778                __sread
 .text          0x0080b7d8       0xbc c:/altera/13.0sp1/nios2eds/bin/gnu/h-i686-mingw32/bin/../lib/gcc/nios2-elf/4.1.2/../../../../nios2-elf/lib/mno-hw-mul\libc.a(lib_a-strcmp.o)
                0x0080b7d8                strcmp
 .text          0x0080b894       0x78 c:/altera/13.0sp1/nios2eds/bin/gnu/h-i686-mingw32/bin/../lib/gcc/nios2-elf/4.1.2/../../../../nios2-elf/lib/mno-hw-mul\libc.a(lib_a-writer.o)
                0x0080b894                _write_r
 .text          0x0080b90c       0xc8 c:/altera/13.0sp1/nios2eds/bin/gnu/h-i686-mingw32/bin/../lib/gcc/nios2-elf/4.1.2/../../../../nios2-elf/lib/mno-hw-mul\libc.a(lib_a-callocr.o)
                0x0080b90c                _calloc_r
 .text          0x0080b9d4       0x70 c:/altera/13.0sp1/nios2eds/bin/gnu/h-i686-mingw32/bin/../lib/gcc/nios2-elf/4.1.2/../../../../nios2-elf/lib/mno-hw-mul\libc.a(lib_a-closer.o)
                0x0080b9d4                _close_r
 .text          0x0080ba44      0x124 c:/altera/13.0sp1/nios2eds/bin/gnu/h-i686-mingw32/bin/../lib/gcc/nios2-elf/4.1.2/../../../../nios2-elf/lib/mno-hw-mul\libc.a(lib_a-fclose.o)
                0x0080ba44                _fclose_r
                0x0080bb54                fclose
 .text          0x0080bb68       0x74 c:/altera/13.0sp1/nios2eds/bin/gnu/h-i686-mingw32/bin/../lib/gcc/nios2-elf/4.1.2/../../../../nios2-elf/lib/mno-hw-mul\libc.a(lib_a-fstatr.o)
                0x0080bb68                _fstat_r
 .text          0x0080bbdc        0x0 c:/altera/13.0sp1/nios2eds/bin/gnu/h-i686-mingw32/bin/../lib/gcc/nios2-elf/4.1.2/../../../../nios2-elf/lib/mno-hw-mul\libc.a(lib_a-int_errno.o)
 .text          0x0080bbdc       0x70 c:/altera/13.0sp1/nios2eds/bin/gnu/h-i686-mingw32/bin/../lib/gcc/nios2-elf/4.1.2/../../../../nios2-elf/lib/mno-hw-mul\libc.a(lib_a-isattyr.o)
                0x0080bbdc                _isatty_r
 .text          0x0080bc4c       0x78 c:/altera/13.0sp1/nios2eds/bin/gnu/h-i686-mingw32/bin/../lib/gcc/nios2-elf/4.1.2/../../../../nios2-elf/lib/mno-hw-mul\libc.a(lib_a-lseekr.o)
                0x0080bc4c                _lseek_r
 .text          0x0080bcc4       0x78 c:/altera/13.0sp1/nios2eds/bin/gnu/h-i686-mingw32/bin/../lib/gcc/nios2-elf/4.1.2/../../../../nios2-elf/lib/mno-hw-mul\libc.a(lib_a-readr.o)
                0x0080bcc4                _read_r
 .text          0x0080bd3c      0x66c c:/altera/13.0sp1/nios2eds/bin/gnu/h-i686-mingw32/bin/../lib/gcc/nios2-elf/4.1.2/mno-hw-mul\libgcc.a(_udivdi3.o)
                0x0080bd3c                __udivdi3
 .text          0x0080c3a8      0x660 c:/altera/13.0sp1/nios2eds/bin/gnu/h-i686-mingw32/bin/../lib/gcc/nios2-elf/4.1.2/mno-hw-mul\libgcc.a(_umoddi3.o)
                0x0080c3a8                __umoddi3
 .text          0x0080ca08      0x258 c:/altera/13.0sp1/nios2eds/bin/gnu/h-i686-mingw32/bin/../lib/gcc/nios2-elf/4.1.2/mno-hw-mul\libgcc.a(_div_df.o)
                0x0080ca08                __divdf3
 .text          0x0080cc60       0x88 c:/altera/13.0sp1/nios2eds/bin/gnu/h-i686-mingw32/bin/../lib/gcc/nios2-elf/4.1.2/mno-hw-mul\libgcc.a(_ne_df.o)
                0x0080cc60                __nedf2
 .text          0x0080cce8       0x88 c:/altera/13.0sp1/nios2eds/bin/gnu/h-i686-mingw32/bin/../lib/gcc/nios2-elf/4.1.2/mno-hw-mul\libgcc.a(_lt_df.o)
                0x0080cce8                __ltdf2
 .text          0x0080cd70      0x194 c:/altera/13.0sp1/nios2eds/bin/gnu/h-i686-mingw32/bin/../lib/gcc/nios2-elf/4.1.2/mno-hw-mul\libgcc.a(_usi_to_df.o)
                0x0080cd70                __floatunsidf
 .text          0x0080cf04      0x160 ../hmmmmm_bsp/\libhal_bsp.a(alt_close.o)
                0x0080cf04                close
 .text          0x0080d064       0x2c ../hmmmmm_bsp/\libhal_bsp.a(alt_dev.o)
 .text          0x0080d090        0x0 ../hmmmmm_bsp/\libhal_bsp.a(alt_errno.o)
 .text          0x0080d090      0x138 ../hmmmmm_bsp/\libhal_bsp.a(alt_fstat.o)
                0x0080d090                fstat
 .text          0x0080d1c8      0x124 ../hmmmmm_bsp/\libhal_bsp.a(alt_isatty.o)
                0x0080d1c8                isatty
 .text          0x0080d2ec       0xec ../hmmmmm_bsp/\libhal_bsp.a(alt_load.o)
                0x0080d2ec                alt_load
 .text          0x0080d3d8      0x154 ../hmmmmm_bsp/\libhal_bsp.a(alt_lseek.o)
                0x0080d3d8                lseek
 .text          0x0080d52c       0x6c ../hmmmmm_bsp/\libhal_bsp.a(alt_main.o)
                0x0080d52c                alt_main
 .text          0x0080d598       0x40 ../hmmmmm_bsp/\libhal_bsp.a(alt_malloc_lock.o)
                0x0080d598                __malloc_lock
                0x0080d5b8                __malloc_unlock
 .text          0x0080d5d8      0x184 ../hmmmmm_bsp/\libhal_bsp.a(alt_read.o)
                0x0080d5d8                read
 .text          0x0080d75c       0x78 ../hmmmmm_bsp/\libhal_bsp.a(alt_release_fd.o)
                0x0080d75c                alt_release_fd
 .text          0x0080d7d4       0xbc ../hmmmmm_bsp/\libhal_bsp.a(alt_sbrk.o)
                0x0080d7d4                sbrk
 .text          0x0080d890       0xf4 ../hmmmmm_bsp/\libhal_bsp.a(alt_times.o)
                0x0080d890                times
 .text          0x0080d984      0x184 ../hmmmmm_bsp/\libhal_bsp.a(alt_write.o)
                0x0080d984                write
 .text          0x0080db08       0xc8 ../hmmmmm_bsp/\libhal_bsp.a(alt_sys_init.o)
                0x0080db08                alt_irq_init
                0x0080db3c                alt_sys_init
 .text          0x0080dbd0      0x148 ../hmmmmm_bsp/\libhal_bsp.a(altera_avalon_jtag_uart_fd.o)
                0x0080dbd0                altera_avalon_jtag_uart_read_fd
                0x0080dc28                altera_avalon_jtag_uart_write_fd
                0x0080dc80                altera_avalon_jtag_uart_close_fd
                0x0080dcc8                altera_avalon_jtag_uart_ioctl_fd
 .text          0x0080dd18      0x40c ../hmmmmm_bsp/\libhal_bsp.a(altera_avalon_jtag_uart_init.o)
                0x0080dd18                altera_avalon_jtag_uart_init
                0x0080e0b0                altera_avalon_jtag_uart_close
 .text          0x0080e124       0xf4 ../hmmmmm_bsp/\libhal_bsp.a(altera_avalon_jtag_uart_ioctl.o)
                0x0080e124                altera_avalon_jtag_uart_ioctl
 .text          0x0080e218      0x224 ../hmmmmm_bsp/\libhal_bsp.a(altera_avalon_jtag_uart_read.o)
                0x0080e218                altera_avalon_jtag_uart_read
 .text          0x0080e43c      0x240 ../hmmmmm_bsp/\libhal_bsp.a(altera_avalon_jtag_uart_write.o)
                0x0080e43c                altera_avalon_jtag_uart_write
 .text          0x0080e67c      0x100 ../hmmmmm_bsp/\libhal_bsp.a(altera_avalon_timer_sc.o)
                0x0080e6ec                alt_avalon_timer_sc_init
 .text          0x0080e77c      0x154 ../hmmmmm_bsp/\libhal_bsp.a(alt_alarm_start.o)
                0x0080e77c                alt_alarm_start
 .text          0x0080e8d0       0x1c ../hmmmmm_bsp/\libhal_bsp.a(alt_dcache_flush_all.o)
                0x0080e8d0                alt_dcache_flush_all
 .text          0x0080e8ec      0x114 ../hmmmmm_bsp/\libhal_bsp.a(alt_dev_llist_insert.o)
                0x0080e8ec                alt_dev_llist_insert
 .text          0x0080ea00       0x64 ../hmmmmm_bsp/\libhal_bsp.a(alt_do_ctors.o)
                0x0080ea00                _do_ctors
 .text          0x0080ea64       0x64 ../hmmmmm_bsp/\libhal_bsp.a(alt_do_dtors.o)
                0x0080ea64                _do_dtors
 .text          0x0080eac8       0x30 ../hmmmmm_bsp/\libhal_bsp.a(alt_icache_flush_all.o)
                0x0080eac8                alt_icache_flush_all
 .text          0x0080eaf8      0x1d4 ../hmmmmm_bsp/\libhal_bsp.a(alt_iic.o)
                0x0080eaf8                alt_ic_isr_register
                0x0080eb48                alt_ic_irq_enable
                0x0080ebe4                alt_ic_irq_disable
                0x0080ec84                alt_ic_irq_enabled
 .text          0x0080eccc       0xf8 ../hmmmmm_bsp/\libhal_bsp.a(alt_iic_isr_register.o)
                0x0080eccc                alt_iic_isr_register
 .text          0x0080edc4      0x150 ../hmmmmm_bsp/\libhal_bsp.a(alt_io_redirect.o)
                0x0080ee9c                alt_io_redirect
 .text          0x0080ef14        0x0 ../hmmmmm_bsp/\libhal_bsp.a(alt_irq_entry.o)
 .text          0x0080ef14        0x0 ../hmmmmm_bsp/\libhal_bsp.a(alt_irq_handler.o)
 .text          0x0080ef14        0x0 ../hmmmmm_bsp/\libhal_bsp.a(alt_irq_vars.o)
 .text          0x0080ef14      0x2e4 ../hmmmmm_bsp/\libhal_bsp.a(alt_open.o)
                0x0080f00c                open
 .text          0x0080f1f8      0x1a4 ../hmmmmm_bsp/\libhal_bsp.a(alt_tick.o)
                0x0080f1f8                alt_alarm_stop
                0x0080f290                alt_tick
 .text          0x0080f39c       0x20 ../hmmmmm_bsp/\libhal_bsp.a(altera_nios2_qsys_irq.o)
                0x0080f39c                altera_nios2_qsys_irq_init
 .text          0x0080f3bc        0x0 ../hmmmmm_bsp/\libhal_bsp.a(alt_exception_entry.o)
 .text          0x0080f3bc       0x94 ../hmmmmm_bsp/\libhal_bsp.a(alt_find_dev.o)
                0x0080f3bc                alt_find_dev
 .text          0x0080f450      0x120 ../hmmmmm_bsp/\libhal_bsp.a(alt_find_file.o)
                0x0080f450                alt_find_file
 .text          0x0080f570       0xd0 ../hmmmmm_bsp/\libhal_bsp.a(alt_get_fd.o)
                0x0080f570                alt_get_fd
 .text          0x0080f640       0x90 ../hmmmmm_bsp/\libhal_bsp.a(alt_icache_flush.o)
                0x0080f640                alt_icache_flush
 .text          0x0080f6d0       0x14 c:/altera/13.0sp1/nios2eds/bin/gnu/h-i686-mingw32/bin/../lib/gcc/nios2-elf/4.1.2/../../../../nios2-elf/lib/mno-hw-mul\libc.a(lib_a-atexit.o)
                0x0080f6d0                atexit
 .text          0x0080f6e4       0x38 c:/altera/13.0sp1/nios2eds/bin/gnu/h-i686-mingw32/bin/../lib/gcc/nios2-elf/4.1.2/../../../../nios2-elf/lib/mno-hw-mul\libc.a(lib_a-exit.o)
                0x0080f6e4                exit
 .text          0x0080f71c       0x74 c:/altera/13.0sp1/nios2eds/bin/gnu/h-i686-mingw32/bin/../lib/gcc/nios2-elf/4.1.2/../../../../nios2-elf/lib/mno-hw-mul\libc.a(lib_a-memcmp.o)
                0x0080f71c                memcmp
 .text          0x0080f790      0x134 c:/altera/13.0sp1/nios2eds/bin/gnu/h-i686-mingw32/bin/../lib/gcc/nios2-elf/4.1.2/../../../../nios2-elf/lib/mno-hw-mul\libc.a(lib_a-__atexit.o)
                0x0080f790                __register_exitproc
 .text          0x0080f8c4      0x1b4 c:/altera/13.0sp1/nios2eds/bin/gnu/h-i686-mingw32/bin/../lib/gcc/nios2-elf/4.1.2/../../../../nios2-elf/lib/mno-hw-mul\libc.a(lib_a-__call_atexit.o)
                0x0080f8c8                __call_exitprocs
 .text          0x0080fa78       0x60 ../hmmmmm_bsp/\libhal_bsp.a(alt_exit.o)
                0x0080fab8                _exit
 *(.gnu.warning.*)
 *(.fini)
                0x0080fad8                PROVIDE (__etext, ABSOLUTE (.))
                0x0080fad8                PROVIDE (_etext, ABSOLUTE (.))
                0x0080fad8                PROVIDE (etext, ABSOLUTE (.))
 *(.eh_frame_hdr)
                0x0080fad8                . = ALIGN (0x4)
                0x0080fad8                PROVIDE (__preinit_array_start, ABSOLUTE (.))
 *(.preinit_array)
                0x0080fad8                PROVIDE (__preinit_array_end, ABSOLUTE (.))
                0x0080fad8                PROVIDE (__init_array_start, ABSOLUTE (.))
 *(.init_array)
                0x0080fad8                PROVIDE (__init_array_end, ABSOLUTE (.))
                0x0080fad8                PROVIDE (__fini_array_start, ABSOLUTE (.))
 *(.fini_array)
                0x0080fad8                PROVIDE (__fini_array_end, ABSOLUTE (.))
 *(.eh_frame)
 *(.gcc_except_table)
 *(.dynamic)
                0x0080fad8                PROVIDE (__CTOR_LIST__, ABSOLUTE (.))
 *(.ctors)
 *(SORT(.ctors.*))
 .ctors.65535   0x0080fad8        0x4 c:/altera/13.0sp1/nios2eds/bin/gnu/h-i686-mingw32/bin/../lib/gcc/nios2-elf/4.1.2/../../../../nios2-elf/lib/mno-hw-mul\libc.a(lib_a-__call_atexit.o)
                0x0080fadc                PROVIDE (__CTOR_END__, ABSOLUTE (.))
                0x0080fadc                PROVIDE (__DTOR_LIST__, ABSOLUTE (.))
 *(.dtors)
 *(SORT(.dtors.*))
                0x0080fadc                PROVIDE (__DTOR_END__, ABSOLUTE (.))
 *(.jcr)
                0x0080fadc                . = ALIGN (0x4)

.rodata         0x0080fadc      0x584
                0x0080fadc                PROVIDE (__ram_rodata_start, ABSOLUTE (.))
                0x0080fadc                . = ALIGN (0x4)
 *(.rodata .rodata.* .gnu.linkonce.r.*)
 .rodata        0x0080fadc       0x60 obj/default/hello_world.o
 .rodata        0x0080fb3c      0x188 c:/altera/13.0sp1/nios2eds/bin/gnu/h-i686-mingw32/bin/../lib/gcc/nios2-elf/4.1.2/../../../../nios2-elf/lib/mno-hw-mul\libm.a(lib_a-e_rem_pio2.o)
 .rodata        0x0080fcc4       0x50 c:/altera/13.0sp1/nios2eds/bin/gnu/h-i686-mingw32/bin/../lib/gcc/nios2-elf/4.1.2/../../../../nios2-elf/lib/mno-hw-mul\libm.a(lib_a-k_rem_pio2.o)
 .rodata        0x0080fd14       0x10 c:/altera/13.0sp1/nios2eds/bin/gnu/h-i686-mingw32/bin/../lib/gcc/nios2-elf/4.1.2/mno-hw-mul\libgcc.a(_thenan_sf.o)
                0x0080fd14                __thenan_sf
 .rodata        0x0080fd24       0x14 c:/altera/13.0sp1/nios2eds/bin/gnu/h-i686-mingw32/bin/../lib/gcc/nios2-elf/4.1.2/mno-hw-mul\libgcc.a(_thenan_df.o)
                0x0080fd24                __thenan_df
 .rodata        0x0080fd38      0x100 c:/altera/13.0sp1/nios2eds/bin/gnu/h-i686-mingw32/bin/../lib/gcc/nios2-elf/4.1.2/mno-hw-mul\libgcc.a(_clz.o)
                0x0080fd38                __clz_tab
 .rodata.str1.4
                0x0080fe38        0x2 c:/altera/13.0sp1/nios2eds/bin/gnu/h-i686-mingw32/bin/../lib/gcc/nios2-elf/4.1.2/../../../../nios2-elf/lib/mno-hw-mul\libc.a(lib_a-puts.o)
                                  0x4 (size before relaxing)
 *fill*         0x0080fe3a        0x2 00
 .rodata.str1.4
                0x0080fe3c       0x5e c:/altera/13.0sp1/nios2eds/bin/gnu/h-i686-mingw32/bin/../lib/gcc/nios2-elf/4.1.2/../../../../nios2-elf/lib/mno-hw-mul\libc.a(lib_a-vfprintf.o)
                                 0x60 (size before relaxing)
 .rodata        0x0080fe9a       0x20 c:/altera/13.0sp1/nios2eds/bin/gnu/h-i686-mingw32/bin/../lib/gcc/nios2-elf/4.1.2/../../../../nios2-elf/lib/mno-hw-mul\libc.a(lib_a-vfprintf.o)
 *fill*         0x0080feba        0x2 00
 .rodata.str1.4
                0x0080febc       0x10 c:/altera/13.0sp1/nios2eds/bin/gnu/h-i686-mingw32/bin/../lib/gcc/nios2-elf/4.1.2/../../../../nios2-elf/lib/mno-hw-mul\libc.a(lib_a-dtoa.o)
                                 0x14 (size before relaxing)
 .rodata.str1.4
                0x0080fecc        0x2 c:/altera/13.0sp1/nios2eds/bin/gnu/h-i686-mingw32/bin/../lib/gcc/nios2-elf/4.1.2/../../../../nios2-elf/lib/mno-hw-mul\libc.a(lib_a-impure.o)
                                  0x4 (size before relaxing)
 *fill*         0x0080fece        0x2 00
 .rodata.str1.4
                0x0080fed0       0x10 c:/altera/13.0sp1/nios2eds/bin/gnu/h-i686-mingw32/bin/../lib/gcc/nios2-elf/4.1.2/../../../../nios2-elf/lib/mno-hw-mul\libc.a(lib_a-locale.o)
                                 0x18 (size before relaxing)
 .rodata        0x0080fee0       0x30 c:/altera/13.0sp1/nios2eds/bin/gnu/h-i686-mingw32/bin/../lib/gcc/nios2-elf/4.1.2/../../../../nios2-elf/lib/mno-hw-mul\libc.a(lib_a-locale.o)
 .rodata        0x0080ff10      0x124 c:/altera/13.0sp1/nios2eds/bin/gnu/h-i686-mingw32/bin/../lib/gcc/nios2-elf/4.1.2/../../../../nios2-elf/lib/mno-hw-mul\libc.a(lib_a-mprec.o)
                0x0080ff10                __mprec_tens
                0x0080ffd8                __mprec_bigtens
                0x00810000                __mprec_tinytens
 .rodata        0x00810034        0xc ../hmmmmm_bsp/\libhal_bsp.a(alt_dev.o)
 .rodata        0x00810040       0x10 ../hmmmmm_bsp/\libhal_bsp.a(alt_main.o)
 .rodata        0x00810050       0x10 ../hmmmmm_bsp/\libhal_bsp.a(alt_sys_init.o)
 *(.rodata1)
                0x00810060                . = ALIGN (0x4)
                0x00810060                PROVIDE (__ram_rodata_end, ABSOLUTE (.))
                0x0080fadc                PROVIDE (__flash_rodata_start, LOADADDR (.rodata))

.rwdata         0x00810060     0x1a5c load address 0x00811abc
                0x00810060                PROVIDE (__ram_rwdata_start, ABSOLUTE (.))
                0x00810060                . = ALIGN (0x4)
 *(.got.plt)
 *(.got)
 *(.data1)
 *(.data .data.* .gnu.linkonce.d.*)
 .data          0x00810060        0x0 ../hmmmmm_bsp//obj/HAL/src/crt0.o
 .data          0x00810060        0x0 obj/default/hello_world.o
 .data          0x00810060        0x0 c:/altera/13.0sp1/nios2eds/bin/gnu/h-i686-mingw32/bin/../lib/gcc/nios2-elf/4.1.2/../../../../nios2-elf/lib/mno-hw-mul\libm.a(lib_a-s_cos.o)
 .data          0x00810060        0x0 c:/altera/13.0sp1/nios2eds/bin/gnu/h-i686-mingw32/bin/../lib/gcc/nios2-elf/4.1.2/../../../../nios2-elf/lib/mno-hw-mul\libm.a(lib_a-s_floor.o)
 .data          0x00810060        0x0 c:/altera/13.0sp1/nios2eds/bin/gnu/h-i686-mingw32/bin/../lib/gcc/nios2-elf/4.1.2/../../../../nios2-elf/lib/mno-hw-mul\libm.a(lib_a-e_rem_pio2.o)
 .data          0x00810060        0x0 c:/altera/13.0sp1/nios2eds/bin/gnu/h-i686-mingw32/bin/../lib/gcc/nios2-elf/4.1.2/../../../../nios2-elf/lib/mno-hw-mul\libm.a(lib_a-k_cos.o)
 .data          0x00810060        0x0 c:/altera/13.0sp1/nios2eds/bin/gnu/h-i686-mingw32/bin/../lib/gcc/nios2-elf/4.1.2/../../../../nios2-elf/lib/mno-hw-mul\libm.a(lib_a-k_rem_pio2.o)
 .data          0x00810060        0x0 c:/altera/13.0sp1/nios2eds/bin/gnu/h-i686-mingw32/bin/../lib/gcc/nios2-elf/4.1.2/../../../../nios2-elf/lib/mno-hw-mul\libm.a(lib_a-k_sin.o)
 .data          0x00810060        0x0 c:/altera/13.0sp1/nios2eds/bin/gnu/h-i686-mingw32/bin/../lib/gcc/nios2-elf/4.1.2/../../../../nios2-elf/lib/mno-hw-mul\libm.a(lib_a-s_fabs.o)
 .data          0x00810060        0x0 c:/altera/13.0sp1/nios2eds/bin/gnu/h-i686-mingw32/bin/../lib/gcc/nios2-elf/4.1.2/../../../../nios2-elf/lib/mno-hw-mul\libm.a(lib_a-s_scalbn.o)
 .data          0x00810060        0x0 c:/altera/13.0sp1/nios2eds/bin/gnu/h-i686-mingw32/bin/../lib/gcc/nios2-elf/4.1.2/../../../../nios2-elf/lib/mno-hw-mul\libm.a(lib_a-s_copysign.o)
 .data          0x00810060        0x0 c:/altera/13.0sp1/nios2eds/bin/gnu/h-i686-mingw32/bin/../lib/gcc/nios2-elf/4.1.2/mno-hw-mul\libgcc.a(_addsub_sf.o)
 .data          0x00810060        0x0 c:/altera/13.0sp1/nios2eds/bin/gnu/h-i686-mingw32/bin/../lib/gcc/nios2-elf/4.1.2/mno-hw-mul\libgcc.a(_mul_sf.o)
 .data          0x00810060        0x0 c:/altera/13.0sp1/nios2eds/bin/gnu/h-i686-mingw32/bin/../lib/gcc/nios2-elf/4.1.2/mno-hw-mul\libgcc.a(_div_sf.o)
 .data          0x00810060        0x0 c:/altera/13.0sp1/nios2eds/bin/gnu/h-i686-mingw32/bin/../lib/gcc/nios2-elf/4.1.2/mno-hw-mul\libgcc.a(_sf_to_df.o)
 .data          0x00810060        0x0 c:/altera/13.0sp1/nios2eds/bin/gnu/h-i686-mingw32/bin/../lib/gcc/nios2-elf/4.1.2/mno-hw-mul\libgcc.a(_thenan_sf.o)
 .data          0x00810060        0x0 c:/altera/13.0sp1/nios2eds/bin/gnu/h-i686-mingw32/bin/../lib/gcc/nios2-elf/4.1.2/mno-hw-mul\libgcc.a(_addsub_df.o)
 .data          0x00810060        0x0 c:/altera/13.0sp1/nios2eds/bin/gnu/h-i686-mingw32/bin/../lib/gcc/nios2-elf/4.1.2/mno-hw-mul\libgcc.a(_mul_df.o)
 .data          0x00810060        0x0 c:/altera/13.0sp1/nios2eds/bin/gnu/h-i686-mingw32/bin/../lib/gcc/nios2-elf/4.1.2/mno-hw-mul\libgcc.a(_eq_df.o)
 .data          0x00810060        0x0 c:/altera/13.0sp1/nios2eds/bin/gnu/h-i686-mingw32/bin/../lib/gcc/nios2-elf/4.1.2/mno-hw-mul\libgcc.a(_gt_df.o)
 .data          0x00810060        0x0 c:/altera/13.0sp1/nios2eds/bin/gnu/h-i686-mingw32/bin/../lib/gcc/nios2-elf/4.1.2/mno-hw-mul\libgcc.a(_ge_df.o)
 .data          0x00810060        0x0 c:/altera/13.0sp1/nios2eds/bin/gnu/h-i686-mingw32/bin/../lib/gcc/nios2-elf/4.1.2/mno-hw-mul\libgcc.a(_si_to_df.o)
 .data          0x00810060        0x0 c:/altera/13.0sp1/nios2eds/bin/gnu/h-i686-mingw32/bin/../lib/gcc/nios2-elf/4.1.2/mno-hw-mul\libgcc.a(_df_to_si.o)
 .data          0x00810060        0x0 c:/altera/13.0sp1/nios2eds/bin/gnu/h-i686-mingw32/bin/../lib/gcc/nios2-elf/4.1.2/mno-hw-mul\libgcc.a(_make_df.o)
 .data          0x00810060        0x0 c:/altera/13.0sp1/nios2eds/bin/gnu/h-i686-mingw32/bin/../lib/gcc/nios2-elf/4.1.2/mno-hw-mul\libgcc.a(_df_to_sf.o)
 .data          0x00810060        0x0 c:/altera/13.0sp1/nios2eds/bin/gnu/h-i686-mingw32/bin/../lib/gcc/nios2-elf/4.1.2/mno-hw-mul\libgcc.a(_thenan_df.o)
 .data          0x00810060        0x0 c:/altera/13.0sp1/nios2eds/bin/gnu/h-i686-mingw32/bin/../lib/gcc/nios2-elf/4.1.2/mno-hw-mul\libgcc.a(lib2-divmod.o)
 .data          0x00810060        0x0 c:/altera/13.0sp1/nios2eds/bin/gnu/h-i686-mingw32/bin/../lib/gcc/nios2-elf/4.1.2/mno-hw-mul\libgcc.a(lib2-mul.o)
 .data          0x00810060        0x0 c:/altera/13.0sp1/nios2eds/bin/gnu/h-i686-mingw32/bin/../lib/gcc/nios2-elf/4.1.2/mno-hw-mul\libgcc.a(_muldi3.o)
 .data          0x00810060        0x0 c:/altera/13.0sp1/nios2eds/bin/gnu/h-i686-mingw32/bin/../lib/gcc/nios2-elf/4.1.2/mno-hw-mul\libgcc.a(_clzsi2.o)
 .data          0x00810060        0x0 c:/altera/13.0sp1/nios2eds/bin/gnu/h-i686-mingw32/bin/../lib/gcc/nios2-elf/4.1.2/mno-hw-mul\libgcc.a(_pack_sf.o)
 .data          0x00810060        0x0 c:/altera/13.0sp1/nios2eds/bin/gnu/h-i686-mingw32/bin/../lib/gcc/nios2-elf/4.1.2/mno-hw-mul\libgcc.a(_unpack_sf.o)
 .data          0x00810060        0x0 c:/altera/13.0sp1/nios2eds/bin/gnu/h-i686-mingw32/bin/../lib/gcc/nios2-elf/4.1.2/mno-hw-mul\libgcc.a(_make_sf.o)
 .data          0x00810060        0x0 c:/altera/13.0sp1/nios2eds/bin/gnu/h-i686-mingw32/bin/../lib/gcc/nios2-elf/4.1.2/mno-hw-mul\libgcc.a(_pack_df.o)
 .data          0x00810060        0x0 c:/altera/13.0sp1/nios2eds/bin/gnu/h-i686-mingw32/bin/../lib/gcc/nios2-elf/4.1.2/mno-hw-mul\libgcc.a(_unpack_df.o)
 .data          0x00810060        0x0 c:/altera/13.0sp1/nios2eds/bin/gnu/h-i686-mingw32/bin/../lib/gcc/nios2-elf/4.1.2/mno-hw-mul\libgcc.a(_fpcmp_parts_df.o)
 .data          0x00810060        0x0 c:/altera/13.0sp1/nios2eds/bin/gnu/h-i686-mingw32/bin/../lib/gcc/nios2-elf/4.1.2/mno-hw-mul\libgcc.a(_clz.o)
 .data          0x00810060        0x0 c:/altera/13.0sp1/nios2eds/bin/gnu/h-i686-mingw32/bin/../lib/gcc/nios2-elf/4.1.2/../../../../nios2-elf/lib/mno-hw-mul\libc.a(lib_a-printf.o)
 .data          0x00810060        0x0 c:/altera/13.0sp1/nios2eds/bin/gnu/h-i686-mingw32/bin/../lib/gcc/nios2-elf/4.1.2/../../../../nios2-elf/lib/mno-hw-mul\libc.a(lib_a-puts.o)
 .data          0x00810060        0x0 c:/altera/13.0sp1/nios2eds/bin/gnu/h-i686-mingw32/bin/../lib/gcc/nios2-elf/4.1.2/../../../../nios2-elf/lib/mno-hw-mul\libc.a(lib_a-strlen.o)
 .data          0x00810060        0x0 c:/altera/13.0sp1/nios2eds/bin/gnu/h-i686-mingw32/bin/../lib/gcc/nios2-elf/4.1.2/../../../../nios2-elf/lib/mno-hw-mul\libc.a(lib_a-vfprintf.o)
 .data          0x00810060        0x0 c:/altera/13.0sp1/nios2eds/bin/gnu/h-i686-mingw32/bin/../lib/gcc/nios2-elf/4.1.2/../../../../nios2-elf/lib/mno-hw-mul\libc.a(lib_a-wsetup.o)
 .data          0x00810060        0x0 c:/altera/13.0sp1/nios2eds/bin/gnu/h-i686-mingw32/bin/../lib/gcc/nios2-elf/4.1.2/../../../../nios2-elf/lib/mno-hw-mul\libc.a(lib_a-dtoa.o)
 .data          0x00810060        0x0 c:/altera/13.0sp1/nios2eds/bin/gnu/h-i686-mingw32/bin/../lib/gcc/nios2-elf/4.1.2/../../../../nios2-elf/lib/mno-hw-mul\libc.a(lib_a-fflush.o)
 .data          0x00810060        0x0 c:/altera/13.0sp1/nios2eds/bin/gnu/h-i686-mingw32/bin/../lib/gcc/nios2-elf/4.1.2/../../../../nios2-elf/lib/mno-hw-mul\libc.a(lib_a-findfp.o)
 .data          0x00810060        0x0 c:/altera/13.0sp1/nios2eds/bin/gnu/h-i686-mingw32/bin/../lib/gcc/nios2-elf/4.1.2/../../../../nios2-elf/lib/mno-hw-mul\libc.a(lib_a-freer.o)
 .data          0x00810060        0x0 c:/altera/13.0sp1/nios2eds/bin/gnu/h-i686-mingw32/bin/../lib/gcc/nios2-elf/4.1.2/../../../../nios2-elf/lib/mno-hw-mul\libc.a(lib_a-fvwrite.o)
 .data          0x00810060        0x0 c:/altera/13.0sp1/nios2eds/bin/gnu/h-i686-mingw32/bin/../lib/gcc/nios2-elf/4.1.2/../../../../nios2-elf/lib/mno-hw-mul\libc.a(lib_a-fwalk.o)
 .data          0x00810060      0x400 c:/altera/13.0sp1/nios2eds/bin/gnu/h-i686-mingw32/bin/../lib/gcc/nios2-elf/4.1.2/../../../../nios2-elf/lib/mno-hw-mul\libc.a(lib_a-impure.o)
 .data          0x00810460        0xc c:/altera/13.0sp1/nios2eds/bin/gnu/h-i686-mingw32/bin/../lib/gcc/nios2-elf/4.1.2/../../../../nios2-elf/lib/mno-hw-mul\libc.a(lib_a-locale.o)
                0x00810460                __lc_ctype
 .data          0x0081046c        0x0 c:/altera/13.0sp1/nios2eds/bin/gnu/h-i686-mingw32/bin/../lib/gcc/nios2-elf/4.1.2/../../../../nios2-elf/lib/mno-hw-mul\libc.a(lib_a-makebuf.o)
 .data          0x0081046c      0x408 c:/altera/13.0sp1/nios2eds/bin/gnu/h-i686-mingw32/bin/../lib/gcc/nios2-elf/4.1.2/../../../../nios2-elf/lib/mno-hw-mul\libc.a(lib_a-mallocr.o)
                0x0081046c                __malloc_av_
 .data          0x00810874        0x0 c:/altera/13.0sp1/nios2eds/bin/gnu/h-i686-mingw32/bin/../lib/gcc/nios2-elf/4.1.2/../../../../nios2-elf/lib/mno-hw-mul\libc.a(lib_a-memchr.o)
 .data          0x00810874        0x0 c:/altera/13.0sp1/nios2eds/bin/gnu/h-i686-mingw32/bin/../lib/gcc/nios2-elf/4.1.2/../../../../nios2-elf/lib/mno-hw-mul\libc.a(lib_a-memcpy.o)
 .data          0x00810874        0x0 c:/altera/13.0sp1/nios2eds/bin/gnu/h-i686-mingw32/bin/../lib/gcc/nios2-elf/4.1.2/../../../../nios2-elf/lib/mno-hw-mul\libc.a(lib_a-memmove.o)
 .data          0x00810874        0x0 c:/altera/13.0sp1/nios2eds/bin/gnu/h-i686-mingw32/bin/../lib/gcc/nios2-elf/4.1.2/../../../../nios2-elf/lib/mno-hw-mul\libc.a(lib_a-memset.o)
 .data          0x00810874        0x0 c:/altera/13.0sp1/nios2eds/bin/gnu/h-i686-mingw32/bin/../lib/gcc/nios2-elf/4.1.2/../../../../nios2-elf/lib/mno-hw-mul\libc.a(lib_a-mprec.o)
 .data          0x00810874        0x0 c:/altera/13.0sp1/nios2eds/bin/gnu/h-i686-mingw32/bin/../lib/gcc/nios2-elf/4.1.2/../../../../nios2-elf/lib/mno-hw-mul\libc.a(lib_a-reallocr.o)
 .data          0x00810874        0x0 c:/altera/13.0sp1/nios2eds/bin/gnu/h-i686-mingw32/bin/../lib/gcc/nios2-elf/4.1.2/../../../../nios2-elf/lib/mno-hw-mul\libc.a(lib_a-s_isinfd.o)
 .data          0x00810874        0x0 c:/altera/13.0sp1/nios2eds/bin/gnu/h-i686-mingw32/bin/../lib/gcc/nios2-elf/4.1.2/../../../../nios2-elf/lib/mno-hw-mul\libc.a(lib_a-s_isnand.o)
 .data          0x00810874        0x0 c:/altera/13.0sp1/nios2eds/bin/gnu/h-i686-mingw32/bin/../lib/gcc/nios2-elf/4.1.2/../../../../nios2-elf/lib/mno-hw-mul\libc.a(lib_a-sbrkr.o)
 .data          0x00810874        0x0 c:/altera/13.0sp1/nios2eds/bin/gnu/h-i686-mingw32/bin/../lib/gcc/nios2-elf/4.1.2/../../../../nios2-elf/lib/mno-hw-mul\libc.a(lib_a-stdio.o)
 .data          0x00810874        0x0 c:/altera/13.0sp1/nios2eds/bin/gnu/h-i686-mingw32/bin/../lib/gcc/nios2-elf/4.1.2/../../../../nios2-elf/lib/mno-hw-mul\libc.a(lib_a-strcmp.o)
 .data          0x00810874        0x0 c:/altera/13.0sp1/nios2eds/bin/gnu/h-i686-mingw32/bin/../lib/gcc/nios2-elf/4.1.2/../../../../nios2-elf/lib/mno-hw-mul\libc.a(lib_a-writer.o)
 .data          0x00810874        0x0 c:/altera/13.0sp1/nios2eds/bin/gnu/h-i686-mingw32/bin/../lib/gcc/nios2-elf/4.1.2/../../../../nios2-elf/lib/mno-hw-mul\libc.a(lib_a-callocr.o)
 .data          0x00810874        0x0 c:/altera/13.0sp1/nios2eds/bin/gnu/h-i686-mingw32/bin/../lib/gcc/nios2-elf/4.1.2/../../../../nios2-elf/lib/mno-hw-mul\libc.a(lib_a-closer.o)
 .data          0x00810874        0x0 c:/altera/13.0sp1/nios2eds/bin/gnu/h-i686-mingw32/bin/../lib/gcc/nios2-elf/4.1.2/../../../../nios2-elf/lib/mno-hw-mul\libc.a(lib_a-fclose.o)
 .data          0x00810874        0x0 c:/altera/13.0sp1/nios2eds/bin/gnu/h-i686-mingw32/bin/../lib/gcc/nios2-elf/4.1.2/../../../../nios2-elf/lib/mno-hw-mul\libc.a(lib_a-fstatr.o)
 .data          0x00810874        0x0 c:/altera/13.0sp1/nios2eds/bin/gnu/h-i686-mingw32/bin/../lib/gcc/nios2-elf/4.1.2/../../../../nios2-elf/lib/mno-hw-mul\libc.a(lib_a-int_errno.o)
 .data          0x00810874        0x0 c:/altera/13.0sp1/nios2eds/bin/gnu/h-i686-mingw32/bin/../lib/gcc/nios2-elf/4.1.2/../../../../nios2-elf/lib/mno-hw-mul\libc.a(lib_a-isattyr.o)
 .data          0x00810874        0x0 c:/altera/13.0sp1/nios2eds/bin/gnu/h-i686-mingw32/bin/../lib/gcc/nios2-elf/4.1.2/../../../../nios2-elf/lib/mno-hw-mul\libc.a(lib_a-lseekr.o)
 .data          0x00810874        0x0 c:/altera/13.0sp1/nios2eds/bin/gnu/h-i686-mingw32/bin/../lib/gcc/nios2-elf/4.1.2/../../../../nios2-elf/lib/mno-hw-mul\libc.a(lib_a-readr.o)
 .data          0x00810874        0x0 c:/altera/13.0sp1/nios2eds/bin/gnu/h-i686-mingw32/bin/../lib/gcc/nios2-elf/4.1.2/mno-hw-mul\libgcc.a(_udivdi3.o)
 .data          0x00810874        0x0 c:/altera/13.0sp1/nios2eds/bin/gnu/h-i686-mingw32/bin/../lib/gcc/nios2-elf/4.1.2/mno-hw-mul\libgcc.a(_umoddi3.o)
 .data          0x00810874        0x0 c:/altera/13.0sp1/nios2eds/bin/gnu/h-i686-mingw32/bin/../lib/gcc/nios2-elf/4.1.2/mno-hw-mul\libgcc.a(_div_df.o)
 .data          0x00810874        0x0 c:/altera/13.0sp1/nios2eds/bin/gnu/h-i686-mingw32/bin/../lib/gcc/nios2-elf/4.1.2/mno-hw-mul\libgcc.a(_ne_df.o)
 .data          0x00810874        0x0 c:/altera/13.0sp1/nios2eds/bin/gnu/h-i686-mingw32/bin/../lib/gcc/nios2-elf/4.1.2/mno-hw-mul\libgcc.a(_lt_df.o)
 .data          0x00810874        0x0 c:/altera/13.0sp1/nios2eds/bin/gnu/h-i686-mingw32/bin/../lib/gcc/nios2-elf/4.1.2/mno-hw-mul\libgcc.a(_usi_to_df.o)
 .data          0x00810874        0x0 ../hmmmmm_bsp/\libhal_bsp.a(alt_close.o)
 .data          0x00810874      0x1a8 ../hmmmmm_bsp/\libhal_bsp.a(alt_dev.o)
                0x00810874                alt_dev_null
                0x0081089c                alt_fd_list
 .data          0x00810a1c        0x0 ../hmmmmm_bsp/\libhal_bsp.a(alt_errno.o)
 .data          0x00810a1c        0x0 ../hmmmmm_bsp/\libhal_bsp.a(alt_fstat.o)
 .data          0x00810a1c        0x0 ../hmmmmm_bsp/\libhal_bsp.a(alt_isatty.o)
 .data          0x00810a1c        0x0 ../hmmmmm_bsp/\libhal_bsp.a(alt_load.o)
 .data          0x00810a1c        0x0 ../hmmmmm_bsp/\libhal_bsp.a(alt_lseek.o)
 .data          0x00810a1c        0x0 ../hmmmmm_bsp/\libhal_bsp.a(alt_main.o)
 .data          0x00810a1c        0x0 ../hmmmmm_bsp/\libhal_bsp.a(alt_malloc_lock.o)
 .data          0x00810a1c        0x0 ../hmmmmm_bsp/\libhal_bsp.a(alt_read.o)
 .data          0x00810a1c        0x0 ../hmmmmm_bsp/\libhal_bsp.a(alt_release_fd.o)
 .data          0x00810a1c        0x0 ../hmmmmm_bsp/\libhal_bsp.a(alt_sbrk.o)
 .data          0x00810a1c        0x0 ../hmmmmm_bsp/\libhal_bsp.a(alt_times.o)
 .data          0x00810a1c        0x0 ../hmmmmm_bsp/\libhal_bsp.a(alt_write.o)
 .data          0x00810a1c     0x1060 ../hmmmmm_bsp/\libhal_bsp.a(alt_sys_init.o)
 .data          0x00811a7c        0x0 ../hmmmmm_bsp/\libhal_bsp.a(altera_avalon_jtag_uart_fd.o)
 .data          0x00811a7c        0x0 ../hmmmmm_bsp/\libhal_bsp.a(altera_avalon_jtag_uart_init.o)
 .data          0x00811a7c        0x0 ../hmmmmm_bsp/\libhal_bsp.a(altera_avalon_jtag_uart_ioctl.o)
 .data          0x00811a7c        0x0 ../hmmmmm_bsp/\libhal_bsp.a(altera_avalon_jtag_uart_read.o)
 .data          0x00811a7c        0x0 ../hmmmmm_bsp/\libhal_bsp.a(altera_avalon_jtag_uart_write.o)
 .data          0x00811a7c        0x0 ../hmmmmm_bsp/\libhal_bsp.a(altera_avalon_timer_sc.o)
 .data          0x00811a7c        0x0 ../hmmmmm_bsp/\libhal_bsp.a(alt_alarm_start.o)
 .data          0x00811a7c        0x0 ../hmmmmm_bsp/\libhal_bsp.a(alt_dcache_flush_all.o)
 .data          0x00811a7c        0x0 ../hmmmmm_bsp/\libhal_bsp.a(alt_dev_llist_insert.o)
 .data          0x00811a7c        0x0 ../hmmmmm_bsp/\libhal_bsp.a(alt_do_ctors.o)
 .data          0x00811a7c        0x0 ../hmmmmm_bsp/\libhal_bsp.a(alt_do_dtors.o)
 .data          0x00811a7c        0x0 ../hmmmmm_bsp/\libhal_bsp.a(alt_icache_flush_all.o)
 .data          0x00811a7c        0x0 ../hmmmmm_bsp/\libhal_bsp.a(alt_iic.o)
 .data          0x00811a7c        0x0 ../hmmmmm_bsp/\libhal_bsp.a(alt_iic_isr_register.o)
 .data          0x00811a7c        0x0 ../hmmmmm_bsp/\libhal_bsp.a(alt_io_redirect.o)
 .data          0x00811a7c        0x0 ../hmmmmm_bsp/\libhal_bsp.a(alt_irq_entry.o)
 .data          0x00811a7c        0x0 ../hmmmmm_bsp/\libhal_bsp.a(alt_irq_handler.o)
 .data          0x00811a7c        0x0 ../hmmmmm_bsp/\libhal_bsp.a(alt_irq_vars.o)
 .data          0x00811a7c        0x0 ../hmmmmm_bsp/\libhal_bsp.a(alt_open.o)
 .data          0x00811a7c        0x0 ../hmmmmm_bsp/\libhal_bsp.a(alt_tick.o)
 .data          0x00811a7c        0x0 ../hmmmmm_bsp/\libhal_bsp.a(altera_nios2_qsys_irq.o)
 .data          0x00811a7c        0x0 ../hmmmmm_bsp/\libhal_bsp.a(alt_exception_entry.o)
 .data          0x00811a7c        0x0 ../hmmmmm_bsp/\libhal_bsp.a(alt_find_dev.o)
 .data          0x00811a7c        0x0 ../hmmmmm_bsp/\libhal_bsp.a(alt_find_file.o)
 .data          0x00811a7c        0x0 ../hmmmmm_bsp/\libhal_bsp.a(alt_get_fd.o)
 .data          0x00811a7c        0x0 ../hmmmmm_bsp/\libhal_bsp.a(alt_icache_flush.o)
 .data          0x00811a7c        0x0 c:/altera/13.0sp1/nios2eds/bin/gnu/h-i686-mingw32/bin/../lib/gcc/nios2-elf/4.1.2/../../../../nios2-elf/lib/mno-hw-mul\libc.a(lib_a-atexit.o)
 .data          0x00811a7c        0x0 c:/altera/13.0sp1/nios2eds/bin/gnu/h-i686-mingw32/bin/../lib/gcc/nios2-elf/4.1.2/../../../../nios2-elf/lib/mno-hw-mul\libc.a(lib_a-exit.o)
 .data          0x00811a7c        0x0 c:/altera/13.0sp1/nios2eds/bin/gnu/h-i686-mingw32/bin/../lib/gcc/nios2-elf/4.1.2/../../../../nios2-elf/lib/mno-hw-mul\libc.a(lib_a-memcmp.o)
 .data          0x00811a7c        0x0 c:/altera/13.0sp1/nios2eds/bin/gnu/h-i686-mingw32/bin/../lib/gcc/nios2-elf/4.1.2/../../../../nios2-elf/lib/mno-hw-mul\libc.a(lib_a-__atexit.o)
 .data          0x00811a7c        0x0 c:/altera/13.0sp1/nios2eds/bin/gnu/h-i686-mingw32/bin/../lib/gcc/nios2-elf/4.1.2/../../../../nios2-elf/lib/mno-hw-mul\libc.a(lib_a-__call_atexit.o)
 .data          0x00811a7c        0x0 ../hmmmmm_bsp/\libhal_bsp.a(alt_exit.o)
                0x00819a7c                _gp = ABSOLUTE ((. + 0x8000))
                0x00819a7c                PROVIDE (gp, _gp)
 *(.rwdata .rwdata.*)
 *(.sdata .sdata.* .gnu.linkonce.s.*)
 .sdata         0x00811a7c        0x8 c:/altera/13.0sp1/nios2eds/bin/gnu/h-i686-mingw32/bin/../lib/gcc/nios2-elf/4.1.2/../../../../nios2-elf/lib/mno-hw-mul\libc.a(lib_a-impure.o)
                0x00811a7c                _impure_ptr
                0x00811a80                _global_impure_ptr
 .sdata         0x00811a84        0x8 c:/altera/13.0sp1/nios2eds/bin/gnu/h-i686-mingw32/bin/../lib/gcc/nios2-elf/4.1.2/../../../../nios2-elf/lib/mno-hw-mul\libc.a(lib_a-locale.o)
                0x00811a84                __mb_cur_max
 .sdata         0x00811a8c        0x8 c:/altera/13.0sp1/nios2eds/bin/gnu/h-i686-mingw32/bin/../lib/gcc/nios2-elf/4.1.2/../../../../nios2-elf/lib/mno-hw-mul\libc.a(lib_a-mallocr.o)
                0x00811a8c                __malloc_trim_threshold
                0x00811a90                __malloc_sbrk_base
 .sdata         0x00811a94       0x14 ../hmmmmm_bsp/\libhal_bsp.a(alt_dev.o)
                0x00811a94                alt_fs_list
                0x00811a9c                alt_dev_list
                0x00811aa4                alt_max_fd
 .sdata         0x00811aa8        0x4 ../hmmmmm_bsp/\libhal_bsp.a(alt_errno.o)
                0x00811aa8                alt_errno
 .sdata         0x00811aac        0x4 ../hmmmmm_bsp/\libhal_bsp.a(alt_sbrk.o)
 .sdata         0x00811ab0        0x4 ../hmmmmm_bsp/\libhal_bsp.a(alt_irq_vars.o)
                0x00811ab0                alt_priority_mask
 .sdata         0x00811ab4        0x8 ../hmmmmm_bsp/\libhal_bsp.a(alt_tick.o)
                0x00811ab4                alt_alarm_list
 *(.sdata2 .sdata2.* .gnu.linkonce.s2.*)
                0x00811abc                . = ALIGN (0x4)
                0x00811abc                _edata = ABSOLUTE (.)
                0x00811abc                PROVIDE (edata, ABSOLUTE (.))
                0x00811abc                PROVIDE (__ram_rwdata_end, ABSOLUTE (.))
                0x00811abc                PROVIDE (__flash_rwdata_start, LOADADDR (.rwdata))

.bss            0x00813518      0x2ec
                0x00813518                __bss_start = ABSOLUTE (.)
                0x00813518                PROVIDE (__sbss_start, ABSOLUTE (.))
                0x00813518                PROVIDE (___sbss_start, ABSOLUTE (.))
 *(.dynsbss)
 *(.sbss .sbss.* .gnu.linkonce.sb.*)
 .sbss          0x00813518        0xc c:/altera/13.0sp1/nios2eds/bin/gnu/h-i686-mingw32/bin/../lib/gcc/nios2-elf/4.1.2/../../../../nios2-elf/lib/mno-hw-mul\libc.a(lib_a-locale.o)
                0x00813518                __nlocale_changed
                0x0081351c                __mlocale_changed
                0x00813520                _PathLocale
 .sbss          0x00813524        0xc c:/altera/13.0sp1/nios2eds/bin/gnu/h-i686-mingw32/bin/../lib/gcc/nios2-elf/4.1.2/../../../../nios2-elf/lib/mno-hw-mul\libc.a(lib_a-mallocr.o)
                0x00813524                __malloc_top_pad
                0x00813528                __malloc_max_sbrked_mem
                0x0081352c                __malloc_max_total_mem
 .sbss          0x00813530        0x4 c:/altera/13.0sp1/nios2eds/bin/gnu/h-i686-mingw32/bin/../lib/gcc/nios2-elf/4.1.2/../../../../nios2-elf/lib/mno-hw-mul\libc.a(lib_a-int_errno.o)
                0x00813530                errno
 .sbss          0x00813534        0xc ../hmmmmm_bsp/\libhal_bsp.a(alt_main.o)
                0x00813534                alt_argc
                0x00813538                alt_argv
                0x0081353c                alt_envp
 .sbss          0x00813540        0x4 ../hmmmmm_bsp/\libhal_bsp.a(alt_irq_vars.o)
                0x00813540                alt_irq_active
 .sbss          0x00813544        0x8 ../hmmmmm_bsp/\libhal_bsp.a(alt_tick.o)
                0x00813544                _alt_tick_rate
                0x00813548                _alt_nticks
 *(.sbss2 .sbss2.* .gnu.linkonce.sb2.*)
 *(.scommon)
                0x0081354c                PROVIDE (__sbss_end, ABSOLUTE (.))
                0x0081354c                PROVIDE (___sbss_end, ABSOLUTE (.))
 *(.dynbss)
 *(.bss .bss.* .gnu.linkonce.b.*)
 .bss           0x0081354c        0x0 ../hmmmmm_bsp//obj/HAL/src/crt0.o
 .bss           0x0081354c        0x0 obj/default/hello_world.o
 .bss           0x0081354c        0x0 c:/altera/13.0sp1/nios2eds/bin/gnu/h-i686-mingw32/bin/../lib/gcc/nios2-elf/4.1.2/../../../../nios2-elf/lib/mno-hw-mul\libm.a(lib_a-s_cos.o)
 .bss           0x0081354c        0x0 c:/altera/13.0sp1/nios2eds/bin/gnu/h-i686-mingw32/bin/../lib/gcc/nios2-elf/4.1.2/../../../../nios2-elf/lib/mno-hw-mul\libm.a(lib_a-s_floor.o)
 .bss           0x0081354c        0x0 c:/altera/13.0sp1/nios2eds/bin/gnu/h-i686-mingw32/bin/../lib/gcc/nios2-elf/4.1.2/../../../../nios2-elf/lib/mno-hw-mul\libm.a(lib_a-e_rem_pio2.o)
 .bss           0x0081354c        0x0 c:/altera/13.0sp1/nios2eds/bin/gnu/h-i686-mingw32/bin/../lib/gcc/nios2-elf/4.1.2/../../../../nios2-elf/lib/mno-hw-mul\libm.a(lib_a-k_cos.o)
 .bss           0x0081354c        0x0 c:/altera/13.0sp1/nios2eds/bin/gnu/h-i686-mingw32/bin/../lib/gcc/nios2-elf/4.1.2/../../../../nios2-elf/lib/mno-hw-mul\libm.a(lib_a-k_rem_pio2.o)
 .bss           0x0081354c        0x0 c:/altera/13.0sp1/nios2eds/bin/gnu/h-i686-mingw32/bin/../lib/gcc/nios2-elf/4.1.2/../../../../nios2-elf/lib/mno-hw-mul\libm.a(lib_a-k_sin.o)
 .bss           0x0081354c        0x0 c:/altera/13.0sp1/nios2eds/bin/gnu/h-i686-mingw32/bin/../lib/gcc/nios2-elf/4.1.2/../../../../nios2-elf/lib/mno-hw-mul\libm.a(lib_a-s_fabs.o)
 .bss           0x0081354c        0x0 c:/altera/13.0sp1/nios2eds/bin/gnu/h-i686-mingw32/bin/../lib/gcc/nios2-elf/4.1.2/../../../../nios2-elf/lib/mno-hw-mul\libm.a(lib_a-s_scalbn.o)
 .bss           0x0081354c        0x0 c:/altera/13.0sp1/nios2eds/bin/gnu/h-i686-mingw32/bin/../lib/gcc/nios2-elf/4.1.2/../../../../nios2-elf/lib/mno-hw-mul\libm.a(lib_a-s_copysign.o)
 .bss           0x0081354c        0x0 c:/altera/13.0sp1/nios2eds/bin/gnu/h-i686-mingw32/bin/../lib/gcc/nios2-elf/4.1.2/mno-hw-mul\libgcc.a(_addsub_sf.o)
 .bss           0x0081354c        0x0 c:/altera/13.0sp1/nios2eds/bin/gnu/h-i686-mingw32/bin/../lib/gcc/nios2-elf/4.1.2/mno-hw-mul\libgcc.a(_mul_sf.o)
 .bss           0x0081354c        0x0 c:/altera/13.0sp1/nios2eds/bin/gnu/h-i686-mingw32/bin/../lib/gcc/nios2-elf/4.1.2/mno-hw-mul\libgcc.a(_div_sf.o)
 .bss           0x0081354c        0x0 c:/altera/13.0sp1/nios2eds/bin/gnu/h-i686-mingw32/bin/../lib/gcc/nios2-elf/4.1.2/mno-hw-mul\libgcc.a(_sf_to_df.o)
 .bss           0x0081354c        0x0 c:/altera/13.0sp1/nios2eds/bin/gnu/h-i686-mingw32/bin/../lib/gcc/nios2-elf/4.1.2/mno-hw-mul\libgcc.a(_thenan_sf.o)
 .bss           0x0081354c        0x0 c:/altera/13.0sp1/nios2eds/bin/gnu/h-i686-mingw32/bin/../lib/gcc/nios2-elf/4.1.2/mno-hw-mul\libgcc.a(_addsub_df.o)
 .bss           0x0081354c        0x0 c:/altera/13.0sp1/nios2eds/bin/gnu/h-i686-mingw32/bin/../lib/gcc/nios2-elf/4.1.2/mno-hw-mul\libgcc.a(_mul_df.o)
 .bss           0x0081354c        0x0 c:/altera/13.0sp1/nios2eds/bin/gnu/h-i686-mingw32/bin/../lib/gcc/nios2-elf/4.1.2/mno-hw-mul\libgcc.a(_eq_df.o)
 .bss           0x0081354c        0x0 c:/altera/13.0sp1/nios2eds/bin/gnu/h-i686-mingw32/bin/../lib/gcc/nios2-elf/4.1.2/mno-hw-mul\libgcc.a(_gt_df.o)
 .bss           0x0081354c        0x0 c:/altera/13.0sp1/nios2eds/bin/gnu/h-i686-mingw32/bin/../lib/gcc/nios2-elf/4.1.2/mno-hw-mul\libgcc.a(_ge_df.o)
 .bss           0x0081354c        0x0 c:/altera/13.0sp1/nios2eds/bin/gnu/h-i686-mingw32/bin/../lib/gcc/nios2-elf/4.1.2/mno-hw-mul\libgcc.a(_si_to_df.o)
 .bss           0x0081354c        0x0 c:/altera/13.0sp1/nios2eds/bin/gnu/h-i686-mingw32/bin/../lib/gcc/nios2-elf/4.1.2/mno-hw-mul\libgcc.a(_df_to_si.o)
 .bss           0x0081354c        0x0 c:/altera/13.0sp1/nios2eds/bin/gnu/h-i686-mingw32/bin/../lib/gcc/nios2-elf/4.1.2/mno-hw-mul\libgcc.a(_make_df.o)
 .bss           0x0081354c        0x0 c:/altera/13.0sp1/nios2eds/bin/gnu/h-i686-mingw32/bin/../lib/gcc/nios2-elf/4.1.2/mno-hw-mul\libgcc.a(_df_to_sf.o)
 .bss           0x0081354c        0x0 c:/altera/13.0sp1/nios2eds/bin/gnu/h-i686-mingw32/bin/../lib/gcc/nios2-elf/4.1.2/mno-hw-mul\libgcc.a(_thenan_df.o)
 .bss           0x0081354c        0x0 c:/altera/13.0sp1/nios2eds/bin/gnu/h-i686-mingw32/bin/../lib/gcc/nios2-elf/4.1.2/mno-hw-mul\libgcc.a(lib2-divmod.o)
 .bss           0x0081354c        0x0 c:/altera/13.0sp1/nios2eds/bin/gnu/h-i686-mingw32/bin/../lib/gcc/nios2-elf/4.1.2/mno-hw-mul\libgcc.a(lib2-mul.o)
 .bss           0x0081354c        0x0 c:/altera/13.0sp1/nios2eds/bin/gnu/h-i686-mingw32/bin/../lib/gcc/nios2-elf/4.1.2/mno-hw-mul\libgcc.a(_muldi3.o)
 .bss           0x0081354c        0x0 c:/altera/13.0sp1/nios2eds/bin/gnu/h-i686-mingw32/bin/../lib/gcc/nios2-elf/4.1.2/mno-hw-mul\libgcc.a(_clzsi2.o)
 .bss           0x0081354c        0x0 c:/altera/13.0sp1/nios2eds/bin/gnu/h-i686-mingw32/bin/../lib/gcc/nios2-elf/4.1.2/mno-hw-mul\libgcc.a(_pack_sf.o)
 .bss           0x0081354c        0x0 c:/altera/13.0sp1/nios2eds/bin/gnu/h-i686-mingw32/bin/../lib/gcc/nios2-elf/4.1.2/mno-hw-mul\libgcc.a(_unpack_sf.o)
 .bss           0x0081354c        0x0 c:/altera/13.0sp1/nios2eds/bin/gnu/h-i686-mingw32/bin/../lib/gcc/nios2-elf/4.1.2/mno-hw-mul\libgcc.a(_make_sf.o)
 .bss           0x0081354c        0x0 c:/altera/13.0sp1/nios2eds/bin/gnu/h-i686-mingw32/bin/../lib/gcc/nios2-elf/4.1.2/mno-hw-mul\libgcc.a(_pack_df.o)
 .bss           0x0081354c        0x0 c:/altera/13.0sp1/nios2eds/bin/gnu/h-i686-mingw32/bin/../lib/gcc/nios2-elf/4.1.2/mno-hw-mul\libgcc.a(_unpack_df.o)
 .bss           0x0081354c        0x0 c:/altera/13.0sp1/nios2eds/bin/gnu/h-i686-mingw32/bin/../lib/gcc/nios2-elf/4.1.2/mno-hw-mul\libgcc.a(_fpcmp_parts_df.o)
 .bss           0x0081354c        0x0 c:/altera/13.0sp1/nios2eds/bin/gnu/h-i686-mingw32/bin/../lib/gcc/nios2-elf/4.1.2/mno-hw-mul\libgcc.a(_clz.o)
 .bss           0x0081354c        0x0 c:/altera/13.0sp1/nios2eds/bin/gnu/h-i686-mingw32/bin/../lib/gcc/nios2-elf/4.1.2/../../../../nios2-elf/lib/mno-hw-mul\libc.a(lib_a-printf.o)
 .bss           0x0081354c        0x0 c:/altera/13.0sp1/nios2eds/bin/gnu/h-i686-mingw32/bin/../lib/gcc/nios2-elf/4.1.2/../../../../nios2-elf/lib/mno-hw-mul\libc.a(lib_a-puts.o)
 .bss           0x0081354c        0x0 c:/altera/13.0sp1/nios2eds/bin/gnu/h-i686-mingw32/bin/../lib/gcc/nios2-elf/4.1.2/../../../../nios2-elf/lib/mno-hw-mul\libc.a(lib_a-strlen.o)
 .bss           0x0081354c        0x0 c:/altera/13.0sp1/nios2eds/bin/gnu/h-i686-mingw32/bin/../lib/gcc/nios2-elf/4.1.2/../../../../nios2-elf/lib/mno-hw-mul\libc.a(lib_a-vfprintf.o)
 .bss           0x0081354c        0x0 c:/altera/13.0sp1/nios2eds/bin/gnu/h-i686-mingw32/bin/../lib/gcc/nios2-elf/4.1.2/../../../../nios2-elf/lib/mno-hw-mul\libc.a(lib_a-wsetup.o)
 .bss           0x0081354c        0x0 c:/altera/13.0sp1/nios2eds/bin/gnu/h-i686-mingw32/bin/../lib/gcc/nios2-elf/4.1.2/../../../../nios2-elf/lib/mno-hw-mul\libc.a(lib_a-dtoa.o)
 .bss           0x0081354c        0x0 c:/altera/13.0sp1/nios2eds/bin/gnu/h-i686-mingw32/bin/../lib/gcc/nios2-elf/4.1.2/../../../../nios2-elf/lib/mno-hw-mul\libc.a(lib_a-fflush.o)
 .bss           0x0081354c        0x0 c:/altera/13.0sp1/nios2eds/bin/gnu/h-i686-mingw32/bin/../lib/gcc/nios2-elf/4.1.2/../../../../nios2-elf/lib/mno-hw-mul\libc.a(lib_a-findfp.o)
 .bss           0x0081354c        0x0 c:/altera/13.0sp1/nios2eds/bin/gnu/h-i686-mingw32/bin/../lib/gcc/nios2-elf/4.1.2/../../../../nios2-elf/lib/mno-hw-mul\libc.a(lib_a-freer.o)
 .bss           0x0081354c        0x0 c:/altera/13.0sp1/nios2eds/bin/gnu/h-i686-mingw32/bin/../lib/gcc/nios2-elf/4.1.2/../../../../nios2-elf/lib/mno-hw-mul\libc.a(lib_a-fvwrite.o)
 .bss           0x0081354c        0x0 c:/altera/13.0sp1/nios2eds/bin/gnu/h-i686-mingw32/bin/../lib/gcc/nios2-elf/4.1.2/../../../../nios2-elf/lib/mno-hw-mul\libc.a(lib_a-fwalk.o)
 .bss           0x0081354c        0x0 c:/altera/13.0sp1/nios2eds/bin/gnu/h-i686-mingw32/bin/../lib/gcc/nios2-elf/4.1.2/../../../../nios2-elf/lib/mno-hw-mul\libc.a(lib_a-impure.o)
 .bss           0x0081354c        0x0 c:/altera/13.0sp1/nios2eds/bin/gnu/h-i686-mingw32/bin/../lib/gcc/nios2-elf/4.1.2/../../../../nios2-elf/lib/mno-hw-mul\libc.a(lib_a-locale.o)
 .bss           0x0081354c        0x0 c:/altera/13.0sp1/nios2eds/bin/gnu/h-i686-mingw32/bin/../lib/gcc/nios2-elf/4.1.2/../../../../nios2-elf/lib/mno-hw-mul\libc.a(lib_a-makebuf.o)
 .bss           0x0081354c       0x28 c:/altera/13.0sp1/nios2eds/bin/gnu/h-i686-mingw32/bin/../lib/gcc/nios2-elf/4.1.2/../../../../nios2-elf/lib/mno-hw-mul\libc.a(lib_a-mallocr.o)
                0x0081354c                __malloc_current_mallinfo
 .bss           0x00813574        0x0 c:/altera/13.0sp1/nios2eds/bin/gnu/h-i686-mingw32/bin/../lib/gcc/nios2-elf/4.1.2/../../../../nios2-elf/lib/mno-hw-mul\libc.a(lib_a-memchr.o)
 .bss           0x00813574        0x0 c:/altera/13.0sp1/nios2eds/bin/gnu/h-i686-mingw32/bin/../lib/gcc/nios2-elf/4.1.2/../../../../nios2-elf/lib/mno-hw-mul\libc.a(lib_a-memcpy.o)
 .bss           0x00813574        0x0 c:/altera/13.0sp1/nios2eds/bin/gnu/h-i686-mingw32/bin/../lib/gcc/nios2-elf/4.1.2/../../../../nios2-elf/lib/mno-hw-mul\libc.a(lib_a-memmove.o)
 .bss           0x00813574        0x0 c:/altera/13.0sp1/nios2eds/bin/gnu/h-i686-mingw32/bin/../lib/gcc/nios2-elf/4.1.2/../../../../nios2-elf/lib/mno-hw-mul\libc.a(lib_a-memset.o)
 .bss           0x00813574        0x0 c:/altera/13.0sp1/nios2eds/bin/gnu/h-i686-mingw32/bin/../lib/gcc/nios2-elf/4.1.2/../../../../nios2-elf/lib/mno-hw-mul\libc.a(lib_a-mprec.o)
 .bss           0x00813574        0x0 c:/altera/13.0sp1/nios2eds/bin/gnu/h-i686-mingw32/bin/../lib/gcc/nios2-elf/4.1.2/../../../../nios2-elf/lib/mno-hw-mul\libc.a(lib_a-reallocr.o)
 .bss           0x00813574        0x0 c:/altera/13.0sp1/nios2eds/bin/gnu/h-i686-mingw32/bin/../lib/gcc/nios2-elf/4.1.2/../../../../nios2-elf/lib/mno-hw-mul\libc.a(lib_a-s_isinfd.o)
 .bss           0x00813574        0x0 c:/altera/13.0sp1/nios2eds/bin/gnu/h-i686-mingw32/bin/../lib/gcc/nios2-elf/4.1.2/../../../../nios2-elf/lib/mno-hw-mul\libc.a(lib_a-s_isnand.o)
 .bss           0x00813574        0x0 c:/altera/13.0sp1/nios2eds/bin/gnu/h-i686-mingw32/bin/../lib/gcc/nios2-elf/4.1.2/../../../../nios2-elf/lib/mno-hw-mul\libc.a(lib_a-sbrkr.o)
 .bss           0x00813574        0x0 c:/altera/13.0sp1/nios2eds/bin/gnu/h-i686-mingw32/bin/../lib/gcc/nios2-elf/4.1.2/../../../../nios2-elf/lib/mno-hw-mul\libc.a(lib_a-stdio.o)
 .bss           0x00813574        0x0 c:/altera/13.0sp1/nios2eds/bin/gnu/h-i686-mingw32/bin/../lib/gcc/nios2-elf/4.1.2/../../../../nios2-elf/lib/mno-hw-mul\libc.a(lib_a-strcmp.o)
 .bss           0x00813574        0x0 c:/altera/13.0sp1/nios2eds/bin/gnu/h-i686-mingw32/bin/../lib/gcc/nios2-elf/4.1.2/../../../../nios2-elf/lib/mno-hw-mul\libc.a(lib_a-writer.o)
 .bss           0x00813574        0x0 c:/altera/13.0sp1/nios2eds/bin/gnu/h-i686-mingw32/bin/../lib/gcc/nios2-elf/4.1.2/../../../../nios2-elf/lib/mno-hw-mul\libc.a(lib_a-callocr.o)
 .bss           0x00813574        0x0 c:/altera/13.0sp1/nios2eds/bin/gnu/h-i686-mingw32/bin/../lib/gcc/nios2-elf/4.1.2/../../../../nios2-elf/lib/mno-hw-mul\libc.a(lib_a-closer.o)
 .bss           0x00813574        0x0 c:/altera/13.0sp1/nios2eds/bin/gnu/h-i686-mingw32/bin/../lib/gcc/nios2-elf/4.1.2/../../../../nios2-elf/lib/mno-hw-mul\libc.a(lib_a-fclose.o)
 .bss           0x00813574        0x0 c:/altera/13.0sp1/nios2eds/bin/gnu/h-i686-mingw32/bin/../lib/gcc/nios2-elf/4.1.2/../../../../nios2-elf/lib/mno-hw-mul\libc.a(lib_a-fstatr.o)
 .bss           0x00813574        0x0 c:/altera/13.0sp1/nios2eds/bin/gnu/h-i686-mingw32/bin/../lib/gcc/nios2-elf/4.1.2/../../../../nios2-elf/lib/mno-hw-mul\libc.a(lib_a-int_errno.o)
 .bss           0x00813574        0x0 c:/altera/13.0sp1/nios2eds/bin/gnu/h-i686-mingw32/bin/../lib/gcc/nios2-elf/4.1.2/../../../../nios2-elf/lib/mno-hw-mul\libc.a(lib_a-isattyr.o)
 .bss           0x00813574        0x0 c:/altera/13.0sp1/nios2eds/bin/gnu/h-i686-mingw32/bin/../lib/gcc/nios2-elf/4.1.2/../../../../nios2-elf/lib/mno-hw-mul\libc.a(lib_a-lseekr.o)
 .bss           0x00813574        0x0 c:/altera/13.0sp1/nios2eds/bin/gnu/h-i686-mingw32/bin/../lib/gcc/nios2-elf/4.1.2/../../../../nios2-elf/lib/mno-hw-mul\libc.a(lib_a-readr.o)
 .bss           0x00813574        0x0 c:/altera/13.0sp1/nios2eds/bin/gnu/h-i686-mingw32/bin/../lib/gcc/nios2-elf/4.1.2/mno-hw-mul\libgcc.a(_udivdi3.o)
 .bss           0x00813574        0x0 c:/altera/13.0sp1/nios2eds/bin/gnu/h-i686-mingw32/bin/../lib/gcc/nios2-elf/4.1.2/mno-hw-mul\libgcc.a(_umoddi3.o)
 .bss           0x00813574        0x0 c:/altera/13.0sp1/nios2eds/bin/gnu/h-i686-mingw32/bin/../lib/gcc/nios2-elf/4.1.2/mno-hw-mul\libgcc.a(_div_df.o)
 .bss           0x00813574        0x0 c:/altera/13.0sp1/nios2eds/bin/gnu/h-i686-mingw32/bin/../lib/gcc/nios2-elf/4.1.2/mno-hw-mul\libgcc.a(_ne_df.o)
 .bss           0x00813574        0x0 c:/altera/13.0sp1/nios2eds/bin/gnu/h-i686-mingw32/bin/../lib/gcc/nios2-elf/4.1.2/mno-hw-mul\libgcc.a(_lt_df.o)
 .bss           0x00813574        0x0 c:/altera/13.0sp1/nios2eds/bin/gnu/h-i686-mingw32/bin/../lib/gcc/nios2-elf/4.1.2/mno-hw-mul\libgcc.a(_usi_to_df.o)
 .bss           0x00813574        0x0 ../hmmmmm_bsp/\libhal_bsp.a(alt_close.o)
 .bss           0x00813574        0x0 ../hmmmmm_bsp/\libhal_bsp.a(alt_dev.o)
 .bss           0x00813574        0x0 ../hmmmmm_bsp/\libhal_bsp.a(alt_errno.o)
 .bss           0x00813574        0x0 ../hmmmmm_bsp/\libhal_bsp.a(alt_fstat.o)
 .bss           0x00813574        0x0 ../hmmmmm_bsp/\libhal_bsp.a(alt_isatty.o)
 .bss           0x00813574        0x0 ../hmmmmm_bsp/\libhal_bsp.a(alt_load.o)
 .bss           0x00813574        0x0 ../hmmmmm_bsp/\libhal_bsp.a(alt_lseek.o)
 .bss           0x00813574        0x0 ../hmmmmm_bsp/\libhal_bsp.a(alt_main.o)
 .bss           0x00813574        0x0 ../hmmmmm_bsp/\libhal_bsp.a(alt_malloc_lock.o)
 .bss           0x00813574        0x0 ../hmmmmm_bsp/\libhal_bsp.a(alt_read.o)
 .bss           0x00813574        0x0 ../hmmmmm_bsp/\libhal_bsp.a(alt_release_fd.o)
 .bss           0x00813574        0x0 ../hmmmmm_bsp/\libhal_bsp.a(alt_sbrk.o)
 .bss           0x00813574        0x0 ../hmmmmm_bsp/\libhal_bsp.a(alt_times.o)
 .bss           0x00813574        0x0 ../hmmmmm_bsp/\libhal_bsp.a(alt_write.o)
 .bss           0x00813574        0x0 ../hmmmmm_bsp/\libhal_bsp.a(alt_sys_init.o)
 .bss           0x00813574        0x0 ../hmmmmm_bsp/\libhal_bsp.a(altera_avalon_jtag_uart_fd.o)
 .bss           0x00813574        0x0 ../hmmmmm_bsp/\libhal_bsp.a(altera_avalon_jtag_uart_init.o)
 .bss           0x00813574        0x0 ../hmmmmm_bsp/\libhal_bsp.a(altera_avalon_jtag_uart_ioctl.o)
 .bss           0x00813574        0x0 ../hmmmmm_bsp/\libhal_bsp.a(altera_avalon_jtag_uart_read.o)
 .bss           0x00813574        0x0 ../hmmmmm_bsp/\libhal_bsp.a(altera_avalon_jtag_uart_write.o)
 .bss           0x00813574        0x0 ../hmmmmm_bsp/\libhal_bsp.a(altera_avalon_timer_sc.o)
 .bss           0x00813574        0x0 ../hmmmmm_bsp/\libhal_bsp.a(alt_alarm_start.o)
 .bss           0x00813574        0x0 ../hmmmmm_bsp/\libhal_bsp.a(alt_dcache_flush_all.o)
 .bss           0x00813574        0x0 ../hmmmmm_bsp/\libhal_bsp.a(alt_dev_llist_insert.o)
 .bss           0x00813574        0x0 ../hmmmmm_bsp/\libhal_bsp.a(alt_do_ctors.o)
 .bss           0x00813574        0x0 ../hmmmmm_bsp/\libhal_bsp.a(alt_do_dtors.o)
 .bss           0x00813574        0x0 ../hmmmmm_bsp/\libhal_bsp.a(alt_icache_flush_all.o)
 .bss           0x00813574        0x0 ../hmmmmm_bsp/\libhal_bsp.a(alt_iic.o)
 .bss           0x00813574        0x0 ../hmmmmm_bsp/\libhal_bsp.a(alt_iic_isr_register.o)
 .bss           0x00813574        0x0 ../hmmmmm_bsp/\libhal_bsp.a(alt_io_redirect.o)
 .bss           0x00813574        0x0 ../hmmmmm_bsp/\libhal_bsp.a(alt_irq_entry.o)
 .bss           0x00813574        0x0 ../hmmmmm_bsp/\libhal_bsp.a(alt_irq_handler.o)
 .bss           0x00813574        0x0 ../hmmmmm_bsp/\libhal_bsp.a(alt_irq_vars.o)
 .bss           0x00813574        0x0 ../hmmmmm_bsp/\libhal_bsp.a(alt_open.o)
 .bss           0x00813574        0x0 ../hmmmmm_bsp/\libhal_bsp.a(alt_tick.o)
 .bss           0x00813574        0x0 ../hmmmmm_bsp/\libhal_bsp.a(altera_nios2_qsys_irq.o)
 .bss           0x00813574        0x0 ../hmmmmm_bsp/\libhal_bsp.a(alt_exception_entry.o)
 .bss           0x00813574        0x0 ../hmmmmm_bsp/\libhal_bsp.a(alt_find_dev.o)
 .bss           0x00813574        0x0 ../hmmmmm_bsp/\libhal_bsp.a(alt_find_file.o)
 .bss           0x00813574        0x0 ../hmmmmm_bsp/\libhal_bsp.a(alt_get_fd.o)
 .bss           0x00813574        0x0 ../hmmmmm_bsp/\libhal_bsp.a(alt_icache_flush.o)
 .bss           0x00813574        0x0 c:/altera/13.0sp1/nios2eds/bin/gnu/h-i686-mingw32/bin/../lib/gcc/nios2-elf/4.1.2/../../../../nios2-elf/lib/mno-hw-mul\libc.a(lib_a-atexit.o)
 .bss           0x00813574        0x0 c:/altera/13.0sp1/nios2eds/bin/gnu/h-i686-mingw32/bin/../lib/gcc/nios2-elf/4.1.2/../../../../nios2-elf/lib/mno-hw-mul\libc.a(lib_a-exit.o)
 .bss           0x00813574        0x0 c:/altera/13.0sp1/nios2eds/bin/gnu/h-i686-mingw32/bin/../lib/gcc/nios2-elf/4.1.2/../../../../nios2-elf/lib/mno-hw-mul\libc.a(lib_a-memcmp.o)
 .bss           0x00813574        0x0 c:/altera/13.0sp1/nios2eds/bin/gnu/h-i686-mingw32/bin/../lib/gcc/nios2-elf/4.1.2/../../../../nios2-elf/lib/mno-hw-mul\libc.a(lib_a-__atexit.o)
 .bss           0x00813574        0x0 c:/altera/13.0sp1/nios2eds/bin/gnu/h-i686-mingw32/bin/../lib/gcc/nios2-elf/4.1.2/../../../../nios2-elf/lib/mno-hw-mul\libc.a(lib_a-__call_atexit.o)
 .bss           0x00813574        0x0 ../hmmmmm_bsp/\libhal_bsp.a(alt_exit.o)
 *(COMMON)
 COMMON         0x00813574      0x100 ../hmmmmm_bsp/\libhal_bsp.a(alt_irq_handler.o)
                0x00813574                alt_irq
 COMMON         0x00813674      0x190 c:/altera/13.0sp1/nios2eds/bin/gnu/h-i686-mingw32/bin/../lib/gcc/nios2-elf/4.1.2/../../../../nios2-elf/lib/mno-hw-mul\libc.a(lib_a-atexit.o)
                0x00813674                _atexit0
                0x00813804                . = ALIGN (0x4)
                0x00813804                __bss_end = ABSOLUTE (.)

.sdram          0x00813804        0x0
                0x00813804                PROVIDE (_alt_partition_sdram_start, ABSOLUTE (.))
 *(.sdram. sdram.*)
                0x00813804                . = ALIGN (0x4)
                0x00813804                PROVIDE (_alt_partition_sdram_end, ABSOLUTE (.))
                0x00813804                _end = ABSOLUTE (.)
                0x00813804                end = ABSOLUTE (.)
                0x00813804                __alt_stack_base = ABSOLUTE (.)
                0x00813804                PROVIDE (_alt_partition_sdram_load_addr, LOADADDR (.sdram))

.stab
 *(.stab)

.stabstr
 *(.stabstr)

.stab.excl
 *(.stab.excl)

.stab.exclstr
 *(.stab.exclstr)

.stab.index
 *(.stab.index)

.stab.indexstr
 *(.stab.indexstr)

.comment        0x00000000       0x26
 *(.comment)
 .comment       0x00000000       0x26 obj/default/hello_world.o
                                 0x27 (size before relaxing)
 .comment       0x00000000       0x27 c:/altera/13.0sp1/nios2eds/bin/gnu/h-i686-mingw32/bin/../lib/gcc/nios2-elf/4.1.2/../../../../nios2-elf/lib/mno-hw-mul\libm.a(lib_a-s_cos.o)
 .comment       0x00000000       0x27 c:/altera/13.0sp1/nios2eds/bin/gnu/h-i686-mingw32/bin/../lib/gcc/nios2-elf/4.1.2/../../../../nios2-elf/lib/mno-hw-mul\libm.a(lib_a-s_floor.o)
 .comment       0x00000000       0x27 c:/altera/13.0sp1/nios2eds/bin/gnu/h-i686-mingw32/bin/../lib/gcc/nios2-elf/4.1.2/../../../../nios2-elf/lib/mno-hw-mul\libm.a(lib_a-e_rem_pio2.o)
 .comment       0x00000000       0x27 c:/altera/13.0sp1/nios2eds/bin/gnu/h-i686-mingw32/bin/../lib/gcc/nios2-elf/4.1.2/../../../../nios2-elf/lib/mno-hw-mul\libm.a(lib_a-k_cos.o)
 .comment       0x00000000       0x27 c:/altera/13.0sp1/nios2eds/bin/gnu/h-i686-mingw32/bin/../lib/gcc/nios2-elf/4.1.2/../../../../nios2-elf/lib/mno-hw-mul\libm.a(lib_a-k_rem_pio2.o)
 .comment       0x00000000       0x27 c:/altera/13.0sp1/nios2eds/bin/gnu/h-i686-mingw32/bin/../lib/gcc/nios2-elf/4.1.2/../../../../nios2-elf/lib/mno-hw-mul\libm.a(lib_a-k_sin.o)
 .comment       0x00000000       0x27 c:/altera/13.0sp1/nios2eds/bin/gnu/h-i686-mingw32/bin/../lib/gcc/nios2-elf/4.1.2/../../../../nios2-elf/lib/mno-hw-mul\libm.a(lib_a-s_fabs.o)
 .comment       0x00000000       0x27 c:/altera/13.0sp1/nios2eds/bin/gnu/h-i686-mingw32/bin/../lib/gcc/nios2-elf/4.1.2/../../../../nios2-elf/lib/mno-hw-mul\libm.a(lib_a-s_scalbn.o)
 .comment       0x00000000       0x27 c:/altera/13.0sp1/nios2eds/bin/gnu/h-i686-mingw32/bin/../lib/gcc/nios2-elf/4.1.2/../../../../nios2-elf/lib/mno-hw-mul\libm.a(lib_a-s_copysign.o)
 .comment       0x00000000       0x27 c:/altera/13.0sp1/nios2eds/bin/gnu/h-i686-mingw32/bin/../lib/gcc/nios2-elf/4.1.2/mno-hw-mul\libgcc.a(_addsub_sf.o)
 .comment       0x00000000       0x27 c:/altera/13.0sp1/nios2eds/bin/gnu/h-i686-mingw32/bin/../lib/gcc/nios2-elf/4.1.2/mno-hw-mul\libgcc.a(_mul_sf.o)
 .comment       0x00000000       0x27 c:/altera/13.0sp1/nios2eds/bin/gnu/h-i686-mingw32/bin/../lib/gcc/nios2-elf/4.1.2/mno-hw-mul\libgcc.a(_div_sf.o)
 .comment       0x00000000       0x27 c:/altera/13.0sp1/nios2eds/bin/gnu/h-i686-mingw32/bin/../lib/gcc/nios2-elf/4.1.2/mno-hw-mul\libgcc.a(_sf_to_df.o)
 .comment       0x00000000       0x27 c:/altera/13.0sp1/nios2eds/bin/gnu/h-i686-mingw32/bin/../lib/gcc/nios2-elf/4.1.2/mno-hw-mul\libgcc.a(_thenan_sf.o)
 .comment       0x00000000       0x27 c:/altera/13.0sp1/nios2eds/bin/gnu/h-i686-mingw32/bin/../lib/gcc/nios2-elf/4.1.2/mno-hw-mul\libgcc.a(_addsub_df.o)
 .comment       0x00000000       0x27 c:/altera/13.0sp1/nios2eds/bin/gnu/h-i686-mingw32/bin/../lib/gcc/nios2-elf/4.1.2/mno-hw-mul\libgcc.a(_mul_df.o)
 .comment       0x00000000       0x27 c:/altera/13.0sp1/nios2eds/bin/gnu/h-i686-mingw32/bin/../lib/gcc/nios2-elf/4.1.2/mno-hw-mul\libgcc.a(_eq_df.o)
 .comment       0x00000000       0x27 c:/altera/13.0sp1/nios2eds/bin/gnu/h-i686-mingw32/bin/../lib/gcc/nios2-elf/4.1.2/mno-hw-mul\libgcc.a(_gt_df.o)
 .comment       0x00000000       0x27 c:/altera/13.0sp1/nios2eds/bin/gnu/h-i686-mingw32/bin/../lib/gcc/nios2-elf/4.1.2/mno-hw-mul\libgcc.a(_ge_df.o)
 .comment       0x00000000       0x27 c:/altera/13.0sp1/nios2eds/bin/gnu/h-i686-mingw32/bin/../lib/gcc/nios2-elf/4.1.2/mno-hw-mul\libgcc.a(_si_to_df.o)
 .comment       0x00000000       0x27 c:/altera/13.0sp1/nios2eds/bin/gnu/h-i686-mingw32/bin/../lib/gcc/nios2-elf/4.1.2/mno-hw-mul\libgcc.a(_df_to_si.o)
 .comment       0x00000000       0x27 c:/altera/13.0sp1/nios2eds/bin/gnu/h-i686-mingw32/bin/../lib/gcc/nios2-elf/4.1.2/mno-hw-mul\libgcc.a(_make_df.o)
 .comment       0x00000000       0x27 c:/altera/13.0sp1/nios2eds/bin/gnu/h-i686-mingw32/bin/../lib/gcc/nios2-elf/4.1.2/mno-hw-mul\libgcc.a(_df_to_sf.o)
 .comment       0x00000000       0x27 c:/altera/13.0sp1/nios2eds/bin/gnu/h-i686-mingw32/bin/../lib/gcc/nios2-elf/4.1.2/mno-hw-mul\libgcc.a(_thenan_df.o)
 .comment       0x00000000       0x27 c:/altera/13.0sp1/nios2eds/bin/gnu/h-i686-mingw32/bin/../lib/gcc/nios2-elf/4.1.2/mno-hw-mul\libgcc.a(lib2-divmod.o)
 .comment       0x00000000       0x27 c:/altera/13.0sp1/nios2eds/bin/gnu/h-i686-mingw32/bin/../lib/gcc/nios2-elf/4.1.2/mno-hw-mul\libgcc.a(lib2-mul.o)
 .comment       0x00000000       0x27 c:/altera/13.0sp1/nios2eds/bin/gnu/h-i686-mingw32/bin/../lib/gcc/nios2-elf/4.1.2/mno-hw-mul\libgcc.a(_muldi3.o)
 .comment       0x00000000       0x27 c:/altera/13.0sp1/nios2eds/bin/gnu/h-i686-mingw32/bin/../lib/gcc/nios2-elf/4.1.2/mno-hw-mul\libgcc.a(_clzsi2.o)
 .comment       0x00000000       0x27 c:/altera/13.0sp1/nios2eds/bin/gnu/h-i686-mingw32/bin/../lib/gcc/nios2-elf/4.1.2/mno-hw-mul\libgcc.a(_pack_sf.o)
 .comment       0x00000000       0x27 c:/altera/13.0sp1/nios2eds/bin/gnu/h-i686-mingw32/bin/../lib/gcc/nios2-elf/4.1.2/mno-hw-mul\libgcc.a(_unpack_sf.o)
 .comment       0x00000000       0x27 c:/altera/13.0sp1/nios2eds/bin/gnu/h-i686-mingw32/bin/../lib/gcc/nios2-elf/4.1.2/mno-hw-mul\libgcc.a(_make_sf.o)
 .comment       0x00000000       0x27 c:/altera/13.0sp1/nios2eds/bin/gnu/h-i686-mingw32/bin/../lib/gcc/nios2-elf/4.1.2/mno-hw-mul\libgcc.a(_pack_df.o)
 .comment       0x00000000       0x27 c:/altera/13.0sp1/nios2eds/bin/gnu/h-i686-mingw32/bin/../lib/gcc/nios2-elf/4.1.2/mno-hw-mul\libgcc.a(_unpack_df.o)
 .comment       0x00000000       0x27 c:/altera/13.0sp1/nios2eds/bin/gnu/h-i686-mingw32/bin/../lib/gcc/nios2-elf/4.1.2/mno-hw-mul\libgcc.a(_fpcmp_parts_df.o)
 .comment       0x00000000       0x27 c:/altera/13.0sp1/nios2eds/bin/gnu/h-i686-mingw32/bin/../lib/gcc/nios2-elf/4.1.2/mno-hw-mul\libgcc.a(_clz.o)
 .comment       0x00000000       0x27 c:/altera/13.0sp1/nios2eds/bin/gnu/h-i686-mingw32/bin/../lib/gcc/nios2-elf/4.1.2/../../../../nios2-elf/lib/mno-hw-mul\libc.a(lib_a-printf.o)
 .comment       0x00000000       0x27 c:/altera/13.0sp1/nios2eds/bin/gnu/h-i686-mingw32/bin/../lib/gcc/nios2-elf/4.1.2/../../../../nios2-elf/lib/mno-hw-mul\libc.a(lib_a-puts.o)
 .comment       0x00000000       0x27 c:/altera/13.0sp1/nios2eds/bin/gnu/h-i686-mingw32/bin/../lib/gcc/nios2-elf/4.1.2/../../../../nios2-elf/lib/mno-hw-mul\libc.a(lib_a-strlen.o)
 .comment       0x00000000       0x27 c:/altera/13.0sp1/nios2eds/bin/gnu/h-i686-mingw32/bin/../lib/gcc/nios2-elf/4.1.2/../../../../nios2-elf/lib/mno-hw-mul\libc.a(lib_a-vfprintf.o)
 .comment       0x00000000       0x27 c:/altera/13.0sp1/nios2eds/bin/gnu/h-i686-mingw32/bin/../lib/gcc/nios2-elf/4.1.2/../../../../nios2-elf/lib/mno-hw-mul\libc.a(lib_a-wsetup.o)
 .comment       0x00000000       0x27 c:/altera/13.0sp1/nios2eds/bin/gnu/h-i686-mingw32/bin/../lib/gcc/nios2-elf/4.1.2/../../../../nios2-elf/lib/mno-hw-mul\libc.a(lib_a-dtoa.o)
 .comment       0x00000000       0x27 c:/altera/13.0sp1/nios2eds/bin/gnu/h-i686-mingw32/bin/../lib/gcc/nios2-elf/4.1.2/../../../../nios2-elf/lib/mno-hw-mul\libc.a(lib_a-fflush.o)
 .comment       0x00000000       0x27 c:/altera/13.0sp1/nios2eds/bin/gnu/h-i686-mingw32/bin/../lib/gcc/nios2-elf/4.1.2/../../../../nios2-elf/lib/mno-hw-mul\libc.a(lib_a-findfp.o)
 .comment       0x00000000       0x27 c:/altera/13.0sp1/nios2eds/bin/gnu/h-i686-mingw32/bin/../lib/gcc/nios2-elf/4.1.2/../../../../nios2-elf/lib/mno-hw-mul\libc.a(lib_a-freer.o)
 .comment       0x00000000       0x27 c:/altera/13.0sp1/nios2eds/bin/gnu/h-i686-mingw32/bin/../lib/gcc/nios2-elf/4.1.2/../../../../nios2-elf/lib/mno-hw-mul\libc.a(lib_a-fvwrite.o)
 .comment       0x00000000       0x27 c:/altera/13.0sp1/nios2eds/bin/gnu/h-i686-mingw32/bin/../lib/gcc/nios2-elf/4.1.2/../../../../nios2-elf/lib/mno-hw-mul\libc.a(lib_a-fwalk.o)
 .comment       0x00000000       0x27 c:/altera/13.0sp1/nios2eds/bin/gnu/h-i686-mingw32/bin/../lib/gcc/nios2-elf/4.1.2/../../../../nios2-elf/lib/mno-hw-mul\libc.a(lib_a-impure.o)
 .comment       0x00000000       0x27 c:/altera/13.0sp1/nios2eds/bin/gnu/h-i686-mingw32/bin/../lib/gcc/nios2-elf/4.1.2/../../../../nios2-elf/lib/mno-hw-mul\libc.a(lib_a-locale.o)
 .comment       0x00000000       0x27 c:/altera/13.0sp1/nios2eds/bin/gnu/h-i686-mingw32/bin/../lib/gcc/nios2-elf/4.1.2/../../../../nios2-elf/lib/mno-hw-mul\libc.a(lib_a-makebuf.o)
 .comment       0x00000000       0x27 c:/altera/13.0sp1/nios2eds/bin/gnu/h-i686-mingw32/bin/../lib/gcc/nios2-elf/4.1.2/../../../../nios2-elf/lib/mno-hw-mul\libc.a(lib_a-mallocr.o)
 .comment       0x00000000       0x27 c:/altera/13.0sp1/nios2eds/bin/gnu/h-i686-mingw32/bin/../lib/gcc/nios2-elf/4.1.2/../../../../nios2-elf/lib/mno-hw-mul\libc.a(lib_a-memchr.o)
 .comment       0x00000000       0x27 c:/altera/13.0sp1/nios2eds/bin/gnu/h-i686-mingw32/bin/../lib/gcc/nios2-elf/4.1.2/../../../../nios2-elf/lib/mno-hw-mul\libc.a(lib_a-memcpy.o)
 .comment       0x00000000       0x27 c:/altera/13.0sp1/nios2eds/bin/gnu/h-i686-mingw32/bin/../lib/gcc/nios2-elf/4.1.2/../../../../nios2-elf/lib/mno-hw-mul\libc.a(lib_a-memmove.o)
 .comment       0x00000000       0x27 c:/altera/13.0sp1/nios2eds/bin/gnu/h-i686-mingw32/bin/../lib/gcc/nios2-elf/4.1.2/../../../../nios2-elf/lib/mno-hw-mul\libc.a(lib_a-memset.o)
 .comment       0x00000000       0x27 c:/altera/13.0sp1/nios2eds/bin/gnu/h-i686-mingw32/bin/../lib/gcc/nios2-elf/4.1.2/../../../../nios2-elf/lib/mno-hw-mul\libc.a(lib_a-mprec.o)
 .comment       0x00000000       0x27 c:/altera/13.0sp1/nios2eds/bin/gnu/h-i686-mingw32/bin/../lib/gcc/nios2-elf/4.1.2/../../../../nios2-elf/lib/mno-hw-mul\libc.a(lib_a-reallocr.o)
 .comment       0x00000000       0x27 c:/altera/13.0sp1/nios2eds/bin/gnu/h-i686-mingw32/bin/../lib/gcc/nios2-elf/4.1.2/../../../../nios2-elf/lib/mno-hw-mul\libc.a(lib_a-s_isinfd.o)
 .comment       0x00000000       0x27 c:/altera/13.0sp1/nios2eds/bin/gnu/h-i686-mingw32/bin/../lib/gcc/nios2-elf/4.1.2/../../../../nios2-elf/lib/mno-hw-mul\libc.a(lib_a-s_isnand.o)
 .comment       0x00000000       0x27 c:/altera/13.0sp1/nios2eds/bin/gnu/h-i686-mingw32/bin/../lib/gcc/nios2-elf/4.1.2/../../../../nios2-elf/lib/mno-hw-mul\libc.a(lib_a-sbrkr.o)
 .comment       0x00000000       0x27 c:/altera/13.0sp1/nios2eds/bin/gnu/h-i686-mingw32/bin/../lib/gcc/nios2-elf/4.1.2/../../../../nios2-elf/lib/mno-hw-mul\libc.a(lib_a-stdio.o)
 .comment       0x00000000       0x27 c:/altera/13.0sp1/nios2eds/bin/gnu/h-i686-mingw32/bin/../lib/gcc/nios2-elf/4.1.2/../../../../nios2-elf/lib/mno-hw-mul\libc.a(lib_a-strcmp.o)
 .comment       0x00000000       0x27 c:/altera/13.0sp1/nios2eds/bin/gnu/h-i686-mingw32/bin/../lib/gcc/nios2-elf/4.1.2/../../../../nios2-elf/lib/mno-hw-mul\libc.a(lib_a-writer.o)
 .comment       0x00000000       0x27 c:/altera/13.0sp1/nios2eds/bin/gnu/h-i686-mingw32/bin/../lib/gcc/nios2-elf/4.1.2/../../../../nios2-elf/lib/mno-hw-mul\libc.a(lib_a-callocr.o)
 .comment       0x00000000       0x27 c:/altera/13.0sp1/nios2eds/bin/gnu/h-i686-mingw32/bin/../lib/gcc/nios2-elf/4.1.2/../../../../nios2-elf/lib/mno-hw-mul\libc.a(lib_a-closer.o)
 .comment       0x00000000       0x27 c:/altera/13.0sp1/nios2eds/bin/gnu/h-i686-mingw32/bin/../lib/gcc/nios2-elf/4.1.2/../../../../nios2-elf/lib/mno-hw-mul\libc.a(lib_a-fclose.o)
 .comment       0x00000000       0x27 c:/altera/13.0sp1/nios2eds/bin/gnu/h-i686-mingw32/bin/../lib/gcc/nios2-elf/4.1.2/../../../../nios2-elf/lib/mno-hw-mul\libc.a(lib_a-fstatr.o)
 .comment       0x00000000       0x27 c:/altera/13.0sp1/nios2eds/bin/gnu/h-i686-mingw32/bin/../lib/gcc/nios2-elf/4.1.2/../../../../nios2-elf/lib/mno-hw-mul\libc.a(lib_a-int_errno.o)
 .comment       0x00000000       0x27 c:/altera/13.0sp1/nios2eds/bin/gnu/h-i686-mingw32/bin/../lib/gcc/nios2-elf/4.1.2/../../../../nios2-elf/lib/mno-hw-mul\libc.a(lib_a-isattyr.o)
 .comment       0x00000000       0x27 c:/altera/13.0sp1/nios2eds/bin/gnu/h-i686-mingw32/bin/../lib/gcc/nios2-elf/4.1.2/../../../../nios2-elf/lib/mno-hw-mul\libc.a(lib_a-lseekr.o)
 .comment       0x00000000       0x27 c:/altera/13.0sp1/nios2eds/bin/gnu/h-i686-mingw32/bin/../lib/gcc/nios2-elf/4.1.2/../../../../nios2-elf/lib/mno-hw-mul\libc.a(lib_a-readr.o)
 .comment       0x00000000       0x27 c:/altera/13.0sp1/nios2eds/bin/gnu/h-i686-mingw32/bin/../lib/gcc/nios2-elf/4.1.2/mno-hw-mul\libgcc.a(_udivdi3.o)
 .comment       0x00000000       0x27 c:/altera/13.0sp1/nios2eds/bin/gnu/h-i686-mingw32/bin/../lib/gcc/nios2-elf/4.1.2/mno-hw-mul\libgcc.a(_umoddi3.o)
 .comment       0x00000000       0x27 c:/altera/13.0sp1/nios2eds/bin/gnu/h-i686-mingw32/bin/../lib/gcc/nios2-elf/4.1.2/mno-hw-mul\libgcc.a(_div_df.o)
 .comment       0x00000000       0x27 c:/altera/13.0sp1/nios2eds/bin/gnu/h-i686-mingw32/bin/../lib/gcc/nios2-elf/4.1.2/mno-hw-mul\libgcc.a(_ne_df.o)
 .comment       0x00000000       0x27 c:/altera/13.0sp1/nios2eds/bin/gnu/h-i686-mingw32/bin/../lib/gcc/nios2-elf/4.1.2/mno-hw-mul\libgcc.a(_lt_df.o)
 .comment       0x00000000       0x27 c:/altera/13.0sp1/nios2eds/bin/gnu/h-i686-mingw32/bin/../lib/gcc/nios2-elf/4.1.2/mno-hw-mul\libgcc.a(_usi_to_df.o)
 .comment       0x00000000       0x27 ../hmmmmm_bsp/\libhal_bsp.a(alt_close.o)
 .comment       0x00000000       0x27 ../hmmmmm_bsp/\libhal_bsp.a(alt_dev.o)
 .comment       0x00000000       0x27 ../hmmmmm_bsp/\libhal_bsp.a(alt_errno.o)
 .comment       0x00000000       0x27 ../hmmmmm_bsp/\libhal_bsp.a(alt_fstat.o)
 .comment       0x00000000       0x27 ../hmmmmm_bsp/\libhal_bsp.a(alt_isatty.o)
 .comment       0x00000000       0x27 ../hmmmmm_bsp/\libhal_bsp.a(alt_load.o)
 .comment       0x00000000       0x27 ../hmmmmm_bsp/\libhal_bsp.a(alt_lseek.o)
 .comment       0x00000000       0x27 ../hmmmmm_bsp/\libhal_bsp.a(alt_main.o)
 .comment       0x00000000       0x27 ../hmmmmm_bsp/\libhal_bsp.a(alt_malloc_lock.o)
 .comment       0x00000000       0x27 ../hmmmmm_bsp/\libhal_bsp.a(alt_read.o)
 .comment       0x00000000       0x27 ../hmmmmm_bsp/\libhal_bsp.a(alt_release_fd.o)
 .comment       0x00000000       0x27 ../hmmmmm_bsp/\libhal_bsp.a(alt_sbrk.o)
 .comment       0x00000000       0x27 ../hmmmmm_bsp/\libhal_bsp.a(alt_times.o)
 .comment       0x00000000       0x27 ../hmmmmm_bsp/\libhal_bsp.a(alt_write.o)
 .comment       0x00000000       0x27 ../hmmmmm_bsp/\libhal_bsp.a(alt_sys_init.o)
 .comment       0x00000000       0x27 ../hmmmmm_bsp/\libhal_bsp.a(altera_avalon_jtag_uart_fd.o)
 .comment       0x00000000       0x27 ../hmmmmm_bsp/\libhal_bsp.a(altera_avalon_jtag_uart_init.o)
 .comment       0x00000000       0x27 ../hmmmmm_bsp/\libhal_bsp.a(altera_avalon_jtag_uart_ioctl.o)
 .comment       0x00000000       0x27 ../hmmmmm_bsp/\libhal_bsp.a(altera_avalon_jtag_uart_read.o)
 .comment       0x00000000       0x27 ../hmmmmm_bsp/\libhal_bsp.a(altera_avalon_jtag_uart_write.o)
 .comment       0x00000000       0x27 ../hmmmmm_bsp/\libhal_bsp.a(altera_avalon_timer_sc.o)
 .comment       0x00000000       0x27 ../hmmmmm_bsp/\libhal_bsp.a(alt_alarm_start.o)
 .comment       0x00000000       0x27 ../hmmmmm_bsp/\libhal_bsp.a(alt_dcache_flush_all.o)
 .comment       0x00000000       0x27 ../hmmmmm_bsp/\libhal_bsp.a(alt_dev_llist_insert.o)
 .comment       0x00000000       0x27 ../hmmmmm_bsp/\libhal_bsp.a(alt_do_ctors.o)
 .comment       0x00000000       0x27 ../hmmmmm_bsp/\libhal_bsp.a(alt_do_dtors.o)
 .comment       0x00000000       0x27 ../hmmmmm_bsp/\libhal_bsp.a(alt_icache_flush_all.o)
 .comment       0x00000000       0x27 ../hmmmmm_bsp/\libhal_bsp.a(alt_iic.o)
 .comment       0x00000000       0x27 ../hmmmmm_bsp/\libhal_bsp.a(alt_iic_isr_register.o)
 .comment       0x00000000       0x27 ../hmmmmm_bsp/\libhal_bsp.a(alt_io_redirect.o)
 .comment       0x00000000       0x27 ../hmmmmm_bsp/\libhal_bsp.a(alt_irq_handler.o)
 .comment       0x00000000       0x27 ../hmmmmm_bsp/\libhal_bsp.a(alt_irq_vars.o)
 .comment       0x00000000       0x27 ../hmmmmm_bsp/\libhal_bsp.a(alt_open.o)
 .comment       0x00000000       0x27 ../hmmmmm_bsp/\libhal_bsp.a(alt_tick.o)
 .comment       0x00000000       0x27 ../hmmmmm_bsp/\libhal_bsp.a(altera_nios2_qsys_irq.o)
 .comment       0x00000000       0x27 ../hmmmmm_bsp/\libhal_bsp.a(alt_find_dev.o)
 .comment       0x00000000       0x27 ../hmmmmm_bsp/\libhal_bsp.a(alt_find_file.o)
 .comment       0x00000000       0x27 ../hmmmmm_bsp/\libhal_bsp.a(alt_get_fd.o)
 .comment       0x00000000       0x27 ../hmmmmm_bsp/\libhal_bsp.a(alt_icache_flush.o)
 .comment       0x00000000       0x27 c:/altera/13.0sp1/nios2eds/bin/gnu/h-i686-mingw32/bin/../lib/gcc/nios2-elf/4.1.2/../../../../nios2-elf/lib/mno-hw-mul\libc.a(lib_a-atexit.o)
 .comment       0x00000000       0x27 c:/altera/13.0sp1/nios2eds/bin/gnu/h-i686-mingw32/bin/../lib/gcc/nios2-elf/4.1.2/../../../../nios2-elf/lib/mno-hw-mul\libc.a(lib_a-exit.o)
 .comment       0x00000000       0x27 c:/altera/13.0sp1/nios2eds/bin/gnu/h-i686-mingw32/bin/../lib/gcc/nios2-elf/4.1.2/../../../../nios2-elf/lib/mno-hw-mul\libc.a(lib_a-memcmp.o)