Flow report for design_test
Mon Mar 12 17:25:33 2018
Quartus II 64-Bit Version 13.0.1 Build 232 06/12/2013 Service Pack 1 SJ Full Version


---------------------
; Table of Contents ;
---------------------
  1. Legal Notice
  2. Flow Summary
  3. Flow Settings
  4. Flow Non-Default Global Settings
  5. Flow Elapsed Time
  6. Flow OS Summary
  7. Flow Log
  8. Flow Messages
  9. Flow Suppressed Messages



----------------
; Legal Notice ;
----------------
Copyright (C) 1991-2013 Altera Corporation
Your use of Altera Corporation's design tools, logic functions 
and other software and tools, and its AMPP partner logic 
functions, and any output files from any of the foregoing 
(including device programming or simulation files), and any 
associated documentation or information are expressly subject 
to the terms and conditions of the Altera Program License 
Subscription Agreement, Altera MegaCore Function License 
Agreement, or other applicable license agreement, including, 
without limitation, that your use is for the sole purpose of 
programming logic devices manufactured by Altera and sold by 
Altera or its authorized distributors.  Please refer to the 
applicable agreement for further details.



+---------------------------------------------------------------------------------------+
; Flow Summary                                                                          ;
+------------------------------------+--------------------------------------------------+
; Flow Status                        ; Successful - Mon Mar 12 17:25:28 2018            ;
; Quartus II 64-Bit Version          ; 13.0.1 Build 232 06/12/2013 SP 1 SJ Full Version ;
; Revision Name                      ; design_test                                      ;
; Top-level Entity Name              ; design_test_top                                  ;
; Family                             ; Cyclone III                                      ;
; Device                             ; EP3C16F484C6                                     ;
; Timing Models                      ; Final                                            ;
; Total logic elements               ; 1,438 / 15,408 ( 9 % )                           ;
;     Total combinational functions  ; 1,374 / 15,408 ( 9 % )                           ;
;     Dedicated logic registers      ; 438 / 15,408 ( 3 % )                             ;
; Total registers                    ; 438                                              ;
; Total pins                         ; 97 / 347 ( 28 % )                                ;
; Total virtual pins                 ; 0                                                ;
; Total memory bits                  ; 162 / 516,096 ( < 1 % )                          ;
; Embedded Multiplier 9-bit elements ; 0 / 112 ( 0 % )                                  ;
; Total PLLs                         ; 0 / 4 ( 0 % )                                    ;
+------------------------------------+--------------------------------------------------+


+-----------------------------------------+
; Flow Settings                           ;
+-------------------+---------------------+
; Option            ; Setting             ;
+-------------------+---------------------+
; Start date & time ; 03/12/2018 17:25:00 ;
; Main task         ; Compilation         ;
; Revision Name     ; design_test         ;
+-------------------+---------------------+


+----------------------------------------------------------------------------------------------------------------------------+
; Flow Non-Default Global Settings                                                                                           ;
+-------------------------------------+---------------------------------------+---------------+-----------------+------------+
; Assignment Name                     ; Value                                 ; Default Value ; Entity Name     ; Section Id ;
+-------------------------------------+---------------------------------------+---------------+-----------------+------------+
; COMPILER_SIGNATURE_ID               ; 176831339027090.152087550007932       ; --            ; --              ; --         ;
; MAX_CORE_JUNCTION_TEMP              ; 85                                    ; --            ; --              ; --         ;
; MIN_CORE_JUNCTION_TEMP              ; 0                                     ; --            ; --              ; --         ;
; NOMINAL_CORE_SUPPLY_VOLTAGE         ; 1.2V                                  ; --            ; --              ; --         ;
; PARTITION_COLOR                     ; 16764057                              ; --            ; design_test_top ; Top        ;
; PARTITION_FITTER_PRESERVATION_LEVEL ; PLACEMENT_AND_ROUTING                 ; --            ; design_test_top ; Top        ;
; PARTITION_NETLIST_TYPE              ; SOURCE                                ; --            ; design_test_top ; Top        ;
; POWER_BOARD_THERMAL_MODEL           ; None (CONSERVATIVE)                   ; --            ; --              ; --         ;
; POWER_PRESET_COOLING_SOLUTION       ; 23 MM HEAT SINK WITH 200 LFPM AIRFLOW ; --            ; --              ; --         ;
; PROJECT_OUTPUT_DIRECTORY            ; output_files                          ; --            ; --              ; --         ;
; TOP_LEVEL_ENTITY                    ; design_test_top                       ; design_test   ; --              ; --         ;
+-------------------------------------+---------------------------------------+---------------+-----------------+------------+


+-------------------------------------------------------------------------------------------------------------------------------+
; Flow Elapsed Time                                                                                                             ;
+---------------------------+--------------+-------------------------+---------------------+------------------------------------+
; Module Name               ; Elapsed Time ; Average Processors Used ; Peak Virtual Memory ; Total CPU Time (on all processors) ;
+---------------------------+--------------+-------------------------+---------------------+------------------------------------+
; Analysis & Synthesis      ; 00:00:06     ; 1.0                     ; 483 MB              ; 00:00:05                           ;
; Fitter                    ; 00:00:14     ; 1.7                     ; 1110 MB             ; 00:00:16                           ;
; Assembler                 ; 00:00:02     ; 1.0                     ; 424 MB              ; 00:00:01                           ;
; TimeQuest Timing Analyzer ; 00:00:04     ; 1.0                     ; 506 MB              ; 00:00:03                           ;
; Total                     ; 00:00:26     ; --                      ; --                  ; 00:00:25                           ;
+---------------------------+--------------+-------------------------+---------------------+------------------------------------+


+----------------------------------------------------------------------------------------+
; Flow OS Summary                                                                        ;
+---------------------------+------------------+-----------+------------+----------------+
; Module Name               ; Machine Hostname ; OS Name   ; OS Version ; Processor type ;
+---------------------------+------------------+-----------+------------+----------------+
; Analysis & Synthesis      ; eews506a-042     ; Windows 7 ; 6.1        ; x86_64         ;
; Fitter                    ; eews506a-042     ; Windows 7 ; 6.1        ; x86_64         ;
; Assembler                 ; eews506a-042     ; Windows 7 ; 6.1        ; x86_64         ;
; TimeQuest Timing Analyzer ; eews506a-042     ; Windows 7 ; 6.1        ; x86_64         ;
+---------------------------+------------------+-----------+------------+----------------+


------------
; Flow Log ;
------------
quartus_map --read_settings_files=on --write_settings_files=off design_test -c design_test
quartus_fit --read_settings_files=off --write_settings_files=off design_test -c design_test
quartus_asm --read_settings_files=off --write_settings_files=off design_test -c design_test
quartus_sta design_test -c design_test



