Archive member included to satisfy reference by file (symbol)

c:/altera/16.0/nios2eds/bin/gnu/h-x86_64-mingw32/bin/../lib/gcc/nios2-elf/5.2.0/../../../../../H-x86_64-mingw32/nios2-elf/lib/mno-hw-mul\libm.a(lib_a-s_cos.o)
                              obj/default/hello_world.o (cos)
c:/altera/16.0/nios2eds/bin/gnu/h-x86_64-mingw32/bin/../lib/gcc/nios2-elf/5.2.0/../../../../../H-x86_64-mingw32/nios2-elf/lib/mno-hw-mul\libm.a(lib_a-s_floor.o)
                              obj/default/hello_world.o (floor)
c:/altera/16.0/nios2eds/bin/gnu/h-x86_64-mingw32/bin/../lib/gcc/nios2-elf/5.2.0/../../../../../H-x86_64-mingw32/nios2-elf/lib/mno-hw-mul\libm.a(lib_a-e_rem_pio2.o)
                              c:/altera/16.0/nios2eds/bin/gnu/h-x86_64-mingw32/bin/../lib/gcc/nios2-elf/5.2.0/../../../../../H-x86_64-mingw32/nios2-elf/lib/mno-hw-mul\libm.a(lib_a-s_cos.o) (__ieee754_rem_pio2)
c:/altera/16.0/nios2eds/bin/gnu/h-x86_64-mingw32/bin/../lib/gcc/nios2-elf/5.2.0/../../../../../H-x86_64-mingw32/nios2-elf/lib/mno-hw-mul\libm.a(lib_a-k_cos.o)
                              c:/altera/16.0/nios2eds/bin/gnu/h-x86_64-mingw32/bin/../lib/gcc/nios2-elf/5.2.0/../../../../../H-x86_64-mingw32/nios2-elf/lib/mno-hw-mul\libm.a(lib_a-s_cos.o) (__kernel_cos)
c:/altera/16.0/nios2eds/bin/gnu/h-x86_64-mingw32/bin/../lib/gcc/nios2-elf/5.2.0/../../../../../H-x86_64-mingw32/nios2-elf/lib/mno-hw-mul\libm.a(lib_a-k_rem_pio2.o)
                              c:/altera/16.0/nios2eds/bin/gnu/h-x86_64-mingw32/bin/../lib/gcc/nios2-elf/5.2.0/../../../../../H-x86_64-mingw32/nios2-elf/lib/mno-hw-mul\libm.a(lib_a-e_rem_pio2.o) (__kernel_rem_pio2)
c:/altera/16.0/nios2eds/bin/gnu/h-x86_64-mingw32/bin/../lib/gcc/nios2-elf/5.2.0/../../../../../H-x86_64-mingw32/nios2-elf/lib/mno-hw-mul\libm.a(lib_a-k_sin.o)
                              c:/altera/16.0/nios2eds/bin/gnu/h-x86_64-mingw32/bin/../lib/gcc/nios2-elf/5.2.0/../../../../../H-x86_64-mingw32/nios2-elf/lib/mno-hw-mul\libm.a(lib_a-s_cos.o) (__kernel_sin)
c:/altera/16.0/nios2eds/bin/gnu/h-x86_64-mingw32/bin/../lib/gcc/nios2-elf/5.2.0/../../../../../H-x86_64-mingw32/nios2-elf/lib/mno-hw-mul\libm.a(lib_a-s_fabs.o)
                              c:/altera/16.0/nios2eds/bin/gnu/h-x86_64-mingw32/bin/../lib/gcc/nios2-elf/5.2.0/../../../../../H-x86_64-mingw32/nios2-elf/lib/mno-hw-mul\libm.a(lib_a-e_rem_pio2.o) (fabs)
c:/altera/16.0/nios2eds/bin/gnu/h-x86_64-mingw32/bin/../lib/gcc/nios2-elf/5.2.0/../../../../../H-x86_64-mingw32/nios2-elf/lib/mno-hw-mul\libm.a(lib_a-s_scalbn.o)
                              c:/altera/16.0/nios2eds/bin/gnu/h-x86_64-mingw32/bin/../lib/gcc/nios2-elf/5.2.0/../../../../../H-x86_64-mingw32/nios2-elf/lib/mno-hw-mul\libm.a(lib_a-k_rem_pio2.o) (scalbn)
c:/altera/16.0/nios2eds/bin/gnu/h-x86_64-mingw32/bin/../lib/gcc/nios2-elf/5.2.0/../../../../../H-x86_64-mingw32/nios2-elf/lib/mno-hw-mul\libm.a(lib_a-s_copysign.o)
                              c:/altera/16.0/nios2eds/bin/gnu/h-x86_64-mingw32/bin/../lib/gcc/nios2-elf/5.2.0/../../../../../H-x86_64-mingw32/nios2-elf/lib/mno-hw-mul\libm.a(lib_a-s_scalbn.o) (copysign)
c:/altera/16.0/nios2eds/bin/gnu/h-x86_64-mingw32/bin/../lib/gcc/nios2-elf/5.2.0/mno-hw-mul\libgcc.a(lib2-divmod.o)
                              c:/altera/16.0/nios2eds/bin/gnu/h-x86_64-mingw32/bin/../lib/gcc/nios2-elf/5.2.0/../../../../../H-x86_64-mingw32/nios2-elf/lib/mno-hw-mul\libm.a(lib_a-k_rem_pio2.o) (__divsi3)
c:/altera/16.0/nios2eds/bin/gnu/h-x86_64-mingw32/bin/../lib/gcc/nios2-elf/5.2.0/mno-hw-mul\libgcc.a(lib2-mul.o)
                              c:/altera/16.0/nios2eds/bin/gnu/h-x86_64-mingw32/bin/../lib/gcc/nios2-elf/5.2.0/../../../../../H-x86_64-mingw32/nios2-elf/lib/mno-hw-mul\libm.a(lib_a-k_rem_pio2.o) (__mulsi3)
c:/altera/16.0/nios2eds/bin/gnu/h-x86_64-mingw32/bin/../lib/gcc/nios2-elf/5.2.0/mno-hw-mul\libgcc.a(addsf3.o)
                              obj/default/hello_world.o (__addsf3)
c:/altera/16.0/nios2eds/bin/gnu/h-x86_64-mingw32/bin/../lib/gcc/nios2-elf/5.2.0/mno-hw-mul\libgcc.a(divsf3.o)
                              obj/default/hello_world.o (__divsf3)
c:/altera/16.0/nios2eds/bin/gnu/h-x86_64-mingw32/bin/../lib/gcc/nios2-elf/5.2.0/mno-hw-mul\libgcc.a(mulsf3.o)
                              obj/default/hello_world.o (__mulsf3)
c:/altera/16.0/nios2eds/bin/gnu/h-x86_64-mingw32/bin/../lib/gcc/nios2-elf/5.2.0/mno-hw-mul\libgcc.a(fixsfsi.o)
                              obj/default/hello_world.o (__fixsfsi)
c:/altera/16.0/nios2eds/bin/gnu/h-x86_64-mingw32/bin/../lib/gcc/nios2-elf/5.2.0/mno-hw-mul\libgcc.a(adddf3.o)
                              obj/default/hello_world.o (__adddf3)
c:/altera/16.0/nios2eds/bin/gnu/h-x86_64-mingw32/bin/../lib/gcc/nios2-elf/5.2.0/mno-hw-mul\libgcc.a(eqdf2.o)
                              c:/altera/16.0/nios2eds/bin/gnu/h-x86_64-mingw32/bin/../lib/gcc/nios2-elf/5.2.0/../../../../../H-x86_64-mingw32/nios2-elf/lib/mno-hw-mul\libm.a(lib_a-e_rem_pio2.o) (__eqdf2)
[...]
Memory Configuration

Name             Origin             Length             Attributes
reset            0x0000000000800000 0x0000000000000020
sdram            0x0000000000800020 0x00000000007fffe0
onchip_mem       0x0000000001001200 0x0000000000000200
*default*        0x0000000000000000 0xffffffffffffffff

Linker script and memory map

LOAD ../task_4_bsp//obj/HAL/src/crt0.o
LOAD obj/default/hello_world.o
LOAD c:/altera/16.0/nios2eds/bin/gnu/h-x86_64-mingw32/bin/../lib/gcc/nios2-elf/5.2.0/../../../../../H-x86_64-mingw32/nios2-elf/lib/mno-hw-mul\libstdc++.a
LOAD c:/altera/16.0/nios2eds/bin/gnu/h-x86_64-mingw32/bin/../lib/gcc/nios2-elf/5.2.0/../../../../../H-x86_64-mingw32/nios2-elf/lib/mno-hw-mul\libm.a
LOAD c:/altera/16.0/nios2eds/bin/gnu/h-x86_64-mingw32/bin/../lib/gcc/nios2-elf/5.2.0/mno-hw-mul\libgcc.a
START GROUP
LOAD c:/altera/16.0/nios2eds/bin/gnu/h-x86_64-mingw32/bin/../lib/gcc/nios2-elf/5.2.0/../../../../../H-x86_64-mingw32/nios2-elf/lib/mno-hw-mul\libc.a
LOAD c:/altera/16.0/nios2eds/bin/gnu/h-x86_64-mingw32/bin/../lib/gcc/nios2-elf/5.2.0/mno-hw-mul\libgcc.a
LOAD ../task_4_bsp/\libhal_bsp.a
LOAD c:/altera/16.0/nios2eds/bin/gnu/h-x86_64-mingw32/bin/../lib/gcc/nios2-elf/5.2.0/../../../../../H-x86_64-mingw32/nios2-elf/lib/mno-hw-mul\libm.a
END GROUP
LOAD c:/altera/16.0/nios2eds/bin/gnu/h-x86_64-mingw32/bin/../lib/gcc/nios2-elf/5.2.0/mno-hw-mul\libgcc.a
                0x0000000000800000                __alt_mem_sdram = 0x800000
                0x0000000001001200                __alt_mem_onchip_mem = 0x1001200

.entry          0x0000000000800000       0x20
 *(.entry)
 .entry         0x0000000000800000       0x20 ../task_4_bsp//obj/HAL/src/crt0.o
                0x0000000000800000                __reset

.exceptions     0x0000000000800020      0x1a0
                0x0000000000800020                PROVIDE (__ram_exceptions_start, ABSOLUTE (.))
                0x0000000000800020                . = ALIGN (0x20)
 *(.irq)
 *(.exceptions.entry.label)
 .exceptions.entry.label
                0x0000000000800020        0x0 ../task_4_bsp/\libhal_bsp.a(alt_irq_entry.o)
                0x0000000000800020                alt_irq_entry
 .exceptions.entry.label
                0x0000000000800020        0x0 ../task_4_bsp/\libhal_bsp.a(alt_exception_entry.o)
                0x0000000000800020                alt_exception
 *(.exceptions.entry.user)
 *(.exceptions.entry.ecc_fatal)
 *(.exceptions.entry)
 .exceptions.entry
                0x0000000000800020       0x54 ../task_4_bsp/\libhal_bsp.a(alt_exception_entry.o)
 *(.exceptions.irqtest.user)
 *(.exceptions.irqtest)
 .exceptions.irqtest
                0x0000000000800074       0x10 ../task_4_bsp/\libhal_bsp.a(alt_irq_entry.o)
 *(.exceptions.irqhandler.user)
 *(.exceptions.irqhandler)
 .exceptions.irqhandler
                0x0000000000800084        0x4 ../task_4_bsp/\libhal_bsp.a(alt_irq_entry.o)
 *(.exceptions.irqreturn.user)
 *(.exceptions.irqreturn)
 .exceptions.irqreturn
                0x0000000000800088        0x4 ../task_4_bsp/\libhal_bsp.a(alt_irq_entry.o)
 *(.exceptions.notirq.label)
 .exceptions.notirq.label
                0x000000000080008c        0x0 ../task_4_bsp/\libhal_bsp.a(alt_irq_entry.o)
 *(.exceptions.notirq.user)
 *(.exceptions.notirq)
 .exceptions.notirq
                0x000000000080008c        0x8 ../task_4_bsp/\libhal_bsp.a(alt_exception_entry.o)
 *(.exceptions.soft.user)
 *(.exceptions.soft)
 *(.exceptions.unknown.user)
 *(.exceptions.unknown)
 .exceptions.unknown
                0x0000000000800094        0x4 ../task_4_bsp/\libhal_bsp.a(alt_exception_entry.o)
 *(.exceptions.exit.label)
 .exceptions.exit.label
                0x0000000000800098        0x0 ../task_4_bsp/\libhal_bsp.a(alt_irq_entry.o)
 .exceptions.exit.label
                0x0000000000800098        0x0 ../task_4_bsp/\libhal_bsp.a(alt_exception_entry.o)
 *(.exceptions.exit.user)
 *(.exceptions.exit)
 .exceptions.exit
                0x0000000000800098       0x54 ../task_4_bsp/\libhal_bsp.a(alt_exception_entry.o)
 *(.exceptions)
 .exceptions    0x00000000008000ec       0xd4 ../task_4_bsp/\libhal_bsp.a(alt_irq_handler.o)
                0x00000000008000ec                alt_irq_handler
                0x00000000008001c0                PROVIDE (__ram_exceptions_end, ABSOLUTE (.))
                0x0000000000800020                PROVIDE (__flash_exceptions_start, LOADADDR (.exceptions))

.text           0x00000000008001c0    0x13f44
                [!provide]                        PROVIDE (stext, ABSOLUTE (.))
 *(.interp)
 *(.hash)
 *(.dynsym)
 *(.dynstr)
 *(.gnu.version)
 *(.gnu.version_d)
 *(.gnu.version_r)
 *(.rel.init)
 *(.rela.init)
 *(.rel.text .rel.text.* .rel.gnu.linkonce.t.*)
 *(.rela.text .rela.text.* .rela.gnu.linkonce.t.*)
 *(.rel.fini)
 *(.rela.fini)
 *(.rel.rodata .rel.rodata.* .rel.gnu.linkonce.r.*)
 *(.rela.rodata .rela.rodata.* .rela.gnu.linkonce.r.*)
 *(.rel.data .rel.data.* .rel.gnu.linkonce.d.*)
 *(.rela.data .rela.data.* .rela.gnu.linkonce.d.*)
 *(.rel.tdata .rel.tdata.* .rel.gnu.linkonce.td.*)
 *(.rela.tdata .rela.tdata.* .rela.gnu.linkonce.td.*)
 *(.rel.tbss .rel.tbss.* .rel.gnu.linkonce.tb.*)
 *(.rela.tbss .rela.tbss.* .rela.gnu.linkonce.tb.*)
 *(.rel.ctors)
 *(.rela.ctors)
 *(.rel.dtors)
 *(.rela.dtors)
 *(.rel.got)
 *(.rela.got)
 *(.rel.sdata .rel.sdata.* .rel.gnu.linkonce.s.*)
 *(.rela.sdata .rela.sdata.* .rela.gnu.linkonce.s.*)
 *(.rel.sbss .rel.sbss.* .rel.gnu.linkonce.sb.*)
 *(.rela.sbss .rela.sbss.* .rela.gnu.linkonce.sb.*)
 *(.rel.sdata2 .rel.sdata2.* .rel.gnu.linkonce.s2.*)
 *(.rela.sdata2 .rela.sdata2.* .rela.gnu.linkonce.s2.*)
 *(.rel.sbss2 .rel.sbss2.* .rel.gnu.linkonce.sb2.*)
 *(.rela.sbss2 .rela.sbss2.* .rela.gnu.linkonce.sb2.*)
 *(.rel.bss .rel.bss.* .rel.gnu.linkonce.b.*)
 *(.rela.bss .rela.bss.* .rela.gnu.linkonce.b.*)
 *(.rel.plt)
 *(.rela.plt)
 *(.rel.dyn)
 *(.init)
 *(.plt)
 *(.text .stub .text.* .gnu.linkonce.t.*)
 .text          0x00000000008001c0       0x3c ../task_4_bsp//obj/HAL/src/crt0.o
                0x00000000008001c0                _start
 .text          0x00000000008001fc      0x610 obj/default/hello_world.o
                0x00000000008001fc                functionVector
                0x000000000080043c                generateVector
                0x00000000008004fc                sumVector
                0x000000000080060c                main
 .text          0x000000000080080c        0x0 c:/altera/16.0/nios2eds/bin/gnu/h-x86_64-mingw32/bin/../lib/gcc/nios2-elf/5.2.0/../../../../../H-x86_64-mingw32/nios2-elf/lib/mno-hw-mul\libm.a(lib_a-s_cos.o)
 .text.cos      0x000000000080080c       0xec c:/altera/16.0/nios2eds/bin/gnu/h-x86_64-mingw32/bin/../lib/gcc/nios2-elf/5.2.0/../../../../../H-x86_64-mingw32/nios2-elf/lib/mno-hw-mul\libm.a(lib_a-s_cos.o)
                0x000000000080080c                cos
 .text          0x00000000008008f8        0x0 c:/altera/16.0/nios2eds/bin/gnu/h-x86_64-mingw32/bin/../lib/gcc/nios2-elf/5.2.0/../../../../../H-x86_64-mingw32/nios2-elf/lib/mno-hw-mul\libm.a(lib_a-s_floor.o)
 .text.floor    0x00000000008008f8      0x1ec c:/altera/16.0/nios2eds/bin/gnu/h-x86_64-mingw32/bin/../lib/gcc/nios2-elf/5.2.0/../../../../../H-x86_64-mingw32/nios2-elf/lib/mno-hw-mul\libm.a(lib_a-s_floor.o)
                0x00000000008008f8                floor
 .text          0x0000000000800ae4        0x0 c:/altera/16.0/nios2eds/bin/gnu/h-x86_64-mingw32/bin/../lib/gcc/nios2-elf/5.2.0/../../../../../H-x86_64-mingw32/nios2-elf/lib/mno-hw-mul\libm.a(lib_a-e_rem_pio2.o)
 .text.__ieee754_rem_pio2
                0x0000000000800ae4      0x76c c:/altera/16.0/nios2eds/bin/gnu/h-x86_64-mingw32/bin/../lib/gcc/nios2-elf/5.2.0/../../../../../H-x86_64-mingw32/nios2-elf/lib/mno-hw-mul\libm.a(lib_a-e_rem_pio2.o)
                0x0000000000800ae4                __ieee754_rem_pio2
 .text          0x0000000000801250        0x0 c:/altera/16.0/nios2eds/bin/gnu/h-x86_64-mingw32/bin/../lib/gcc/nios2-elf/5.2.0/../../../../../H-x86_64-mingw32/nios2-elf/lib/mno-hw-mul\libm.a(lib_a-k_cos.o)
 .text.__kernel_cos
                0x0000000000801250      0x4a4 c:/altera/16.0/nios2eds/bin/gnu/h-x86_64-mingw32/bin/../lib/gcc/nios2-elf/5.2.0/../../../../../H-x86_64-mingw32/nios2-elf/lib/mno-hw-mul\libm.a(lib_a-k_cos.o)
                0x0000000000801250                __kernel_cos
 .text          0x00000000008016f4        0x0 c:/altera/16.0/nios2eds/bin/gnu/h-x86_64-mingw32/bin/../lib/gcc/nios2-elf/5.2.0/../../../../../H-x86_64-mingw32/nios2-elf/lib/mno-hw-mul\libm.a(lib_a-k_rem_pio2.o)
 .text.__kernel_rem_pio2
                0x00000000008016f4      0xd90 c:/altera/16.0/nios2eds/bin/gnu/h-x86_64-mingw32/bin/../lib/gcc/nios2-elf/5.2.0/../../../../../H-x86_64-mingw32/nios2-elf/lib/mno-hw-mul\libm.a(lib_a-k_rem_pio2.o)
                0x00000000008016f4                __kernel_rem_pio2
 .text          0x0000000000802484        0x0 c:/altera/16.0/nios2eds/bin/gnu/h-x86_64-mingw32/bin/../lib/gcc/nios2-elf/5.2.0/../../../../../H-x86_64-mingw32/nios2-elf/lib/mno-hw-mul\libm.a(lib_a-k_sin.o)
 .text.__kernel_sin
                0x0000000000802484      0x2cc c:/altera/16.0/nios2eds/bin/gnu/h-x86_64-mingw32/bin/../lib/gcc/nios2-elf/5.2.0/../../../../../H-x86_64-mingw32/nios2-elf/lib/mno-hw-mul\libm.a(lib_a-k_sin.o)
                0x0000000000802484                __kernel_sin
 .text          0x0000000000802750        0x0 c:/altera/16.0/nios2eds/bin/gnu/h-x86_64-mingw32/bin/../lib/gcc/nios2-elf/5.2.0/../../../../../H-x86_64-mingw32/nios2-elf/lib/mno-hw-mul\libm.a(lib_a-s_fabs.o)
 .text.fabs     0x0000000000802750       0x14 c:/altera/16.0/nios2eds/bin/gnu/h-x86_64-mingw32/bin/../lib/gcc/nios2-elf/5.2.0/../../../../../H-x86_64-mingw32/nios2-elf/lib/mno-hw-mul\libm.a(lib_a-s_fabs.o)
                0x0000000000802750                fabs
 .text          0x0000000000802764        0x0 c:/altera/16.0/nios2eds/bin/gnu/h-x86_64-mingw32/bin/../lib/gcc/nios2-elf/5.2.0/../../../../../H-x86_64-mingw32/nios2-elf/lib/mno-hw-mul\libm.a(lib_a-s_scalbn.o)
 .text.scalbn   0x0000000000802764      0x19c c:/altera/16.0/nios2eds/bin/gnu/h-x86_64-mingw32/bin/../lib/gcc/nios2-elf/5.2.0/../../../../../H-x86_64-mingw32/nios2-elf/lib/mno-hw-mul\libm.a(lib_a-s_scalbn.o)
                0x0000000000802764                scalbn
 .text          0x0000000000802900        0x0 c:/altera/16.0/nios2eds/bin/gnu/h-x86_64-mingw32/bin/../lib/gcc/nios2-elf/5.2.0/../../../../../H-x86_64-mingw32/nios2-elf/lib/mno-hw-mul\libm.a(lib_a-s_copysign.o)
 .text.copysign
                0x0000000000802900       0x1c c:/altera/16.0/nios2eds/bin/gnu/h-x86_64-mingw32/bin/../lib/gcc/nios2-elf/5.2.0/../../../../../H-x86_64-mingw32/nios2-elf/lib/mno-hw-mul\libm.a(lib_a-s_copysign.o)
                0x0000000000802900                copysign
 .text          0x000000000080291c      0x1b4 c:/altera/16.0/nios2eds/bin/gnu/h-x86_64-mingw32/bin/../lib/gcc/nios2-elf/5.2.0/mno-hw-mul\libgcc.a(lib2-divmod.o)
                0x000000000080291c                __divsi3
                0x00000000008029a0                __modsi3
                0x0000000000802a14                __udivsi3
                0x0000000000802a78                __umodsi3
 .text          0x0000000000802ad0       0x28 c:/altera/16.0/nios2eds/bin/gnu/h-x86_64-mingw32/bin/../lib/gcc/nios2-elf/5.2.0/mno-hw-mul\libgcc.a(lib2-mul.o)
                0x0000000000802ad0                __mulsi3
 .text          0x0000000000802af8      0x4c8 c:/altera/16.0/nios2eds/bin/gnu/h-x86_64-mingw32/bin/../lib/gcc/nios2-elf/5.2.0/mno-hw-mul\libgcc.a(addsf3.o)
                0x0000000000802af8                __addsf3
 .text          0x0000000000802fc0      0x440 c:/altera/16.0/nios2eds/bin/gnu/h-x86_64-mingw32/bin/../lib/gcc/nios2-elf/5.2.0/mno-hw-mul\libgcc.a(divsf3.o)
                0x0000000000802fc0                __divsf3
 .text          0x0000000000803400      0x430 c:/altera/16.0/nios2eds/bin/gnu/h-x86_64-mingw32/bin/../lib/gcc/nios2-elf/5.2.0/mno-hw-mul\libgcc.a(mulsf3.o)
                0x0000000000803400                __mulsf3
 .text          0x0000000000803830       0x70 c:/altera/16.0/nios2eds/bin/gnu/h-x86_64-mingw32/bin/../lib/gcc/nios2-elf/5.2.0/mno-hw-mul\libgcc.a(fixsfsi.o)
                0x0000000000803830                __fixsfsi
 .text          0x00000000008038a0      0x8ac c:/altera/16.0/nios2eds/bin/gnu/h-x86_64-mingw32/bin/../lib/gcc/nios2-elf/5.2.0/mno-hw-mul\libgcc.a(adddf3.o)
                0x00000000008038a0                __adddf3
 .text          0x000000000080414c       0x88 c:/altera/16.0/nios2eds/bin/gnu/h-x86_64-mingw32/bin/../lib/gcc/nios2-elf/5.2.0/mno-hw-mul\libgcc.a(eqdf2.o)
                0x000000000080414c                __nedf2
                0x000000000080414c                __eqdf2
 .text          0x00000000008041d4       0xdc c:/altera/16.0/nios2eds/bin/gnu/h-x86_64-mingw32/bin/../lib/gcc/nios2-elf/5.2.0/mno-hw-mul\libgcc.a(gedf2.o)
                0x00000000008041d4                __gedf2
                0x00000000008041d4                __gtdf2
 .text          0x00000000008042b0      0x868 c:/altera/16.0/nios2eds/bin/gnu/h-x86_64-mingw32/bin/../lib/gcc/nios2-elf/5.2.0/mno-hw-mul\libgcc.a(muldf3.o)
                0x00000000008042b0                __muldf3
 .text          0x0000000000804b18      0x8fc c:/altera/16.0/nios2eds/bin/gnu/h-x86_64-mingw32/bin/../lib/gcc/nios2-elf/5.2.0/mno-hw-mul\libgcc.a(subdf3.o)
                0x0000000000804b18                __subdf3
 .text          0x0000000000805414       0x80 c:/altera/16.0/nios2eds/bin/gnu/h-x86_64-mingw32/bin/../lib/gcc/nios2-elf/5.2.0/mno-hw-mul\libgcc.a(fixdfsi.o)
                0x0000000000805414                __fixdfsi
 .text          0x0000000000805494       0xdc c:/altera/16.0/nios2eds/bin/gnu/h-x86_64-mingw32/bin/../lib/gcc/nios2-elf/5.2.0/mno-hw-mul\libgcc.a(floatsidf.o)
                0x0000000000805494                __floatsidf
 .text          0x0000000000805570      0x110 c:/altera/16.0/nios2eds/bin/gnu/h-x86_64-mingw32/bin/../lib/gcc/nios2-elf/5.2.0/mno-hw-mul\libgcc.a(extendsfdf2.o)
                0x0000000000805570                __extendsfdf2
 .text          0x0000000000805680      0x1a8 c:/altera/16.0/nios2eds/bin/gnu/h-x86_64-mingw32/bin/../lib/gcc/nios2-elf/5.2.0/mno-hw-mul\libgcc.a(truncdfsf2.o)
                0x0000000000805680                __truncdfsf2
 .text          0x0000000000805828       0x64 c:/altera/16.0/nios2eds/bin/gnu/h-x86_64-mingw32/bin/../lib/gcc/nios2-elf/5.2.0/mno-hw-mul\libgcc.a(_clzsi2.o)
                0x0000000000805828                __clzsi2
 .text          0x000000000080588c        0x0 c:/altera/16.0/nios2eds/bin/gnu/h-x86_64-mingw32/bin/../lib/gcc/nios2-elf/5.2.0/mno-hw-mul\libgcc.a(_clz.o)
 .text          0x000000000080588c        0x0 c:/altera/16.0/nios2eds/bin/gnu/h-x86_64-mingw32/bin/../lib/gcc/nios2-elf/5.2.0/../../../../../H-x86_64-mingw32/nios2-elf/lib/mno-hw-mul\libc.a(lib_a-efgcvt.o)
 .text.fcvt     0x000000000080588c       0x24 c:/altera/16.0/nios2eds/bin/gnu/h-x86_64-mingw32/bin/../lib/gcc/nios2-elf/5.2.0/../../../../../H-x86_64-mingw32/nios2-elf/lib/mno-hw-mul\libc.a(lib_a-efgcvt.o)
                0x000000000080588c                fcvt
 .text.fcvtf    0x00000000008058b0       0x58 c:/altera/16.0/nios2eds/bin/gnu/h-x86_64-mingw32/bin/../lib/gcc/nios2-elf/5.2.0/../../../../../H-x86_64-mingw32/nios2-elf/lib/mno-hw-mul\libc.a(lib_a-efgcvt.o)
                0x00000000008058b0                fcvtf
 .text.ecvt     0x0000000000805908       0x24 c:/altera/16.0/nios2eds/bin/gnu/h-x86_64-mingw32/bin/../lib/gcc/nios2-elf/5.2.0/../../../../../H-x86_64-mingw32/nios2-elf/lib/mno-hw-mul\libc.a(lib_a-efgcvt.o)
                0x0000000000805908                ecvt
 .text.ecvtf    0x000000000080592c       0x58 c:/altera/16.0/nios2eds/bin/gnu/h-x86_64-mingw32/bin/../lib/gcc/nios2-elf/5.2.0/../../../../../H-x86_64-mingw32/nios2-elf/lib/mno-hw-mul\libc.a(lib_a-efgcvt.o)
                0x000000000080592c                ecvtf
 .text.gcvt     0x0000000000805984       0xa0 c:/altera/16.0/nios2eds/bin/gnu/h-x86_64-mingw32/bin/../lib/gcc/nios2-elf/5.2.0/../../../../../H-x86_64-mingw32/nios2-elf/lib/mno-hw-mul\libc.a(lib_a-efgcvt.o)
                0x0000000000805984                gcvt
 .text.gcvtf    0x0000000000805a24       0x40 c:/altera/16.0/nios2eds/bin/gnu/h-x86_64-mingw32/bin/../lib/gcc/nios2-elf/5.2.0/../../../../../H-x86_64-mingw32/nios2-elf/lib/mno-hw-mul\libc.a(lib_a-efgcvt.o)
                0x0000000000805a24                gcvtf
 .text          0x0000000000805a64        0x0 c:/altera/16.0/nios2eds/bin/gnu/h-x86_64-mingw32/bin/../lib/gcc/nios2-elf/5.2.0/../../../../../H-x86_64-mingw32/nios2-elf/lib/mno-hw-mul\libc.a(lib_a-impure.o)
 .text          0x0000000000805a64        0x0 c:/altera/16.0/nios2eds/bin/gnu/h-x86_64-mingw32/bin/../lib/gcc/nios2-elf/5.2.0/../../../../../H-x86_64-mingw32/nios2-elf/lib/mno-hw-mul\libc.a(lib_a-printf.o)
 .text._printf_r
                0x0000000000805a64       0x30 c:/altera/16.0/nios2eds/bin/gnu/h-x86_64-mingw32/bin/../lib/gcc/nios2-elf/5.2.0/../../../../../H-x86_64-mingw32/nios2-elf/lib/mno-hw-mul\libc.a(lib_a-printf.o)
                0x0000000000805a64                _printf_r
 .text.printf   0x0000000000805a94       0x3c c:/altera/16.0/nios2eds/bin/gnu/h-x86_64-mingw32/bin/../lib/gcc/nios2-elf/5.2.0/../../../../../H-x86_64-mingw32/nios2-elf/lib/mno-hw-mul\libc.a(lib_a-printf.o)
                0x0000000000805a94                printf
 .text          0x0000000000805ad0        0x0 c:/altera/16.0/nios2eds/bin/gnu/h-x86_64-mingw32/bin/../lib/gcc/nios2-elf/5.2.0/../../../../../H-x86_64-mingw32/nios2-elf/lib/mno-hw-mul\libc.a(lib_a-puts.o)
 .text._puts_r  0x0000000000805ad0       0xc0 c:/altera/16.0/nios2eds/bin/gnu/h-x86_64-mingw32/bin/../lib/gcc/nios2-elf/5.2.0/../../../../../H-x86_64-mingw32/nios2-elf/lib/mno-hw-mul\libc.a(lib_a-puts.o)
                0x0000000000805ad0                _puts_r
 .text.puts     0x0000000000805b90       0x14 c:/altera/16.0/nios2eds/bin/gnu/h-x86_64-mingw32/bin/../lib/gcc/nios2-elf/5.2.0/../../../../../H-x86_64-mingw32/nios2-elf/lib/mno-hw-mul\libc.a(lib_a-puts.o)
                0x0000000000805b90                puts
 .text          0x0000000000805ba4        0x0 c:/altera/16.0/nios2eds/bin/gnu/h-x86_64-mingw32/bin/../lib/gcc/nios2-elf/5.2.0/../../../../../H-x86_64-mingw32/nios2-elf/lib/mno-hw-mul\libc.a(lib_a-strlen.o)
 .text.strlen   0x0000000000805ba4       0x98 c:/altera/16.0/nios2eds/bin/gnu/h-x86_64-mingw32/bin/../lib/gcc/nios2-elf/5.2.0/../../../../../H-x86_64-mingw32/nios2-elf/lib/mno-hw-mul\libc.a(lib_a-strlen.o)
                0x0000000000805ba4                strlen
 .text          0x0000000000805c3c        0x0 c:/altera/16.0/nios2eds/bin/gnu/h-x86_64-mingw32/bin/../lib/gcc/nios2-elf/5.2.0/../../../../../H-x86_64-mingw32/nios2-elf/lib/mno-hw-mul\libc.a(lib_a-vfprintf.o)
 .text.___vfprintf_internal_r
                0x0000000000805c3c     0x22dc c:/altera/16.0/nios2eds/bin/gnu/h-x86_64-mingw32/bin/../lib/gcc/nios2-elf/5.2.0/../../../../../H-x86_64-mingw32/nios2-elf/lib/mno-hw-mul\libc.a(lib_a-vfprintf.o)
                0x0000000000805c3c                ___vfprintf_internal_r
 .text.__vfprintf_internal
                0x0000000000807f18       0x1c c:/altera/16.0/nios2eds/bin/gnu/h-x86_64-mingw32/bin/../lib/gcc/nios2-elf/5.2.0/../../../../../H-x86_64-mingw32/nios2-elf/lib/mno-hw-mul\libc.a(lib_a-vfprintf.o)
                0x0000000000807f18                __vfprintf_internal
 .text.__sbprintf
                0x0000000000807f34       0xbc c:/altera/16.0/nios2eds/bin/gnu/h-x86_64-mingw32/bin/../lib/gcc/nios2-elf/5.2.0/../../../../../H-x86_64-mingw32/nios2-elf/lib/mno-hw-mul\libc.a(lib_a-vfprintf.o)
 .text          0x0000000000807ff0        0x0 c:/altera/16.0/nios2eds/bin/gnu/h-x86_64-mingw32/bin/../lib/gcc/nios2-elf/5.2.0/../../../../../H-x86_64-mingw32/nios2-elf/lib/mno-hw-mul\libc.a(lib_a-wsetup.o)
 .text.__swsetup_r
                0x0000000000807ff0      0x154 c:/altera/16.0/nios2eds/bin/gnu/h-x86_64-mingw32/bin/../lib/gcc/nios2-elf/5.2.0/../../../../../H-x86_64-mingw32/nios2-elf/lib/mno-hw-mul\libc.a(lib_a-wsetup.o)
                0x0000000000807ff0                __swsetup_r
 .text          0x0000000000808144        0x0 c:/altera/16.0/nios2eds/bin/gnu/h-x86_64-mingw32/bin/../lib/gcc/nios2-elf/5.2.0/../../../../../H-x86_64-mingw32/nios2-elf/lib/mno-hw-mul\libc.a(lib_a-dtoa.o)
 .text.quorem   0x0000000000808144      0x228 c:/altera/16.0/nios2eds/bin/gnu/h-x86_64-mingw32/bin/../lib/gcc/nios2-elf/5.2.0/../../../../../H-x86_64-mingw32/nios2-elf/lib/mno-hw-mul\libc.a(lib_a-dtoa.o)
 .text._dtoa_r  0x000000000080836c     0x1688 c:/altera/16.0/nios2eds/bin/gnu/h-x86_64-mingw32/bin/../lib/gcc/nios2-elf/5.2.0/../../../../../H-x86_64-mingw32/nios2-elf/lib/mno-hw-mul\libc.a(lib_a-dtoa.o)
                0x000000000080836c                _dtoa_r
 .text          0x00000000008099f4        0x0 c:/altera/16.0/nios2eds/bin/gnu/h-x86_64-mingw32/bin/../lib/gcc/nios2-elf/5.2.0/../../../../../H-x86_64-mingw32/nios2-elf/lib/mno-hw-mul\libc.a(lib_a-ecvtbuf.o)
 .text.print_e  0x00000000008099f4      0x1e0 c:/altera/16.0/nios2eds/bin/gnu/h-x86_64-mingw32/bin/../lib/gcc/nios2-elf/5.2.0/../../../../../H-x86_64-mingw32/nios2-elf/lib/mno-hw-mul\libc.a(lib_a-ecvtbuf.o)
 .text.fcvtbuf  0x0000000000809bd4      0x1a4 c:/altera/16.0/nios2eds/bin/gnu/h-x86_64-mingw32/bin/../lib/gcc/nios2-elf/5.2.0/../../../../../H-x86_64-mingw32/nios2-elf/lib/mno-hw-mul\libc.a(lib_a-ecvtbuf.o)
                0x0000000000809bd4                fcvtbuf
 .text.ecvtbuf  0x0000000000809d78      0x140 c:/altera/16.0/nios2eds/bin/gnu/h-x86_64-mingw32/bin/../lib/gcc/nios2-elf/5.2.0/../../../../../H-x86_64-mingw32/nios2-elf/lib/mno-hw-mul\libc.a(lib_a-ecvtbuf.o)
                0x0000000000809d78                ecvtbuf
 .text._gcvt    0x0000000000809eb8      0x364 c:/altera/16.0/nios2eds/bin/gnu/h-x86_64-mingw32/bin/../lib/gcc/nios2-elf/5.2.0/../../../../../H-x86_64-mingw32/nios2-elf/lib/mno-hw-mul\libc.a(lib_a-ecvtbuf.o)
                0x0000000000809eb8                _gcvt
 .text._dcvt    0x000000000080a21c      0x310 c:/altera/16.0/nios2eds/bin/gnu/h-x86_64-mingw32/bin/../lib/gcc/nios2-elf/5.2.0/../../../../../H-x86_64-mingw32/nios2-elf/lib/mno-hw-mul\libc.a(lib_a-ecvtbuf.o)
                0x000000000080a21c                _dcvt
 .text          0x000000000080a52c        0x0 c:/altera/16.0/nios2eds/bin/gnu/h-x86_64-mingw32/bin/../lib/gcc/nios2-elf/5.2.0/../../../../../H-x86_64-mingw32/nios2-elf/lib/mno-hw-mul\libc.a(lib_a-fflush.o)
 .text.__sflush_r
                0x000000000080a52c      0x21c c:/altera/16.0/nios2eds/bin/gnu/h-x86_64-mingw32/bin/../lib/gcc/nios2-elf/5.2.0/../../../../../H-x86_64-mingw32/nios2-elf/lib/mno-hw-mul\libc.a(lib_a-fflush.o)
                0x000000000080a52c                __sflush_r
 .text._fflush_r
                0x000000000080a748       0x5c c:/altera/16.0/nios2eds/bin/gnu/h-x86_64-mingw32/bin/../lib/gcc/nios2-elf/5.2.0/../../../../../H-x86_64-mingw32/nios2-elf/lib/mno-hw-mul\libc.a(lib_a-fflush.o)
                0x000000000080a748                _fflush_r
 .text.fflush   0x000000000080a7a4       0x30 c:/altera/16.0/nios2eds/bin/gnu/h-x86_64-mingw32/bin/../lib/gcc/nios2-elf/5.2.0/../../../../../H-x86_64-mingw32/nios2-elf/lib/mno-hw-mul\libc.a(lib_a-fflush.o)
                0x000000000080a7a4                fflush
 .text          0x000000000080a7d4        0x0 c:/altera/16.0/nios2eds/bin/gnu/h-x86_64-mingw32/bin/../lib/gcc/nios2-elf/5.2.0/../../../../../H-x86_64-mingw32/nios2-elf/lib/mno-hw-mul\libc.a(lib_a-findfp.o)
 .text.__fp_unlock
                0x000000000080a7d4        0x8 c:/altera/16.0/nios2eds/bin/gnu/h-x86_64-mingw32/bin/../lib/gcc/nios2-elf/5.2.0/../../../../../H-x86_64-mingw32/nios2-elf/lib/mno-hw-mul\libc.a(lib_a-findfp.o)
 .text._cleanup_r
                0x000000000080a7dc        0xc c:/altera/16.0/nios2eds/bin/gnu/h-x86_64-mingw32/bin/../lib/gcc/nios2-elf/5.2.0/../../../../../H-x86_64-mingw32/nios2-elf/lib/mno-hw-mul\libc.a(lib_a-findfp.o)
                0x000000000080a7dc                _cleanup_r
 .text.__sinit.part.1
                0x000000000080a7e8      0x19c c:/altera/16.0/nios2eds/bin/gnu/h-x86_64-mingw32/bin/../lib/gcc/nios2-elf/5.2.0/../../../../../H-x86_64-mingw32/nios2-elf/lib/mno-hw-mul\libc.a(lib_a-findfp.o)
 .text.__fp_lock
                0x000000000080a984        0x8 c:/altera/16.0/nios2eds/bin/gnu/h-x86_64-mingw32/bin/../lib/gcc/nios2-elf/5.2.0/../../../../../H-x86_64-mingw32/nios2-elf/lib/mno-hw-mul\libc.a(lib_a-findfp.o)
 .text.__sfmoreglue
                0x000000000080a98c       0x78 c:/altera/16.0/nios2eds/bin/gnu/h-x86_64-mingw32/bin/../lib/gcc/nios2-elf/5.2.0/../../../../../H-x86_64-mingw32/nios2-elf/lib/mno-hw-mul\libc.a(lib_a-findfp.o)
                0x000000000080a98c                __sfmoreglue
 .text.__sfp    0x000000000080aa04      0x118 c:/altera/16.0/nios2eds/bin/gnu/h-x86_64-mingw32/bin/../lib/gcc/nios2-elf/5.2.0/../../../../../H-x86_64-mingw32/nios2-elf/lib/mno-hw-mul\libc.a(lib_a-findfp.o)
                0x000000000080aa04                __sfp
 .text._cleanup
                0x000000000080ab1c       0x18 c:/altera/16.0/nios2eds/bin/gnu/h-x86_64-mingw32/bin/../lib/gcc/nios2-elf/5.2.0/../../../../../H-x86_64-mingw32/nios2-elf/lib/mno-hw-mul\libc.a(lib_a-findfp.o)
                0x000000000080ab1c                _cleanup
 .text.__sinit  0x000000000080ab34       0x10 c:/altera/16.0/nios2eds/bin/gnu/h-x86_64-mingw32/bin/../lib/gcc/nios2-elf/5.2.0/../../../../../H-x86_64-mingw32/nios2-elf/lib/mno-hw-mul\libc.a(lib_a-findfp.o)
                0x000000000080ab34                __sinit
 .text.__sfp_lock_acquire
                0x000000000080ab44        0x4 c:/altera/16.0/nios2eds/bin/gnu/h-x86_64-mingw32/bin/../lib/gcc/nios2-elf/5.2.0/../../../../../H-x86_64-mingw32/nios2-elf/lib/mno-hw-mul\libc.a(lib_a-findfp.o)
                0x000000000080ab44                __sfp_lock_acquire
 .text.__sfp_lock_release
                0x000000000080ab48        0x4 c:/altera/16.0/nios2eds/bin/gnu/h-x86_64-mingw32/bin/../lib/gcc/nios2-elf/5.2.0/../../../../../H-x86_64-mingw32/nios2-elf/lib/mno-hw-mul\libc.a(lib_a-findfp.o)
                0x000000000080ab48                __sfp_lock_release
 .text.__sinit_lock_acquire
                0x000000000080ab4c        0x4 c:/altera/16.0/nios2eds/bin/gnu/h-x86_64-mingw32/bin/../lib/gcc/nios2-elf/5.2.0/../../../../../H-x86_64-mingw32/nios2-elf/lib/mno-hw-mul\libc.a(lib_a-findfp.o)
                0x000000000080ab4c                __sinit_lock_acquire
 .text.__sinit_lock_release
                0x000000000080ab50        0x4 c:/altera/16.0/nios2eds/bin/gnu/h-x86_64-mingw32/bin/../lib/gcc/nios2-elf/5.2.0/../../../../../H-x86_64-mingw32/nios2-elf/lib/mno-hw-mul\libc.a(lib_a-findfp.o)
                0x000000000080ab50                __sinit_lock_release
 .text.__fp_lock_all
                0x000000000080ab54       0x18 c:/altera/16.0/nios2eds/bin/gnu/h-x86_64-mingw32/bin/../lib/gcc/nios2-elf/5.2.0/../../../../../H-x86_64-mingw32/nios2-elf/lib/mno-hw-mul\libc.a(lib_a-findfp.o)
                0x000000000080ab54                __fp_lock_all
 .text.__fp_unlock_all
                0x000000000080ab6c       0x18 c:/altera/16.0/nios2eds/bin/gnu/h-x86_64-mingw32/bin/../lib/gcc/nios2-elf/5.2.0/../../../../../H-x86_64-mingw32/nios2-elf/lib/mno-hw-mul\libc.a(lib_a-findfp.o)
                0x000000000080ab6c                __fp_unlock_all
 .text          0x000000000080ab84        0x0 c:/altera/16.0/nios2eds/bin/gnu/h-x86_64-mingw32/bin/../lib/gcc/nios2-elf/5.2.0/../../../../../H-x86_64-mingw32/nios2-elf/lib/mno-hw-mul\libc.a(lib_a-freer.o)
 .text._malloc_trim_r
                0x000000000080ab84      0x124 c:/altera/16.0/nios2eds/bin/gnu/h-x86_64-mingw32/bin/../lib/gcc/nios2-elf/5.2.0/../../../../../H-x86_64-mingw32/nios2-elf/lib/mno-hw-mul\libc.a(lib_a-freer.o)
                0x000000000080ab84                _malloc_trim_r
 .text._free_r  0x000000000080aca8      0x310 c:/altera/16.0/nios2eds/bin/gnu/h-x86_64-mingw32/bin/../lib/gcc/nios2-elf/5.2.0/../../../../../H-x86_64-mingw32/nios2-elf/lib/mno-hw-mul\libc.a(lib_a-freer.o)
                0x000000000080aca8                _free_r
 .text          0x000000000080afb8        0x0 c:/altera/16.0/nios2eds/bin/gnu/h-x86_64-mingw32/bin/../lib/gcc/nios2-elf/5.2.0/../../../../../H-x86_64-mingw32/nios2-elf/lib/mno-hw-mul\libc.a(lib_a-fvwrite.o)
 .text.__sfvwrite_r
                0x000000000080afb8      0x4c8 c:/altera/16.0/nios2eds/bin/gnu/h-x86_64-mingw32/bin/../lib/gcc/nios2-elf/5.2.0/../../../../../H-x86_64-mingw32/nios2-elf/lib/mno-hw-mul\libc.a(lib_a-fvwrite.o)
                0x000000000080afb8                __sfvwrite_r
 .text          0x000000000080b480        0x0 c:/altera/16.0/nios2eds/bin/gnu/h-x86_64-mingw32/bin/../lib/gcc/nios2-elf/5.2.0/../../../../../H-x86_64-mingw32/nios2-elf/lib/mno-hw-mul\libc.a(lib_a-fwalk.o)
 .text._fwalk   0x000000000080b480       0xc4 c:/altera/16.0/nios2eds/bin/gnu/h-x86_64-mingw32/bin/../lib/gcc/nios2-elf/5.2.0/../../../../../H-x86_64-mingw32/nios2-elf/lib/mno-hw-mul\libc.a(lib_a-fwalk.o)
                0x000000000080b480                _fwalk
 .text._fwalk_reent
                0x000000000080b544       0xc4 c:/altera/16.0/nios2eds/bin/gnu/h-x86_64-mingw32/bin/../lib/gcc/nios2-elf/5.2.0/../../../../../H-x86_64-mingw32/nios2-elf/lib/mno-hw-mul\libc.a(lib_a-fwalk.o)
                0x000000000080b544                _fwalk_reent
 .text          0x000000000080b608        0x0 c:/altera/16.0/nios2eds/bin/gnu/h-x86_64-mingw32/bin/../lib/gcc/nios2-elf/5.2.0/../../../../../H-x86_64-mingw32/nios2-elf/lib/mno-hw-mul\libc.a(lib_a-locale.o)
 .text._setlocale_r
                0x000000000080b608       0x7c c:/altera/16.0/nios2eds/bin/gnu/h-x86_64-mingw32/bin/../lib/gcc/nios2-elf/5.2.0/../../../../../H-x86_64-mingw32/nios2-elf/lib/mno-hw-mul\libc.a(lib_a-locale.o)
                0x000000000080b608                _setlocale_r
 .text.__locale_charset
                0x000000000080b684        0xc c:/altera/16.0/nios2eds/bin/gnu/h-x86_64-mingw32/bin/../lib/gcc/nios2-elf/5.2.0/../../../../../H-x86_64-mingw32/nios2-elf/lib/mno-hw-mul\libc.a(lib_a-locale.o)
                0x000000000080b684                __locale_charset
 .text.__locale_mb_cur_max
                0x000000000080b690       0x10 c:/altera/16.0/nios2eds/bin/gnu/h-x86_64-mingw32/bin/../lib/gcc/nios2-elf/5.2.0/../../../../../H-x86_64-mingw32/nios2-elf/lib/mno-hw-mul\libc.a(lib_a-locale.o)
                0x000000000080b690                __locale_mb_cur_max
 .text.__locale_msgcharset
                0x000000000080b6a0        0xc c:/altera/16.0/nios2eds/bin/gnu/h-x86_64-mingw32/bin/../lib/gcc/nios2-elf/5.2.0/../../../../../H-x86_64-mingw32/nios2-elf/lib/mno-hw-mul\libc.a(lib_a-locale.o)
                0x000000000080b6a0                __locale_msgcharset
 .text.__locale_cjk_lang
                0x000000000080b6ac        0x8 c:/altera/16.0/nios2eds/bin/gnu/h-x86_64-mingw32/bin/../lib/gcc/nios2-elf/5.2.0/../../../../../H-x86_64-mingw32/nios2-elf/lib/mno-hw-mul\libc.a(lib_a-locale.o)
                0x000000000080b6ac                __locale_cjk_lang
 .text._localeconv_r
                0x000000000080b6b4        0xc c:/altera/16.0/nios2eds/bin/gnu/h-x86_64-mingw32/bin/../lib/gcc/nios2-elf/5.2.0/../../../../../H-x86_64-mingw32/nios2-elf/lib/mno-hw-mul\libc.a(lib_a-locale.o)
                0x000000000080b6b4                _localeconv_r
 .text.setlocale
                0x000000000080b6c0       0x18 c:/altera/16.0/nios2eds/bin/gnu/h-x86_64-mingw32/bin/../lib/gcc/nios2-elf/5.2.0/../../../../../H-x86_64-mingw32/nios2-elf/lib/mno-hw-mul\libc.a(lib_a-locale.o)
                0x000000000080b6c0                setlocale
 .text.localeconv
                0x000000000080b6d8        0xc c:/altera/16.0/nios2eds/bin/gnu/h-x86_64-mingw32/bin/../lib/gcc/nios2-elf/5.2.0/../../../../../H-x86_64-mingw32/nios2-elf/lib/mno-hw-mul\libc.a(lib_a-locale.o)
                0x000000000080b6d8                localeconv
 .text          0x000000000080b6e4        0x0 c:/altera/16.0/nios2eds/bin/gnu/h-x86_64-mingw32/bin/../lib/gcc/nios2-elf/5.2.0/../../../../../H-x86_64-mingw32/nios2-elf/lib/mno-hw-mul\libc.a(lib_a-makebuf.o)
 .text.__smakebuf_r
                0x000000000080b6e4      0x1bc c:/altera/16.0/nios2eds/bin/gnu/h-x86_64-mingw32/bin/../lib/gcc/nios2-elf/5.2.0/../../../../../H-x86_64-mingw32/nios2-elf/lib/mno-hw-mul\libc.a(lib_a-makebuf.o)
                0x000000000080b6e4                __smakebuf_r
 .text          0x000000000080b8a0        0x0 c:/altera/16.0/nios2eds/bin/gnu/h-x86_64-mingw32/bin/../lib/gcc/nios2-elf/5.2.0/../../../../../H-x86_64-mingw32/nios2-elf/lib/mno-hw-mul\libc.a(lib_a-mallocr.o)
 .text._malloc_r
                0x000000000080b8a0      0x80c c:/altera/16.0/nios2eds/bin/gnu/h-x86_64-mingw32/bin/../lib/gcc/nios2-elf/5.2.0/../../../../../H-x86_64-mingw32/nios2-elf/lib/mno-hw-mul\libc.a(lib_a-mallocr.o)
                0x000000000080b8a0                _malloc_r
 .text          0x000000000080c0ac        0x0 c:/altera/16.0/nios2eds/bin/gnu/h-x86_64-mingw32/bin/../lib/gcc/nios2-elf/5.2.0/../../../../../H-x86_64-mingw32/nios2-elf/lib/mno-hw-mul\libc.a(lib_a-memchr.o)
 .text.memchr   0x000000000080c0ac       0xe4 c:/altera/16.0/nios2eds/bin/gnu/h-x86_64-mingw32/bin/../lib/gcc/nios2-elf/5.2.0/../../../../../H-x86_64-mingw32/nios2-elf/lib/mno-hw-mul\libc.a(lib_a-memchr.o)
                0x000000000080c0ac                memchr
 .text          0x000000000080c190        0x0 c:/altera/16.0/nios2eds/bin/gnu/h-x86_64-mingw32/bin/../lib/gcc/nios2-elf/5.2.0/../../../../../H-x86_64-mingw32/nios2-elf/lib/mno-hw-mul\libc.a(lib_a-memcpy.o)
 .text.memcpy   0x000000000080c190      0x148 c:/altera/16.0/nios2eds/bin/gnu/h-x86_64-mingw32/bin/../lib/gcc/nios2-elf/5.2.0/../../../../../H-x86_64-mingw32/nios2-elf/lib/mno-hw-mul\libc.a(lib_a-memcpy.o)
                0x000000000080c190                memcpy
 .text          0x000000000080c2d8        0x0 c:/altera/16.0/nios2eds/bin/gnu/h-x86_64-mingw32/bin/../lib/gcc/nios2-elf/5.2.0/../../../../../H-x86_64-mingw32/nios2-elf/lib/mno-hw-mul\libc.a(lib_a-memmove.o)
 .text.memmove  0x000000000080c2d8      0x15c c:/altera/16.0/nios2eds/bin/gnu/h-x86_64-mingw32/bin/../lib/gcc/nios2-elf/5.2.0/../../../../../H-x86_64-mingw32/nios2-elf/lib/mno-hw-mul\libc.a(lib_a-memmove.o)
                0x000000000080c2d8                memmove
 .text          0x000000000080c434        0x0 c:/altera/16.0/nios2eds/bin/gnu/h-x86_64-mingw32/bin/../lib/gcc/nios2-elf/5.2.0/../../../../../H-x86_64-mingw32/nios2-elf/lib/mno-hw-mul\libc.a(lib_a-memset.o)
 .text.memset   0x000000000080c434      0x128 c:/altera/16.0/nios2eds/bin/gnu/h-x86_64-mingw32/bin/../lib/gcc/nios2-elf/5.2.0/../../../../../H-x86_64-mingw32/nios2-elf/lib/mno-hw-mul\libc.a(lib_a-memset.o)
                0x000000000080c434                memset
 .text          0x000000000080c55c        0x0 c:/altera/16.0/nios2eds/bin/gnu/h-x86_64-mingw32/bin/../lib/gcc/nios2-elf/5.2.0/../../../../../H-x86_64-mingw32/nios2-elf/lib/mno-hw-mul\libc.a(lib_a-mprec.o)
 .text._Balloc  0x000000000080c55c       0xa8 c:/altera/16.0/nios2eds/bin/gnu/h-x86_64-mingw32/bin/../lib/gcc/nios2-elf/5.2.0/../../../../../H-x86_64-mingw32/nios2-elf/lib/mno-hw-mul\libc.a(lib_a-mprec.o)
                0x000000000080c55c                _Balloc
 .text._Bfree   0x000000000080c604       0x28 c:/altera/16.0/nios2eds/bin/gnu/h-x86_64-mingw32/bin/../lib/gcc/nios2-elf/5.2.0/../../../../../H-x86_64-mingw32/nios2-elf/lib/mno-hw-mul\libc.a(lib_a-mprec.o)
                0x000000000080c604                _Bfree
 .text.__multadd
                0x000000000080c62c      0x148 c:/altera/16.0/nios2eds/bin/gnu/h-x86_64-mingw32/bin/../lib/gcc/nios2-elf/5.2.0/../../../../../H-x86_64-mingw32/nios2-elf/lib/mno-hw-mul\libc.a(lib_a-mprec.o)
                0x000000000080c62c                __multadd
 .text.__s2b    0x000000000080c774      0x104 c:/altera/16.0/nios2eds/bin/gnu/h-x86_64-mingw32/bin/../lib/gcc/nios2-elf/5.2.0/../../../../../H-x86_64-mingw32/nios2-elf/lib/mno-hw-mul\libc.a(lib_a-mprec.o)
                0x000000000080c774                __s2b
 .text.__hi0bits
                0x000000000080c878       0x68 c:/altera/16.0/nios2eds/bin/gnu/h-x86_64-mingw32/bin/../lib/gcc/nios2-elf/5.2.0/../../../../../H-x86_64-mingw32/nios2-elf/lib/mno-hw-mul\libc.a(lib_a-mprec.o)
                0x000000000080c878                __hi0bits
 .text.__lo0bits
                0x000000000080c8e0       0xb0 c:/altera/16.0/nios2eds/bin/gnu/h-x86_64-mingw32/bin/../lib/gcc/nios2-elf/5.2.0/../../../../../H-x86_64-mingw32/nios2-elf/lib/mno-hw-mul\libc.a(lib_a-mprec.o)
                0x000000000080c8e0                __lo0bits
 .text.__i2b    0x000000000080c990       0x3c c:/altera/16.0/nios2eds/bin/gnu/h-x86_64-mingw32/bin/../lib/gcc/nios2-elf/5.2.0/../../../../../H-x86_64-mingw32/nios2-elf/lib/mno-hw-mul\libc.a(lib_a-mprec.o)
                0x000000000080c990                __i2b
 .text.__multiply
                0x000000000080c9cc      0x28c c:/altera/16.0/nios2eds/bin/gnu/h-x86_64-mingw32/bin/../lib/gcc/nios2-elf/5.2.0/../../../../../H-x86_64-mingw32/nios2-elf/lib/mno-hw-mul\libc.a(lib_a-mprec.o)
                0x000000000080c9cc                __multiply
 .text.__pow5mult
                0x000000000080cc58      0x140 c:/altera/16.0/nios2eds/bin/gnu/h-x86_64-mingw32/bin/../lib/gcc/nios2-elf/5.2.0/../../../../../H-x86_64-mingw32/nios2-elf/lib/mno-hw-mul\libc.a(lib_a-mprec.o)
                0x000000000080cc58                __pow5mult
 .text.__lshift
                0x000000000080cd98      0x148 c:/altera/16.0/nios2eds/bin/gnu/h-x86_64-mingw32/bin/../lib/gcc/nios2-elf/5.2.0/../../../../../H-x86_64-mingw32/nios2-elf/lib/mno-hw-mul\libc.a(lib_a-mprec.o)
                0x000000000080cd98                __lshift
 .text.__mcmp   0x000000000080cee0       0x60 c:/altera/16.0/nios2eds/bin/gnu/h-x86_64-mingw32/bin/../lib/gcc/nios2-elf/5.2.0/../../../../../H-x86_64-mingw32/nios2-elf/lib/mno-hw-mul\libc.a(lib_a-mprec.o)
                0x000000000080cee0                __mcmp
 .text.__mdiff  0x000000000080cf40      0x1fc c:/altera/16.0/nios2eds/bin/gnu/h-x86_64-mingw32/bin/../lib/gcc/nios2-elf/5.2.0/../../../../../H-x86_64-mingw32/nios2-elf/lib/mno-hw-mul\libc.a(lib_a-mprec.o)
                0x000000000080cf40                __mdiff
 .text.__ulp    0x000000000080d13c       0x64 c:/altera/16.0/nios2eds/bin/gnu/h-x86_64-mingw32/bin/../lib/gcc/nios2-elf/5.2.0/../../../../../H-x86_64-mingw32/nios2-elf/lib/mno-hw-mul\libc.a(lib_a-mprec.o)
                0x000000000080d13c                __ulp
 .text.__b2d    0x000000000080d1a0      0x10c c:/altera/16.0/nios2eds/bin/gnu/h-x86_64-mingw32/bin/../lib/gcc/nios2-elf/5.2.0/../../../../../H-x86_64-mingw32/nios2-elf/lib/mno-hw-mul\libc.a(lib_a-mprec.o)
                0x000000000080d1a0                __b2d
 .text.__d2b    0x000000000080d2ac      0x14c c:/altera/16.0/nios2eds/bin/gnu/h-x86_64-mingw32/bin/../lib/gcc/nios2-elf/5.2.0/../../../../../H-x86_64-mingw32/nios2-elf/lib/mno-hw-mul\libc.a(lib_a-mprec.o)
                0x000000000080d2ac                __d2b
 .text.__ratio  0x000000000080d3f8       0xa4 c:/altera/16.0/nios2eds/bin/gnu/h-x86_64-mingw32/bin/../lib/gcc/nios2-elf/5.2.0/../../../../../H-x86_64-mingw32/nios2-elf/lib/mno-hw-mul\libc.a(lib_a-mprec.o)
                0x000000000080d3f8                __ratio
 .text._mprec_log10
                0x000000000080d49c       0x74 c:/altera/16.0/nios2eds/bin/gnu/h-x86_64-mingw32/bin/../lib/gcc/nios2-elf/5.2.0/../../../../../H-x86_64-mingw32/nios2-elf/lib/mno-hw-mul\libc.a(lib_a-mprec.o)
                0x000000000080d49c                _mprec_log10
 .text.__copybits
                0x000000000080d510       0x78 c:/altera/16.0/nios2eds/bin/gnu/h-x86_64-mingw32/bin/../lib/gcc/nios2-elf/5.2.0/../../../../../H-x86_64-mingw32/nios2-elf/lib/mno-hw-mul\libc.a(lib_a-mprec.o)
                0x000000000080d510                __copybits
 .text.__any_on
                0x000000000080d588       0x8c c:/altera/16.0/nios2eds/bin/gnu/h-x86_64-mingw32/bin/../lib/gcc/nios2-elf/5.2.0/../../../../../H-x86_64-mingw32/nios2-elf/lib/mno-hw-mul\libc.a(lib_a-mprec.o)
                0x000000000080d588                __any_on
 .text          0x000000000080d614        0x0 c:/altera/16.0/nios2eds/bin/gnu/h-x86_64-mingw32/bin/../lib/gcc/nios2-elf/5.2.0/../../../../../H-x86_64-mingw32/nios2-elf/lib/mno-hw-mul\libc.a(lib_a-reallocr.o)
 .text._realloc_r
                0x000000000080d614      0x564 c:/altera/16.0/nios2eds/bin/gnu/h-x86_64-mingw32/bin/../lib/gcc/nios2-elf/5.2.0/../../../../../H-x86_64-mingw32/nios2-elf/lib/mno-hw-mul\libc.a(lib_a-reallocr.o)
                0x000000000080d614                _realloc_r
 .text          0x000000000080db78        0x0 c:/altera/16.0/nios2eds/bin/gnu/h-x86_64-mingw32/bin/../lib/gcc/nios2-elf/5.2.0/../../../../../H-x86_64-mingw32/nios2-elf/lib/mno-hw-mul\libc.a(lib_a-s_fpclassify.o)
 .text.__fpclassifyd
                0x000000000080db78       0x74 c:/altera/16.0/nios2eds/bin/gnu/h-x86_64-mingw32/bin/../lib/gcc/nios2-elf/5.2.0/../../../../../H-x86_64-mingw32/nios2-elf/lib/mno-hw-mul\libc.a(lib_a-s_fpclassify.o)
                0x000000000080db78                __fpclassifyd
 .text          0x000000000080dbec        0x0 c:/altera/16.0/nios2eds/bin/gnu/h-x86_64-mingw32/bin/../lib/gcc/nios2-elf/5.2.0/../../../../../H-x86_64-mingw32/nios2-elf/lib/mno-hw-mul\libc.a(lib_a-sbrkr.o)
 .text._sbrk_r  0x000000000080dbec       0x54 c:/altera/16.0/nios2eds/bin/gnu/h-x86_64-mingw32/bin/../lib/gcc/nios2-elf/5.2.0/../../../../../H-x86_64-mingw32/nios2-elf/lib/mno-hw-mul\libc.a(lib_a-sbrkr.o)
                0x000000000080dbec                _sbrk_r
 .text          0x000000000080dc40        0x0 c:/altera/16.0/nios2eds/bin/gnu/h-x86_64-mingw32/bin/../lib/gcc/nios2-elf/5.2.0/../../../../../H-x86_64-mingw32/nios2-elf/lib/mno-hw-mul\libc.a(lib_a-stdio.o)
 .text.__sread  0x000000000080dc40       0x54 c:/altera/16.0/nios2eds/bin/gnu/h-x86_64-mingw32/bin/../lib/gcc/nios2-elf/5.2.0/../../../../../H-x86_64-mingw32/nios2-elf/lib/mno-hw-mul\libc.a(lib_a-stdio.o)
                0x000000000080dc40                __sread
 .text.__seofread
                0x000000000080dc94        0x8 c:/altera/16.0/nios2eds/bin/gnu/h-x86_64-mingw32/bin/../lib/gcc/nios2-elf/5.2.0/../../../../../H-x86_64-mingw32/nios2-elf/lib/mno-hw-mul\libc.a(lib_a-stdio.o)
                0x000000000080dc94                __seofread
 .text.__swrite
                0x000000000080dc9c       0x7c c:/altera/16.0/nios2eds/bin/gnu/h-x86_64-mingw32/bin/../lib/gcc/nios2-elf/5.2.0/../../../../../H-x86_64-mingw32/nios2-elf/lib/mno-hw-mul\libc.a(lib_a-stdio.o)
                0x000000000080dc9c                __swrite
 .text.__sseek  0x000000000080dd18       0x5c c:/altera/16.0/nios2eds/bin/gnu/h-x86_64-mingw32/bin/../lib/gcc/nios2-elf/5.2.0/../../../../../H-x86_64-mingw32/nios2-elf/lib/mno-hw-mul\libc.a(lib_a-stdio.o)
                0x000000000080dd18                __sseek
 .text.__sclose
                0x000000000080dd74        0x8 c:/altera/16.0/nios2eds/bin/gnu/h-x86_64-mingw32/bin/../lib/gcc/nios2-elf/5.2.0/../../../../../H-x86_64-mingw32/nios2-elf/lib/mno-hw-mul\libc.a(lib_a-stdio.o)
                0x000000000080dd74                __sclose
 .text          0x000000000080dd7c        0x0 c:/altera/16.0/nios2eds/bin/gnu/h-x86_64-mingw32/bin/../lib/gcc/nios2-elf/5.2.0/../../../../../H-x86_64-mingw32/nios2-elf/lib/mno-hw-mul\libc.a(lib_a-strcmp.o)
 .text.strcmp   0x000000000080dd7c       0xdc c:/altera/16.0/nios2eds/bin/gnu/h-x86_64-mingw32/bin/../lib/gcc/nios2-elf/5.2.0/../../../../../H-x86_64-mingw32/nios2-elf/lib/mno-hw-mul\libc.a(lib_a-strcmp.o)
                0x000000000080dd7c                strcmp
 .text          0x000000000080de58        0x0 c:/altera/16.0/nios2eds/bin/gnu/h-x86_64-mingw32/bin/../lib/gcc/nios2-elf/5.2.0/../../../../../H-x86_64-mingw32/nios2-elf/lib/mno-hw-mul\libc.a(lib_a-strcpy.o)
 .text.strcpy   0x000000000080de58       0x90 c:/altera/16.0/nios2eds/bin/gnu/h-x86_64-mingw32/bin/../lib/gcc/nios2-elf/5.2.0/../../../../../H-x86_64-mingw32/nios2-elf/lib/mno-hw-mul\libc.a(lib_a-strcpy.o)
                0x000000000080de58                strcpy
 .text          0x000000000080dee8        0x0 c:/altera/16.0/nios2eds/bin/gnu/h-x86_64-mingw32/bin/../lib/gcc/nios2-elf/5.2.0/../../../../../H-x86_64-mingw32/nios2-elf/lib/mno-hw-mul\libc.a(lib_a-vfiprintf.o)
 .text.__sprint_r.part.0
                0x000000000080dee8       0xfc c:/altera/16.0/nios2eds/bin/gnu/h-x86_64-mingw32/bin/../lib/gcc/nios2-elf/5.2.0/../../../../../H-x86_64-mingw32/nios2-elf/lib/mno-hw-mul\libc.a(lib_a-vfiprintf.o)
 .text.__sprint_r
                0x000000000080dfe4       0x18 c:/altera/16.0/nios2eds/bin/gnu/h-x86_64-mingw32/bin/../lib/gcc/nios2-elf/5.2.0/../../../../../H-x86_64-mingw32/nios2-elf/lib/mno-hw-mul\libc.a(lib_a-vfiprintf.o)
                0x000000000080dfe4                __sprint_r
 .text.___vfiprintf_internal_r
                0x000000000080dffc     0x150c c:/altera/16.0/nios2eds/bin/gnu/h-x86_64-mingw32/bin/../lib/gcc/nios2-elf/5.2.0/../../../../../H-x86_64-mingw32/nios2-elf/lib/mno-hw-mul\libc.a(lib_a-vfiprintf.o)
                0x000000000080dffc                ___vfiprintf_internal_r
 .text.__vfiprintf_internal
                0x000000000080f508       0x1c c:/altera/16.0/nios2eds/bin/gnu/h-x86_64-mingw32/bin/../lib/gcc/nios2-elf/5.2.0/../../../../../H-x86_64-mingw32/nios2-elf/lib/mno-hw-mul\libc.a(lib_a-vfiprintf.o)
                0x000000000080f508                __vfiprintf_internal
 .text.__sbprintf
                0x000000000080f524       0xbc c:/altera/16.0/nios2eds/bin/gnu/h-x86_64-mingw32/bin/../lib/gcc/nios2-elf/5.2.0/../../../../../H-x86_64-mingw32/nios2-elf/lib/mno-hw-mul\libc.a(lib_a-vfiprintf.o)
 .text          0x000000000080f5e0        0x0 c:/altera/16.0/nios2eds/bin/gnu/h-x86_64-mingw32/bin/../lib/gcc/nios2-elf/5.2.0/../../../../../H-x86_64-mingw32/nios2-elf/lib/mno-hw-mul\libc.a(lib_a-writer.o)
 .text._write_r
                0x000000000080f5e0       0x60 c:/altera/16.0/nios2eds/bin/gnu/h-x86_64-mingw32/bin/../lib/gcc/nios2-elf/5.2.0/../../../../../H-x86_64-mingw32/nios2-elf/lib/mno-hw-mul\libc.a(lib_a-writer.o)
                0x000000000080f5e0                _write_r
 .text          0x000000000080f640        0x0 c:/altera/16.0/nios2eds/bin/gnu/h-x86_64-mingw32/bin/../lib/gcc/nios2-elf/5.2.0/../../../../../H-x86_64-mingw32/nios2-elf/lib/mno-hw-mul\libc.a(closer.o)
 .text._close_r
                0x000000000080f640       0x54 c:/altera/16.0/nios2eds/bin/gnu/h-x86_64-mingw32/bin/../lib/gcc/nios2-elf/5.2.0/../../../../../H-x86_64-mingw32/nios2-elf/lib/mno-hw-mul\libc.a(closer.o)
                0x000000000080f640                _close_r
 .text          0x000000000080f694        0x0 c:/altera/16.0/nios2eds/bin/gnu/h-x86_64-mingw32/bin/../lib/gcc/nios2-elf/5.2.0/../../../../../H-x86_64-mingw32/nios2-elf/lib/mno-hw-mul\libc.a(lib_a-callocr.o)
 .text._calloc_r
                0x000000000080f694       0xdc c:/altera/16.0/nios2eds/bin/gnu/h-x86_64-mingw32/bin/../lib/gcc/nios2-elf/5.2.0/../../../../../H-x86_64-mingw32/nios2-elf/lib/mno-hw-mul\libc.a(lib_a-callocr.o)
                0x000000000080f694                _calloc_r
 .text          0x000000000080f770        0x0 c:/altera/16.0/nios2eds/bin/gnu/h-x86_64-mingw32/bin/../lib/gcc/nios2-elf/5.2.0/../../../../../H-x86_64-mingw32/nios2-elf/lib/mno-hw-mul\libc.a(lib_a-fclose.o)
 .text._fclose_r
                0x000000000080f770       0xf0 c:/altera/16.0/nios2eds/bin/gnu/h-x86_64-mingw32/bin/../lib/gcc/nios2-elf/5.2.0/../../../../../H-x86_64-mingw32/nios2-elf/lib/mno-hw-mul\libc.a(lib_a-fclose.o)
                0x000000000080f770                _fclose_r
 .text.fclose   0x000000000080f860       0x14 c:/altera/16.0/nios2eds/bin/gnu/h-x86_64-mingw32/bin/../lib/gcc/nios2-elf/5.2.0/../../../../../H-x86_64-mingw32/nios2-elf/lib/mno-hw-mul\libc.a(lib_a-fclose.o)
                0x000000000080f860                fclose
 .text          0x000000000080f874        0x0 c:/altera/16.0/nios2eds/bin/gnu/h-x86_64-mingw32/bin/../lib/gcc/nios2-elf/5.2.0/../../../../../H-x86_64-mingw32/nios2-elf/lib/mno-hw-mul\libc.a(lib_a-fputwc.o)
 .text.__fputwc
                0x000000000080f874      0x164 c:/altera/16.0/nios2eds/bin/gnu/h-x86_64-mingw32/bin/../lib/gcc/nios2-elf/5.2.0/../../../../../H-x86_64-mingw32/nios2-elf/lib/mno-hw-mul\libc.a(lib_a-fputwc.o)
                0x000000000080f874                __fputwc
 .text._fputwc_r
                0x000000000080f9d8       0x24 c:/altera/16.0/nios2eds/bin/gnu/h-x86_64-mingw32/bin/../lib/gcc/nios2-elf/5.2.0/../../../../../H-x86_64-mingw32/nios2-elf/lib/mno-hw-mul\libc.a(lib_a-fputwc.o)
                0x000000000080f9d8                _fputwc_r
 .text.fputwc   0x000000000080f9fc       0x80 c:/altera/16.0/nios2eds/bin/gnu/h-x86_64-mingw32/bin/../lib/gcc/nios2-elf/5.2.0/../../../../../H-x86_64-mingw32/nios2-elf/lib/mno-hw-mul\libc.a(lib_a-fputwc.o)
                0x000000000080f9fc                fputwc
 .text          0x000000000080fa7c        0x0 c:/altera/16.0/nios2eds/bin/gnu/h-x86_64-mingw32/bin/../lib/gcc/nios2-elf/5.2.0/../../../../../H-x86_64-mingw32/nios2-elf/lib/mno-hw-mul\libc.a(lib_a-fstatr.o)
 .text._fstat_r
                0x000000000080fa7c       0x5c c:/altera/16.0/nios2eds/bin/gnu/h-x86_64-mingw32/bin/../lib/gcc/nios2-elf/5.2.0/../../../../../H-x86_64-mingw32/nios2-elf/lib/mno-hw-mul\libc.a(lib_a-fstatr.o)
                0x000000000080fa7c                _fstat_r
 .text          0x000000000080fad8        0x0 c:/altera/16.0/nios2eds/bin/gnu/h-x86_64-mingw32/bin/../lib/gcc/nios2-elf/5.2.0/../../../../../H-x86_64-mingw32/nios2-elf/lib/mno-hw-mul\libc.a(lib_a-int_errno.o)
 .text          0x000000000080fad8        0x0 c:/altera/16.0/nios2eds/bin/gnu/h-x86_64-mingw32/bin/../lib/gcc/nios2-elf/5.2.0/../../../../../H-x86_64-mingw32/nios2-elf/lib/mno-hw-mul\libc.a(lib_a-isattyr.o)
 .text._isatty_r
                0x000000000080fad8       0x54 c:/altera/16.0/nios2eds/bin/gnu/h-x86_64-mingw32/bin/../lib/gcc/nios2-elf/5.2.0/../../../../../H-x86_64-mingw32/nios2-elf/lib/mno-hw-mul\libc.a(lib_a-isattyr.o)
                0x000000000080fad8                _isatty_r
 .text          0x000000000080fb2c        0x0 c:/altera/16.0/nios2eds/bin/gnu/h-x86_64-mingw32/bin/../lib/gcc/nios2-elf/5.2.0/../../../../../H-x86_64-mingw32/nios2-elf/lib/mno-hw-mul\libc.a(lib_a-lseekr.o)
 .text._lseek_r
                0x000000000080fb2c       0x60 c:/altera/16.0/nios2eds/bin/gnu/h-x86_64-mingw32/bin/../lib/gcc/nios2-elf/5.2.0/../../../../../H-x86_64-mingw32/nios2-elf/lib/mno-hw-mul\libc.a(lib_a-lseekr.o)
                0x000000000080fb2c                _lseek_r
 .text          0x000000000080fb8c        0x0 c:/altera/16.0/nios2eds/bin/gnu/h-x86_64-mingw32/bin/../lib/gcc/nios2-elf/5.2.0/../../../../../H-x86_64-mingw32/nios2-elf/lib/mno-hw-mul\libc.a(lib_a-readr.o)
 .text._read_r  0x000000000080fb8c       0x60 c:/altera/16.0/nios2eds/bin/gnu/h-x86_64-mingw32/bin/../lib/gcc/nios2-elf/5.2.0/../../../../../H-x86_64-mingw32/nios2-elf/lib/mno-hw-mul\libc.a(lib_a-readr.o)
                0x000000000080fb8c                _read_r
 .text          0x000000000080fbec        0x0 c:/altera/16.0/nios2eds/bin/gnu/h-x86_64-mingw32/bin/../lib/gcc/nios2-elf/5.2.0/../../../../../H-x86_64-mingw32/nios2-elf/lib/mno-hw-mul\libc.a(lib_a-wbuf.o)
 .text.__swbuf_r
                0x000000000080fbec      0x140 c:/altera/16.0/nios2eds/bin/gnu/h-x86_64-mingw32/bin/../lib/gcc/nios2-elf/5.2.0/../../../../../H-x86_64-mingw32/nios2-elf/lib/mno-hw-mul\libc.a(lib_a-wbuf.o)
                0x000000000080fbec                __swbuf_r
 .text.__swbuf  0x000000000080fd2c       0x18 c:/altera/16.0/nios2eds/bin/gnu/h-x86_64-mingw32/bin/../lib/gcc/nios2-elf/5.2.0/../../../../../H-x86_64-mingw32/nios2-elf/lib/mno-hw-mul\libc.a(lib_a-wbuf.o)
                0x000000000080fd2c                __swbuf
 .text          0x000000000080fd44        0x0 c:/altera/16.0/nios2eds/bin/gnu/h-x86_64-mingw32/bin/../lib/gcc/nios2-elf/5.2.0/../../../../../H-x86_64-mingw32/nios2-elf/lib/mno-hw-mul\libc.a(lib_a-wcrtomb.o)
 .text._wcrtomb_r
                0x000000000080fd44       0x9c c:/altera/16.0/nios2eds/bin/gnu/h-x86_64-mingw32/bin/../lib/gcc/nios2-elf/5.2.0/../../../../../H-x86_64-mingw32/nios2-elf/lib/mno-hw-mul\libc.a(lib_a-wcrtomb.o)
                0x000000000080fd44                _wcrtomb_r
 .text.wcrtomb  0x000000000080fde0       0xc0 c:/altera/16.0/nios2eds/bin/gnu/h-x86_64-mingw32/bin/../lib/gcc/nios2-elf/5.2.0/../../../../../H-x86_64-mingw32/nios2-elf/lib/mno-hw-mul\libc.a(lib_a-wcrtomb.o)
                0x000000000080fde0                wcrtomb
 .text          0x000000000080fea0        0x0 c:/altera/16.0/nios2eds/bin/gnu/h-x86_64-mingw32/bin/../lib/gcc/nios2-elf/5.2.0/../../../../../H-x86_64-mingw32/nios2-elf/lib/mno-hw-mul\libc.a(lib_a-wctomb_r.o)
 .text.__ascii_wctomb
                0x000000000080fea0       0x30 c:/altera/16.0/nios2eds/bin/gnu/h-x86_64-mingw32/bin/../lib/gcc/nios2-elf/5.2.0/../../../../../H-x86_64-mingw32/nios2-elf/lib/mno-hw-mul\libc.a(lib_a-wctomb_r.o)
                0x000000000080fea0                __ascii_wctomb
 .text._wctomb_r
                0x000000000080fed0       0x5c c:/altera/16.0/nios2eds/bin/gnu/h-x86_64-mingw32/bin/../lib/gcc/nios2-elf/5.2.0/../../../../../H-x86_64-mingw32/nios2-elf/lib/mno-hw-mul\libc.a(lib_a-wctomb_r.o)
                0x000000000080fed0                _wctomb_r
 .text          0x000000000080ff2c      0x5fc c:/altera/16.0/nios2eds/bin/gnu/h-x86_64-mingw32/bin/../lib/gcc/nios2-elf/5.2.0/mno-hw-mul\libgcc.a(_udivdi3.o)
                0x000000000080ff2c                __udivdi3
 .text          0x0000000000810528      0x5c4 c:/altera/16.0/nios2eds/bin/gnu/h-x86_64-mingw32/bin/../lib/gcc/nios2-elf/5.2.0/mno-hw-mul\libgcc.a(_umoddi3.o)
                0x0000000000810528                __umoddi3
 .text          0x0000000000810aec      0x9d0 c:/altera/16.0/nios2eds/bin/gnu/h-x86_64-mingw32/bin/../lib/gcc/nios2-elf/5.2.0/mno-hw-mul\libgcc.a(divdf3.o)
                0x0000000000810aec                __divdf3
 .text          0x00000000008114bc       0xf4 c:/altera/16.0/nios2eds/bin/gnu/h-x86_64-mingw32/bin/../lib/gcc/nios2-elf/5.2.0/mno-hw-mul\libgcc.a(ledf2.o)
                0x00000000008114bc                __ledf2
                0x00000000008114bc                __ltdf2
 .text          0x00000000008115b0       0xa8 c:/altera/16.0/nios2eds/bin/gnu/h-x86_64-mingw32/bin/../lib/gcc/nios2-elf/5.2.0/mno-hw-mul\libgcc.a(floatunsidf.o)
                0x00000000008115b0                __floatunsidf
 .text          0x0000000000811658      0x128 ../task_4_bsp/\libhal_bsp.a(alt_close.o)
                0x00000000008116a8                close
 .text          0x0000000000811780       0x2c ../task_4_bsp/\libhal_bsp.a(alt_dev.o)
 .text          0x00000000008117ac        0x0 ../task_4_bsp/\libhal_bsp.a(alt_errno.o)
 .text          0x00000000008117ac      0x108 ../task_4_bsp/\libhal_bsp.a(alt_fstat.o)
                0x00000000008117fc                fstat
 .text          0x00000000008118b4       0xfc ../task_4_bsp/\libhal_bsp.a(alt_isatty.o)
                0x0000000000811904                isatty
 .text          0x00000000008119b0       0xec ../task_4_bsp/\libhal_bsp.a(alt_load.o)
                0x0000000000811a18                alt_load
 .text          0x0000000000811a9c      0x12c ../task_4_bsp/\libhal_bsp.a(alt_lseek.o)
                0x0000000000811aec                lseek
 .text          0x0000000000811bc8       0x7c ../task_4_bsp/\libhal_bsp.a(alt_main.o)
                0x0000000000811bc8                alt_main
 .text          0x0000000000811c44       0x48 ../task_4_bsp/\libhal_bsp.a(alt_malloc_lock.o)
                0x0000000000811c44                __malloc_lock
                0x0000000000811c68                __malloc_unlock
 .text          0x0000000000811c8c       0x44 ../task_4_bsp/\libhal_bsp.a(alt_putstr.o)
                0x0000000000811c8c                alt_putstr
 .text          0x0000000000811cd0      0x154 ../task_4_bsp/\libhal_bsp.a(alt_read.o)
                0x0000000000811d20                read
 .text          0x0000000000811e24       0x84 ../task_4_bsp/\libhal_bsp.a(alt_release_fd.o)
                0x0000000000811e24                alt_release_fd
 .text          0x0000000000811ea8       0xb0 ../task_4_bsp/\libhal_bsp.a(alt_sbrk.o)
                0x0000000000811ea8                sbrk
 .text          0x0000000000811f58       0xd8 ../task_4_bsp/\libhal_bsp.a(alt_times.o)
                0x0000000000811fa8                times
 .text          0x0000000000812030      0x150 ../task_4_bsp/\libhal_bsp.a(alt_write.o)
                0x0000000000812080                write
 .text          0x0000000000812180       0xd4 ../task_4_bsp/\libhal_bsp.a(alt_sys_init.o)
                0x00000000008121b8                alt_irq_init
                0x00000000008121f0                alt_sys_init
 .text          0x0000000000812254      0x164 ../task_4_bsp/\libhal_bsp.a(altera_avalon_jtag_uart_fd.o)
                0x0000000000812254                altera_avalon_jtag_uart_read_fd
                0x00000000008122b4                altera_avalon_jtag_uart_write_fd
                0x0000000000812314                altera_avalon_jtag_uart_close_fd
                0x0000000000812364                altera_avalon_jtag_uart_ioctl_fd
 .text          0x00000000008123b8      0x3e4 ../task_4_bsp/\libhal_bsp.a(altera_avalon_jtag_uart_init.o)
                0x00000000008123b8                altera_avalon_jtag_uart_init
                0x0000000000812734                altera_avalon_jtag_uart_close
 .text          0x000000000081279c       0xf0 ../task_4_bsp/\libhal_bsp.a(altera_avalon_jtag_uart_ioctl.o)
                0x000000000081279c                altera_avalon_jtag_uart_ioctl
 .text          0x000000000081288c      0x21c ../task_4_bsp/\libhal_bsp.a(altera_avalon_jtag_uart_read.o)
                0x000000000081288c                altera_avalon_jtag_uart_read
 .text          0x0000000000812aa8      0x224 ../task_4_bsp/\libhal_bsp.a(altera_avalon_jtag_uart_write.o)
                0x0000000000812aa8                altera_avalon_jtag_uart_write
 .text          0x0000000000812ccc      0x104 ../task_4_bsp/\libhal_bsp.a(altera_avalon_timer_sc.o)
                0x0000000000812d44                alt_avalon_timer_sc_init
 .text          0x0000000000812dd0      0x140 ../task_4_bsp/\libhal_bsp.a(alt_alarm_start.o)
                0x0000000000812dd0                alt_alarm_start
 .text          0x0000000000812f10       0x20 ../task_4_bsp/\libhal_bsp.a(alt_dcache_flush_all.o)
                0x0000000000812f10                alt_dcache_flush_all
 .text          0x0000000000812f30       0xf4 ../task_4_bsp/\libhal_bsp.a(alt_dev_llist_insert.o)
                0x0000000000812f80                alt_dev_llist_insert
 .text          0x0000000000813024       0x60 ../task_4_bsp/\libhal_bsp.a(alt_do_ctors.o)
                0x0000000000813024                _do_ctors
 .text          0x0000000000813084       0x60 ../task_4_bsp/\libhal_bsp.a(alt_do_dtors.o)
                0x0000000000813084                _do_dtors
 .text          0x00000000008130e4       0x34 ../task_4_bsp/\libhal_bsp.a(alt_icache_flush_all.o)
                0x00000000008130e4                alt_icache_flush_all
 .text          0x0000000000813118      0x1e0 ../task_4_bsp/\libhal_bsp.a(alt_iic.o)
                0x0000000000813118                alt_ic_isr_register
                0x0000000000813168                alt_ic_irq_enable
                0x0000000000813208                alt_ic_irq_disable
                0x00000000008132ac                alt_ic_irq_enabled
 .text          0x00000000008132f8       0xf0 ../task_4_bsp/\libhal_bsp.a(alt_iic_isr_register.o)
                0x00000000008132f8                alt_iic_isr_register
 .text          0x00000000008133e8      0x160 ../task_4_bsp/\libhal_bsp.a(alt_io_redirect.o)
                0x00000000008134cc                alt_io_redirect
 .text          0x0000000000813548        0x0 ../task_4_bsp/\libhal_bsp.a(alt_irq_entry.o)
 .text          0x0000000000813548        0x0 ../task_4_bsp/\libhal_bsp.a(alt_irq_handler.o)
 .text          0x0000000000813548        0x0 ../task_4_bsp/\libhal_bsp.a(alt_irq_vars.o)
 .text          0x0000000000813548      0x2a4 ../task_4_bsp/\libhal_bsp.a(alt_open.o)
                0x000000000081368c                open
 .text          0x00000000008137ec      0x1a4 ../task_4_bsp/\libhal_bsp.a(alt_tick.o)
                0x00000000008137ec                alt_alarm_stop
                0x0000000000813888                alt_tick
 .text          0x0000000000813990       0x24 ../task_4_bsp/\libhal_bsp.a(altera_nios2_qsys_irq.o)
                0x0000000000813990                altera_nios2_qsys_irq_init
 .text          0x00000000008139b4        0x0 ../task_4_bsp/\libhal_bsp.a(alt_exception_entry.o)
 .text          0x00000000008139b4       0x90 ../task_4_bsp/\libhal_bsp.a(alt_find_dev.o)
                0x00000000008139b4                alt_find_dev
 .text          0x0000000000813a44      0x114 ../task_4_bsp/\libhal_bsp.a(alt_find_file.o)
                0x0000000000813a44                alt_find_file
 .text          0x0000000000813b58       0xd4 ../task_4_bsp/\libhal_bsp.a(alt_get_fd.o)
                0x0000000000813b58                alt_get_fd
 .text          0x0000000000813c2c       0x90 ../task_4_bsp/\libhal_bsp.a(alt_icache_flush.o)
                0x0000000000813c2c                alt_icache_flush
 .text          0x0000000000813cbc        0x0 c:/altera/16.0/nios2eds/bin/gnu/h-x86_64-mingw32/bin/../lib/gcc/nios2-elf/5.2.0/../../../../../H-x86_64-mingw32/nios2-elf/lib/mno-hw-mul\libc.a(lib_a-atexit.o)
 .text.atexit   0x0000000000813cbc       0x14 c:/altera/16.0/nios2eds/bin/gnu/h-x86_64-mingw32/bin/../lib/gcc/nios2-elf/5.2.0/../../../../../H-x86_64-mingw32/nios2-elf/lib/mno-hw-mul\libc.a(lib_a-atexit.o)
                0x0000000000813cbc                atexit
 .text          0x0000000000813cd0        0x0 c:/altera/16.0/nios2eds/bin/gnu/h-x86_64-mingw32/bin/../lib/gcc/nios2-elf/5.2.0/../../../../../H-x86_64-mingw32/nios2-elf/lib/mno-hw-mul\libc.a(lib_a-exit.o)
 .text.exit     0x0000000000813cd0       0x38 c:/altera/16.0/nios2eds/bin/gnu/h-x86_64-mingw32/bin/../lib/gcc/nios2-elf/5.2.0/../../../../../H-x86_64-mingw32/nios2-elf/lib/mno-hw-mul\libc.a(lib_a-exit.o)
                0x0000000000813cd0                exit
 .text          0x0000000000813d08        0x0 c:/altera/16.0/nios2eds/bin/gnu/h-x86_64-mingw32/bin/../lib/gcc/nios2-elf/5.2.0/../../../../../H-x86_64-mingw32/nios2-elf/lib/mno-hw-mul\libc.a(lib_a-fputs.o)
 .text._fputs_r
                0x0000000000813d08       0x9c c:/altera/16.0/nios2eds/bin/gnu/h-x86_64-mingw32/bin/../lib/gcc/nios2-elf/5.2.0/../../../../../H-x86_64-mingw32/nios2-elf/lib/mno-hw-mul\libc.a(lib_a-fputs.o)
                0x0000000000813d08                _fputs_r
 .text.fputs    0x0000000000813da4       0x18 c:/altera/16.0/nios2eds/bin/gnu/h-x86_64-mingw32/bin/../lib/gcc/nios2-elf/5.2.0/../../../../../H-x86_64-mingw32/nios2-elf/lib/mno-hw-mul\libc.a(lib_a-fputs.o)
                0x0000000000813da4                fputs
 .text          0x0000000000813dbc        0x0 c:/altera/16.0/nios2eds/bin/gnu/h-x86_64-mingw32/bin/../lib/gcc/nios2-elf/5.2.0/../../../../../H-x86_64-mingw32/nios2-elf/lib/mno-hw-mul\libc.a(lib_a-memcmp.o)
 .text.memcmp   0x0000000000813dbc       0x7c c:/altera/16.0/nios2eds/bin/gnu/h-x86_64-mingw32/bin/../lib/gcc/nios2-elf/5.2.0/../../../../../H-x86_64-mingw32/nios2-elf/lib/mno-hw-mul\libc.a(lib_a-memcmp.o)
                0x0000000000813dbc                memcmp
 .text          0x0000000000813e38        0x0 c:/altera/16.0/nios2eds/bin/gnu/h-x86_64-mingw32/bin/../lib/gcc/nios2-elf/5.2.0/../../../../../H-x86_64-mingw32/nios2-elf/lib/mno-hw-mul\libc.a(lib_a-__atexit.o)
 .text.__register_exitproc
                0x0000000000813e38      0x118 c:/altera/16.0/nios2eds/bin/gnu/h-x86_64-mingw32/bin/../lib/gcc/nios2-elf/5.2.0/../../../../../H-x86_64-mingw32/nios2-elf/lib/mno-hw-mul\libc.a(lib_a-__atexit.o)
                0x0000000000813e38                __register_exitproc
 .text          0x0000000000813f50        0x0 c:/altera/16.0/nios2eds/bin/gnu/h-x86_64-mingw32/bin/../lib/gcc/nios2-elf/5.2.0/../../../../../H-x86_64-mingw32/nios2-elf/lib/mno-hw-mul\libc.a(lib_a-__call_atexit.o)
 .text.__call_exitprocs
                0x0000000000813f50      0x180 c:/altera/16.0/nios2eds/bin/gnu/h-x86_64-mingw32/bin/../lib/gcc/nios2-elf/5.2.0/../../../../../H-x86_64-mingw32/nios2-elf/lib/mno-hw-mul\libc.a(lib_a-__call_atexit.o)
                0x0000000000813f50                __call_exitprocs
 .text          0x00000000008140d0       0x34 ../task_4_bsp/\libhal_bsp.a(alt_exit.o)
                0x00000000008140d0                _exit
 *(.gnu.warning.*)
 *(.fini)
                [!provide]                        PROVIDE (__etext, ABSOLUTE (.))
                [!provide]                        PROVIDE (_etext, ABSOLUTE (.))
                [!provide]                        PROVIDE (etext, ABSOLUTE (.))
 *(.eh_frame_hdr)
                0x0000000000814104                . = ALIGN (0x4)
                [!provide]                        PROVIDE (__preinit_array_start, ABSOLUTE (.))
 *(.preinit_array)
                [!provide]                        PROVIDE (__preinit_array_end, ABSOLUTE (.))
                [!provide]                        PROVIDE (__init_array_start, ABSOLUTE (.))
 *(.init_array)
                [!provide]                        PROVIDE (__init_array_end, ABSOLUTE (.))
                [!provide]                        PROVIDE (__fini_array_start, ABSOLUTE (.))
 *(.fini_array)
                [!provide]                        PROVIDE (__fini_array_end, ABSOLUTE (.))
 *(.eh_frame)
 *(.gcc_except_table .gcc_except_table.*)
 *(.dynamic)
                0x0000000000814104                PROVIDE (__CTOR_LIST__, ABSOLUTE (.))
 *(.ctors)
 *(SORT(.ctors.*))
                0x0000000000814104                PROVIDE (__CTOR_END__, ABSOLUTE (.))
                0x0000000000814104                PROVIDE (__DTOR_LIST__, ABSOLUTE (.))
 *(.dtors)
 *(SORT(.dtors.*))
                0x0000000000814104                PROVIDE (__DTOR_END__, ABSOLUTE (.))
 *(.jcr)
                0x0000000000814104                . = ALIGN (0x4)

.rodata         0x0000000000814104      0x544
                0x0000000000814104                PROVIDE (__ram_rodata_start, ABSOLUTE (.))
                0x0000000000814104                . = ALIGN (0x4)
 *(.rodata .rodata.* .gnu.linkonce.r.*)
 .rodata        0x0000000000814104       0x71 obj/default/hello_world.o
 *fill*         0x0000000000814175        0x3 
 .rodata.npio2_hw
                0x0000000000814178       0x80 c:/altera/16.0/nios2eds/bin/gnu/h-x86_64-mingw32/bin/../lib/gcc/nios2-elf/5.2.0/../../../../../H-x86_64-mingw32/nios2-elf/lib/mno-hw-mul\libm.a(lib_a-e_rem_pio2.o)
 .rodata.two_over_pi
                0x00000000008141f8      0x108 c:/altera/16.0/nios2eds/bin/gnu/h-x86_64-mingw32/bin/../lib/gcc/nios2-elf/5.2.0/../../../../../H-x86_64-mingw32/nios2-elf/lib/mno-hw-mul\libm.a(lib_a-e_rem_pio2.o)
 .rodata.PIo2   0x0000000000814300       0x40 c:/altera/16.0/nios2eds/bin/gnu/h-x86_64-mingw32/bin/../lib/gcc/nios2-elf/5.2.0/../../../../../H-x86_64-mingw32/nios2-elf/lib/mno-hw-mul\libm.a(lib_a-k_rem_pio2.o)
 .rodata.init_jk
                0x0000000000814340       0x10 c:/altera/16.0/nios2eds/bin/gnu/h-x86_64-mingw32/bin/../lib/gcc/nios2-elf/5.2.0/../../../../../H-x86_64-mingw32/nios2-elf/lib/mno-hw-mul\libm.a(lib_a-k_rem_pio2.o)
 .rodata        0x0000000000814350      0x100 c:/altera/16.0/nios2eds/bin/gnu/h-x86_64-mingw32/bin/../lib/gcc/nios2-elf/5.2.0/mno-hw-mul\libgcc.a(_clz.o)
                0x0000000000814350                __clz_tab
 .rodata.str1.4
                0x0000000000814450        0x2 c:/altera/16.0/nios2eds/bin/gnu/h-x86_64-mingw32/bin/../lib/gcc/nios2-elf/5.2.0/../../../../../H-x86_64-mingw32/nios2-elf/lib/mno-hw-mul\libc.a(lib_a-impure.o)
 *fill*         0x0000000000814452        0x2 
 .rodata.str1.4
                0x0000000000814454        0x2 c:/altera/16.0/nios2eds/bin/gnu/h-x86_64-mingw32/bin/../lib/gcc/nios2-elf/5.2.0/../../../../../H-x86_64-mingw32/nios2-elf/lib/mno-hw-mul\libc.a(lib_a-puts.o)
 *fill*         0x0000000000814456        0x2 
 .rodata.str1.4
                0x0000000000814458       0x42 c:/altera/16.0/nios2eds/bin/gnu/h-x86_64-mingw32/bin/../lib/gcc/nios2-elf/5.2.0/../../../../../H-x86_64-mingw32/nios2-elf/lib/mno-hw-mul\libc.a(lib_a-vfprintf.o)
 .rodata.zeroes.4404
                0x000000000081449a       0x10 c:/altera/16.0/nios2eds/bin/gnu/h-x86_64-mingw32/bin/../lib/gcc/nios2-elf/5.2.0/../../../../../H-x86_64-mingw32/nios2-elf/lib/mno-hw-mul\libc.a(lib_a-vfprintf.o)
 .rodata.blanks.4403
                0x00000000008144aa       0x10 c:/altera/16.0/nios2eds/bin/gnu/h-x86_64-mingw32/bin/../lib/gcc/nios2-elf/5.2.0/../../../../../H-x86_64-mingw32/nios2-elf/lib/mno-hw-mul\libc.a(lib_a-vfprintf.o)
 *fill*         0x00000000008144ba        0x2 
 .rodata.str1.4
                0x00000000008144bc       0x10 c:/altera/16.0/nios2eds/bin/gnu/h-x86_64-mingw32/bin/../lib/gcc/nios2-elf/5.2.0/../../../../../H-x86_64-mingw32/nios2-elf/lib/mno-hw-mul\libc.a(lib_a-dtoa.o)
                                         0x12 (size before relaxing)
 .rodata.str1.4
                0x00000000008144cc        0xc c:/altera/16.0/nios2eds/bin/gnu/h-x86_64-mingw32/bin/../lib/gcc/nios2-elf/5.2.0/../../../../../H-x86_64-mingw32/nios2-elf/lib/mno-hw-mul\libc.a(lib_a-locale.o)
                                         0x12 (size before relaxing)
 .rodata.p05.2768
                0x00000000008144d8        0xc c:/altera/16.0/nios2eds/bin/gnu/h-x86_64-mingw32/bin/../lib/gcc/nios2-elf/5.2.0/../../../../../H-x86_64-mingw32/nios2-elf/lib/mno-hw-mul\libc.a(lib_a-mprec.o)
 .rodata.__mprec_tinytens
                0x00000000008144e4       0x28 c:/altera/16.0/nios2eds/bin/gnu/h-x86_64-mingw32/bin/../lib/gcc/nios2-elf/5.2.0/../../../../../H-x86_64-mingw32/nios2-elf/lib/mno-hw-mul\libc.a(lib_a-mprec.o)
                0x00000000008144e4                __mprec_tinytens
 .rodata.__mprec_bigtens
                0x000000000081450c       0x28 c:/altera/16.0/nios2eds/bin/gnu/h-x86_64-mingw32/bin/../lib/gcc/nios2-elf/5.2.0/../../../../../H-x86_64-mingw32/nios2-elf/lib/mno-hw-mul\libc.a(lib_a-mprec.o)
                0x000000000081450c                __mprec_bigtens
 .rodata.__mprec_tens
                0x0000000000814534       0xc8 c:/altera/16.0/nios2eds/bin/gnu/h-x86_64-mingw32/bin/../lib/gcc/nios2-elf/5.2.0/../../../../../H-x86_64-mingw32/nios2-elf/lib/mno-hw-mul\libc.a(lib_a-mprec.o)
                0x0000000000814534                __mprec_tens
 .rodata.str1.4
                0x00000000008145fc       0x2f c:/altera/16.0/nios2eds/bin/gnu/h-x86_64-mingw32/bin/../lib/gcc/nios2-elf/5.2.0/../../../../../H-x86_64-mingw32/nios2-elf/lib/mno-hw-mul\libc.a(lib_a-vfiprintf.o)
 .rodata.zeroes.4349
                0x00000000008145fc       0x10 c:/altera/16.0/nios2eds/bin/gnu/h-x86_64-mingw32/bin/../lib/gcc/nios2-elf/5.2.0/../../../../../H-x86_64-mingw32/nios2-elf/lib/mno-hw-mul\libc.a(lib_a-vfiprintf.o)
 .rodata.blanks.4348
                0x000000000081460c       0x10 c:/altera/16.0/nios2eds/bin/gnu/h-x86_64-mingw32/bin/../lib/gcc/nios2-elf/5.2.0/../../../../../H-x86_64-mingw32/nios2-elf/lib/mno-hw-mul\libc.a(lib_a-vfiprintf.o)
 .rodata        0x000000000081461c        0xa ../task_4_bsp/\libhal_bsp.a(alt_dev.o)
 *fill*         0x0000000000814626        0x2 
 .rodata        0x0000000000814628        0xf ../task_4_bsp/\libhal_bsp.a(alt_main.o)
 *fill*         0x0000000000814637        0x1 
 .rodata        0x0000000000814638        0xf ../task_4_bsp/\libhal_bsp.a(alt_sys_init.o)
 *(.rodata1)
                0x0000000000814648                . = ALIGN (0x4)
 *fill*         0x0000000000814647        0x1 
                0x0000000000814648                PROVIDE (__ram_rodata_end, ABSOLUTE (.))
                0x0000000000814104                PROVIDE (__flash_rodata_start, LOADADDR (.rodata))

.rwdata         0x0000000000814648     0x1aec load address 0x0000000000816134
                0x0000000000814648                PROVIDE (__ram_rwdata_start, ABSOLUTE (.))
                0x0000000000814648                . = ALIGN (0x4)
 *(.got.plt)
 *(.got)
 *(.data1)
 *(.data .data.* .gnu.linkonce.d.*)
 .data          0x0000000000814648        0x0 ../task_4_bsp//obj/HAL/src/crt0.o
 .data          0x0000000000814648        0x0 obj/default/hello_world.o
 .data          0x0000000000814648        0x0 c:/altera/16.0/nios2eds/bin/gnu/h-x86_64-mingw32/bin/../lib/gcc/nios2-elf/5.2.0/../../../../../H-x86_64-mingw32/nios2-elf/lib/mno-hw-mul\libm.a(lib_a-s_cos.o)
 .data          0x0000000000814648        0x0 c:/altera/16.0/nios2eds/bin/gnu/h-x86_64-mingw32/bin/../lib/gcc/nios2-elf/5.2.0/../../../../../H-x86_64-mingw32/nios2-elf/lib/mno-hw-mul\libm.a(lib_a-s_floor.o)
 .data          0x0000000000814648        0x0 c:/altera/16.0/nios2eds/bin/gnu/h-x86_64-mingw32/bin/../lib/gcc/nios2-elf/5.2.0/../../../../../H-x86_64-mingw32/nios2-elf/lib/mno-hw-mul\libm.a(lib_a-e_rem_pio2.o)
 .data          0x0000000000814648        0x0 c:/altera/16.0/nios2eds/bin/gnu/h-x86_64-mingw32/bin/../lib/gcc/nios2-elf/5.2.0/../../../../../H-x86_64-mingw32/nios2-elf/lib/mno-hw-mul\libm.a(lib_a-k_cos.o)
 .data          0x0000000000814648        0x0 c:/altera/16.0/nios2eds/bin/gnu/h-x86_64-mingw32/bin/../lib/gcc/nios2-elf/5.2.0/../../../../../H-x86_64-mingw32/nios2-elf/lib/mno-hw-mul\libm.a(lib_a-k_rem_pio2.o)
 .data          0x0000000000814648        0x0 c:/altera/16.0/nios2eds/bin/gnu/h-x86_64-mingw32/bin/../lib/gcc/nios2-elf/5.2.0/../../../../../H-x86_64-mingw32/nios2-elf/lib/mno-hw-mul\libm.a(lib_a-k_sin.o)
 .data          0x0000000000814648        0x0 c:/altera/16.0/nios2eds/bin/gnu/h-x86_64-mingw32/bin/../lib/gcc/nios2-elf/5.2.0/../../../../../H-x86_64-mingw32/nios2-elf/lib/mno-hw-mul\libm.a(lib_a-s_fabs.o)
 .data          0x0000000000814648        0x0 c:/altera/16.0/nios2eds/bin/gnu/h-x86_64-mingw32/bin/../lib/gcc/nios2-elf/5.2.0/../../../../../H-x86_64-mingw32/nios2-elf/lib/mno-hw-mul\libm.a(lib_a-s_scalbn.o)
 .data          0x0000000000814648        0x0 c:/altera/16.0/nios2eds/bin/gnu/h-x86_64-mingw32/bin/../lib/gcc/nios2-elf/5.2.0/../../../../../H-x86_64-mingw32/nios2-elf/lib/mno-hw-mul\libm.a(lib_a-s_copysign.o)
 .data          0x0000000000814648        0x0 c:/altera/16.0/nios2eds/bin/gnu/h-x86_64-mingw32/bin/../lib/gcc/nios2-elf/5.2.0/mno-hw-mul\libgcc.a(lib2-divmod.o)
 .data          0x0000000000814648        0x0 c:/altera/16.0/nios2eds/bin/gnu/h-x86_64-mingw32/bin/../lib/gcc/nios2-elf/5.2.0/mno-hw-mul\libgcc.a(lib2-mul.o)
 .data          0x0000000000814648        0x0 c:/altera/16.0/nios2eds/bin/gnu/h-x86_64-mingw32/bin/../lib/gcc/nios2-elf/5.2.0/mno-hw-mul\libgcc.a(addsf3.o)
 .data          0x0000000000814648        0x0 c:/altera/16.0/nios2eds/bin/gnu/h-x86_64-mingw32/bin/../lib/gcc/nios2-elf/5.2.0/mno-hw-mul\libgcc.a(divsf3.o)
 .data          0x0000000000814648        0x0 c:/altera/16.0/nios2eds/bin/gnu/h-x86_64-mingw32/bin/../lib/gcc/nios2-elf/5.2.0/mno-hw-mul\libgcc.a(mulsf3.o)
 .data          0x0000000000814648        0x0 c:/altera/16.0/nios2eds/bin/gnu/h-x86_64-mingw32/bin/../lib/gcc/nios2-elf/5.2.0/mno-hw-mul\libgcc.a(fixsfsi.o)
 .data          0x0000000000814648        0x0 c:/altera/16.0/nios2eds/bin/gnu/h-x86_64-mingw32/bin/../lib/gcc/nios2-elf/5.2.0/mno-hw-mul\libgcc.a(adddf3.o)
 .data          0x0000000000814648        0x0 c:/altera/16.0/nios2eds/bin/gnu/h-x86_64-mingw32/bin/../lib/gcc/nios2-elf/5.2.0/mno-hw-mul\libgcc.a(eqdf2.o)
 .data          0x0000000000814648        0x0 c:/altera/16.0/nios2eds/bin/gnu/h-x86_64-mingw32/bin/../lib/gcc/nios2-elf/5.2.0/mno-hw-mul\libgcc.a(gedf2.o)
 .data          0x0000000000814648        0x0 c:/altera/16.0/nios2eds/bin/gnu/h-x86_64-mingw32/bin/../lib/gcc/nios2-elf/5.2.0/mno-hw-mul\libgcc.a(muldf3.o)
 .data          0x0000000000814648        0x0 c:/altera/16.0/nios2eds/bin/gnu/h-x86_64-mingw32/bin/../lib/gcc/nios2-elf/5.2.0/mno-hw-mul\libgcc.a(subdf3.o)
 .data          0x0000000000814648        0x0 c:/altera/16.0/nios2eds/bin/gnu/h-x86_64-mingw32/bin/../lib/gcc/nios2-elf/5.2.0/mno-hw-mul\libgcc.a(fixdfsi.o)
 .data          0x0000000000814648        0x0 c:/altera/16.0/nios2eds/bin/gnu/h-x86_64-mingw32/bin/../lib/gcc/nios2-elf/5.2.0/mno-hw-mul\libgcc.a(floatsidf.o)
 .data          0x0000000000814648        0x0 c:/altera/16.0/nios2eds/bin/gnu/h-x86_64-mingw32/bin/../lib/gcc/nios2-elf/5.2.0/mno-hw-mul\libgcc.a(extendsfdf2.o)
 .data          0x0000000000814648        0x0 c:/altera/16.0/nios2eds/bin/gnu/h-x86_64-mingw32/bin/../lib/gcc/nios2-elf/5.2.0/mno-hw-mul\libgcc.a(truncdfsf2.o)
 .data          0x0000000000814648        0x0 c:/altera/16.0/nios2eds/bin/gnu/h-x86_64-mingw32/bin/../lib/gcc/nios2-elf/5.2.0/mno-hw-mul\libgcc.a(_clzsi2.o)
 .data          0x0000000000814648        0x0 c:/altera/16.0/nios2eds/bin/gnu/h-x86_64-mingw32/bin/../lib/gcc/nios2-elf/5.2.0/mno-hw-mul\libgcc.a(_clz.o)
 .data          0x0000000000814648        0x0 c:/altera/16.0/nios2eds/bin/gnu/h-x86_64-mingw32/bin/../lib/gcc/nios2-elf/5.2.0/../../../../../H-x86_64-mingw32/nios2-elf/lib/mno-hw-mul\libc.a(lib_a-efgcvt.o)
 .data          0x0000000000814648        0x0 c:/altera/16.0/nios2eds/bin/gnu/h-x86_64-mingw32/bin/../lib/gcc/nios2-elf/5.2.0/../../../../../H-x86_64-mingw32/nios2-elf/lib/mno-hw-mul\libc.a(lib_a-impure.o)
 .data.impure_data
                0x0000000000814648      0x424 c:/altera/16.0/nios2eds/bin/gnu/h-x86_64-mingw32/bin/../lib/gcc/nios2-elf/5.2.0/../../../../../H-x86_64-mingw32/nios2-elf/lib/mno-hw-mul\libc.a(lib_a-impure.o)
 .data          0x0000000000814a6c        0x0 c:/altera/16.0/nios2eds/bin/gnu/h-x86_64-mingw32/bin/../lib/gcc/nios2-elf/5.2.0/../../../../../H-x86_64-mingw32/nios2-elf/lib/mno-hw-mul\libc.a(lib_a-printf.o)
 .data          0x0000000000814a6c        0x0 c:/altera/16.0/nios2eds/bin/gnu/h-x86_64-mingw32/bin/../lib/gcc/nios2-elf/5.2.0/../../../../../H-x86_64-mingw32/nios2-elf/lib/mno-hw-mul\libc.a(lib_a-puts.o)
 .data          0x0000000000814a6c        0x0 c:/altera/16.0/nios2eds/bin/gnu/h-x86_64-mingw32/bin/../lib/gcc/nios2-elf/5.2.0/../../../../../H-x86_64-mingw32/nios2-elf/lib/mno-hw-mul\libc.a(lib_a-strlen.o)
 .data          0x0000000000814a6c        0x0 c:/altera/16.0/nios2eds/bin/gnu/h-x86_64-mingw32/bin/../lib/gcc/nios2-elf/5.2.0/../../../../../H-x86_64-mingw32/nios2-elf/lib/mno-hw-mul\libc.a(lib_a-vfprintf.o)
 .data          0x0000000000814a6c        0x0 c:/altera/16.0/nios2eds/bin/gnu/h-x86_64-mingw32/bin/../lib/gcc/nios2-elf/5.2.0/../../../../../H-x86_64-mingw32/nios2-elf/lib/mno-hw-mul\libc.a(lib_a-wsetup.o)
 .data          0x0000000000814a6c        0x0 c:/altera/16.0/nios2eds/bin/gnu/h-x86_64-mingw32/bin/../lib/gcc/nios2-elf/5.2.0/../../../../../H-x86_64-mingw32/nios2-elf/lib/mno-hw-mul\libc.a(lib_a-dtoa.o)
 .data          0x0000000000814a6c        0x0 c:/altera/16.0/nios2eds/bin/gnu/h-x86_64-mingw32/bin/../lib/gcc/nios2-elf/5.2.0/../../../../../H-x86_64-mingw32/nios2-elf/lib/mno-hw-mul\libc.a(lib_a-ecvtbuf.o)
 .data          0x0000000000814a6c        0x0 c:/altera/16.0/nios2eds/bin/gnu/h-x86_64-mingw32/bin/../lib/gcc/nios2-elf/5.2.0/../../../../../H-x86_64-mingw32/nios2-elf/lib/mno-hw-mul\libc.a(lib_a-fflush.o)
 .data          0x0000000000814a6c        0x0 c:/altera/16.0/nios2eds/bin/gnu/h-x86_64-mingw32/bin/../lib/gcc/nios2-elf/5.2.0/../../../../../H-x86_64-mingw32/nios2-elf/lib/mno-hw-mul\libc.a(lib_a-findfp.o)
 .data          0x0000000000814a6c        0x0 c:/altera/16.0/nios2eds/bin/gnu/h-x86_64-mingw32/bin/../lib/gcc/nios2-elf/5.2.0/../../../../../H-x86_64-mingw32/nios2-elf/lib/mno-hw-mul\libc.a(lib_a-freer.o)
 .data          0x0000000000814a6c        0x0 c:/altera/16.0/nios2eds/bin/gnu/h-x86_64-mingw32/bin/../lib/gcc/nios2-elf/5.2.0/../../../../../H-x86_64-mingw32/nios2-elf/lib/mno-hw-mul\libc.a(lib_a-fvwrite.o)
 .data          0x0000000000814a6c        0x0 c:/altera/16.0/nios2eds/bin/gnu/h-x86_64-mingw32/bin/../lib/gcc/nios2-elf/5.2.0/../../../../../H-x86_64-mingw32/nios2-elf/lib/mno-hw-mul\libc.a(lib_a-fwalk.o)
 .data          0x0000000000814a6c        0x0 c:/altera/16.0/nios2eds/bin/gnu/h-x86_64-mingw32/bin/../lib/gcc/nios2-elf/5.2.0/../../../../../H-x86_64-mingw32/nios2-elf/lib/mno-hw-mul\libc.a(lib_a-locale.o)
 .data.lc_message_charset
                0x0000000000814a6c       0x20 c:/altera/16.0/nios2eds/bin/gnu/h-x86_64-mingw32/bin/../lib/gcc/nios2-elf/5.2.0/../../../../../H-x86_64-mingw32/nios2-elf/lib/mno-hw-mul\libc.a(lib_a-locale.o)
 .data.lc_ctype_charset
                0x0000000000814a8c       0x20 c:/altera/16.0/nios2eds/bin/gnu/h-x86_64-mingw32/bin/../lib/gcc/nios2-elf/5.2.0/../../../../../H-x86_64-mingw32/nios2-elf/lib/mno-hw-mul\libc.a(lib_a-locale.o)
 .data.lconv    0x0000000000814aac       0x38 c:/altera/16.0/nios2eds/bin/gnu/h-x86_64-mingw32/bin/../lib/gcc/nios2-elf/5.2.0/../../../../../H-x86_64-mingw32/nios2-elf/lib/mno-hw-mul\libc.a(lib_a-locale.o)
 .data          0x0000000000814ae4        0x0 c:/altera/16.0/nios2eds/bin/gnu/h-x86_64-mingw32/bin/../lib/gcc/nios2-elf/5.2.0/../../../../../H-x86_64-mingw32/nios2-elf/lib/mno-hw-mul\libc.a(lib_a-makebuf.o)
 .data          0x0000000000814ae4        0x0 c:/altera/16.0/nios2eds/bin/gnu/h-x86_64-mingw32/bin/../lib/gcc/nios2-elf/5.2.0/../../../../../H-x86_64-mingw32/nios2-elf/lib/mno-hw-mul\libc.a(lib_a-mallocr.o)
 .data.__malloc_av_
                0x0000000000814ae4      0x408 c:/altera/16.0/nios2eds/bin/gnu/h-x86_64-mingw32/bin/../lib/gcc/nios2-elf/5.2.0/../../../../../H-x86_64-mingw32/nios2-elf/lib/mno-hw-mul\libc.a(lib_a-mallocr.o)
                0x0000000000814ae4                __malloc_av_
 .data          0x0000000000814eec        0x0 c:/altera/16.0/nios2eds/bin/gnu/h-x86_64-mingw32/bin/../lib/gcc/nios2-elf/5.2.0/../../../../../H-x86_64-mingw32/nios2-elf/lib/mno-hw-mul\libc.a(lib_a-memchr.o)
 .data          0x0000000000814eec        0x0 c:/altera/16.0/nios2eds/bin/gnu/h-x86_64-mingw32/bin/../lib/gcc/nios2-elf/5.2.0/../../../../../H-x86_64-mingw32/nios2-elf/lib/mno-hw-mul\libc.a(lib_a-memcpy.o)
 .data          0x0000000000814eec        0x0 c:/altera/16.0/nios2eds/bin/gnu/h-x86_64-mingw32/bin/../lib/gcc/nios2-elf/5.2.0/../../../../../H-x86_64-mingw32/nios2-elf/lib/mno-hw-mul\libc.a(lib_a-memmove.o)
 .data          0x0000000000814eec        0x0 c:/altera/16.0/nios2eds/bin/gnu/h-x86_64-mingw32/bin/../lib/gcc/nios2-elf/5.2.0/../../../../../H-x86_64-mingw32/nios2-elf/lib/mno-hw-mul\libc.a(lib_a-memset.o)
 .data          0x0000000000814eec        0x0 c:/altera/16.0/nios2eds/bin/gnu/h-x86_64-mingw32/bin/../lib/gcc/nios2-elf/5.2.0/../../../../../H-x86_64-mingw32/nios2-elf/lib/mno-hw-mul\libc.a(lib_a-mprec.o)
 .data          0x0000000000814eec        0x0 c:/altera/16.0/nios2eds/bin/gnu/h-x86_64-mingw32/bin/../lib/gcc/nios2-elf/5.2.0/../../../../../H-x86_64-mingw32/nios2-elf/lib/mno-hw-mul\libc.a(lib_a-reallocr.o)
 .data          0x0000000000814eec        0x0 c:/altera/16.0/nios2eds/bin/gnu/h-x86_64-mingw32/bin/../lib/gcc/nios2-elf/5.2.0/../../../../../H-x86_64-mingw32/nios2-elf/lib/mno-hw-mul\libc.a(lib_a-s_fpclassify.o)
 .data          0x0000000000814eec        0x0 c:/altera/16.0/nios2eds/bin/gnu/h-x86_64-mingw32/bin/../lib/gcc/nios2-elf/5.2.0/../../../../../H-x86_64-mingw32/nios2-elf/lib/mno-hw-mul\libc.a(lib_a-sbrkr.o)
 .data          0x0000000000814eec        0x0 c:/altera/16.0/nios2eds/bin/gnu/h-x86_64-mingw32/bin/../lib/gcc/nios2-elf/5.2.0/../../../../../H-x86_64-mingw32/nios2-elf/lib/mno-hw-mul\libc.a(lib_a-stdio.o)
 .data          0x0000000000814eec        0x0 c:/altera/16.0/nios2eds/bin/gnu/h-x86_64-mingw32/bin/../lib/gcc/nios2-elf/5.2.0/../../../../../H-x86_64-mingw32/nios2-elf/lib/mno-hw-mul\libc.a(lib_a-strcmp.o)
 .data          0x0000000000814eec        0x0 c:/altera/16.0/nios2eds/bin/gnu/h-x86_64-mingw32/bin/../lib/gcc/nios2-elf/5.2.0/../../../../../H-x86_64-mingw32/nios2-elf/lib/mno-hw-mul\libc.a(lib_a-strcpy.o)
 .data          0x0000000000814eec        0x0 c:/altera/16.0/nios2eds/bin/gnu/h-x86_64-mingw32/bin/../lib/gcc/nios2-elf/5.2.0/../../../../../H-x86_64-mingw32/nios2-elf/lib/mno-hw-mul\libc.a(lib_a-vfiprintf.o)
 .data          0x0000000000814eec        0x0 c:/altera/16.0/nios2eds/bin/gnu/h-x86_64-mingw32/bin/../lib/gcc/nios2-elf/5.2.0/../../../../../H-x86_64-mingw32/nios2-elf/lib/mno-hw-mul\libc.a(lib_a-writer.o)
 .data          0x0000000000814eec        0x0 c:/altera/16.0/nios2eds/bin/gnu/h-x86_64-mingw32/bin/../lib/gcc/nios2-elf/5.2.0/../../../../../H-x86_64-mingw32/nios2-elf/lib/mno-hw-mul\libc.a(closer.o)
 .data          0x0000000000814eec        0x0 c:/altera/16.0/nios2eds/bin/gnu/h-x86_64-mingw32/bin/../lib/gcc/nios2-elf/5.2.0/../../../../../H-x86_64-mingw32/nios2-elf/lib/mno-hw-mul\libc.a(lib_a-callocr.o)
 .data          0x0000000000814eec        0x0 c:/altera/16.0/nios2eds/bin/gnu/h-x86_64-mingw32/bin/../lib/gcc/nios2-elf/5.2.0/../../../../../H-x86_64-mingw32/nios2-elf/lib/mno-hw-mul\libc.a(lib_a-fclose.o)
 .data          0x0000000000814eec        0x0 c:/altera/16.0/nios2eds/bin/gnu/h-x86_64-mingw32/bin/../lib/gcc/nios2-elf/5.2.0/../../../../../H-x86_64-mingw32/nios2-elf/lib/mno-hw-mul\libc.a(lib_a-fputwc.o)
 .data          0x0000000000814eec        0x0 c:/altera/16.0/nios2eds/bin/gnu/h-x86_64-mingw32/bin/../lib/gcc/nios2-elf/5.2.0/../../../../../H-x86_64-mingw32/nios2-elf/lib/mno-hw-mul\libc.a(lib_a-fstatr.o)
 .data          0x0000000000814eec        0x0 c:/altera/16.0/nios2eds/bin/gnu/h-x86_64-mingw32/bin/../lib/gcc/nios2-elf/5.2.0/../../../../../H-x86_64-mingw32/nios2-elf/lib/mno-hw-mul\libc.a(lib_a-int_errno.o)
 .data          0x0000000000814eec        0x0 c:/altera/16.0/nios2eds/bin/gnu/h-x86_64-mingw32/bin/../lib/gcc/nios2-elf/5.2.0/../../../../../H-x86_64-mingw32/nios2-elf/lib/mno-hw-mul\libc.a(lib_a-isattyr.o)
 .data          0x0000000000814eec        0x0 c:/altera/16.0/nios2eds/bin/gnu/h-x86_64-mingw32/bin/../lib/gcc/nios2-elf/5.2.0/../../../../../H-x86_64-mingw32/nios2-elf/lib/mno-hw-mul\libc.a(lib_a-lseekr.o)
 .data          0x0000000000814eec        0x0 c:/altera/16.0/nios2eds/bin/gnu/h-x86_64-mingw32/bin/../lib/gcc/nios2-elf/5.2.0/../../../../../H-x86_64-mingw32/nios2-elf/lib/mno-hw-mul\libc.a(lib_a-readr.o)
 .data          0x0000000000814eec        0x0 c:/altera/16.0/nios2eds/bin/gnu/h-x86_64-mingw32/bin/../lib/gcc/nios2-elf/5.2.0/../../../../../H-x86_64-mingw32/nios2-elf/lib/mno-hw-mul\libc.a(lib_a-wbuf.o)
 .data          0x0000000000814eec        0x0 c:/altera/16.0/nios2eds/bin/gnu/h-x86_64-mingw32/bin/../lib/gcc/nios2-elf/5.2.0/../../../../../H-x86_64-mingw32/nios2-elf/lib/mno-hw-mul\libc.a(lib_a-wcrtomb.o)
 .data          0x0000000000814eec        0x0 c:/altera/16.0/nios2eds/bin/gnu/h-x86_64-mingw32/bin/../lib/gcc/nios2-elf/5.2.0/../../../../../H-x86_64-mingw32/nios2-elf/lib/mno-hw-mul\libc.a(lib_a-wctomb_r.o)
 .data          0x0000000000814eec        0x0 c:/altera/16.0/nios2eds/bin/gnu/h-x86_64-mingw32/bin/../lib/gcc/nios2-elf/5.2.0/mno-hw-mul\libgcc.a(_udivdi3.o)
 .data          0x0000000000814eec        0x0 c:/altera/16.0/nios2eds/bin/gnu/h-x86_64-mingw32/bin/../lib/gcc/nios2-elf/5.2.0/mno-hw-mul\libgcc.a(_umoddi3.o)
 .data          0x0000000000814eec        0x0 c:/altera/16.0/nios2eds/bin/gnu/h-x86_64-mingw32/bin/../lib/gcc/nios2-elf/5.2.0/mno-hw-mul\libgcc.a(divdf3.o)
 .data          0x0000000000814eec        0x0 c:/altera/16.0/nios2eds/bin/gnu/h-x86_64-mingw32/bin/../lib/gcc/nios2-elf/5.2.0/mno-hw-mul\libgcc.a(ledf2.o)
 .data          0x0000000000814eec        0x0 c:/altera/16.0/nios2eds/bin/gnu/h-x86_64-mingw32/bin/../lib/gcc/nios2-elf/5.2.0/mno-hw-mul\libgcc.a(floatunsidf.o)
 .data          0x0000000000814eec        0x0 ../task_4_bsp/\libhal_bsp.a(alt_close.o)
 .data          0x0000000000814eec      0x1a8 ../task_4_bsp/\libhal_bsp.a(alt_dev.o)
                0x0000000000814eec                alt_dev_null
                0x0000000000814f14                alt_fd_list
 .data          0x0000000000815094        0x0 ../task_4_bsp/\libhal_bsp.a(alt_errno.o)
 .data          0x0000000000815094        0x0 ../task_4_bsp/\libhal_bsp.a(alt_fstat.o)
 .data          0x0000000000815094        0x0 ../task_4_bsp/\libhal_bsp.a(alt_isatty.o)
 .data          0x0000000000815094        0x0 ../task_4_bsp/\libhal_bsp.a(alt_load.o)
 .data          0x0000000000815094        0x0 ../task_4_bsp/\libhal_bsp.a(alt_lseek.o)
 .data          0x0000000000815094        0x0 ../task_4_bsp/\libhal_bsp.a(alt_main.o)
 .data          0x0000000000815094        0x0 ../task_4_bsp/\libhal_bsp.a(alt_malloc_lock.o)
 .data          0x0000000000815094        0x0 ../task_4_bsp/\libhal_bsp.a(alt_putstr.o)
 .data          0x0000000000815094        0x0 ../task_4_bsp/\libhal_bsp.a(alt_read.o)
 .data          0x0000000000815094        0x0 ../task_4_bsp/\libhal_bsp.a(alt_release_fd.o)
 .data          0x0000000000815094        0x0 ../task_4_bsp/\libhal_bsp.a(alt_sbrk.o)
 .data          0x0000000000815094        0x0 ../task_4_bsp/\libhal_bsp.a(alt_times.o)
 .data          0x0000000000815094        0x0 ../task_4_bsp/\libhal_bsp.a(alt_write.o)
 .data          0x0000000000815094     0x1060 ../task_4_bsp/\libhal_bsp.a(alt_sys_init.o)
 .data          0x00000000008160f4        0x0 ../task_4_bsp/\libhal_bsp.a(altera_avalon_jtag_uart_fd.o)
 .data          0x00000000008160f4        0x0 ../task_4_bsp/\libhal_bsp.a(altera_avalon_jtag_uart_init.o)
 .data          0x00000000008160f4        0x0 ../task_4_bsp/\libhal_bsp.a(altera_avalon_jtag_uart_ioctl.o)
 .data          0x00000000008160f4        0x0 ../task_4_bsp/\libhal_bsp.a(altera_avalon_jtag_uart_read.o)
 .data          0x00000000008160f4        0x0 ../task_4_bsp/\libhal_bsp.a(altera_avalon_jtag_uart_write.o)
 .data          0x00000000008160f4        0x0 ../task_4_bsp/\libhal_bsp.a(altera_avalon_timer_sc.o)
 .data          0x00000000008160f4        0x0 ../task_4_bsp/\libhal_bsp.a(alt_alarm_start.o)
 .data          0x00000000008160f4        0x0 ../task_4_bsp/\libhal_bsp.a(alt_dcache_flush_all.o)
 .data          0x00000000008160f4        0x0 ../task_4_bsp/\libhal_bsp.a(alt_dev_llist_insert.o)
 .data          0x00000000008160f4        0x0 ../task_4_bsp/\libhal_bsp.a(alt_do_ctors.o)
 .data          0x00000000008160f4        0x0 ../task_4_bsp/\libhal_bsp.a(alt_do_dtors.o)
 .data          0x00000000008160f4        0x0 ../task_4_bsp/\libhal_bsp.a(alt_icache_flush_all.o)
 .data          0x00000000008160f4        0x0 ../task_4_bsp/\libhal_bsp.a(alt_iic.o)
 .data          0x00000000008160f4        0x0 ../task_4_bsp/\libhal_bsp.a(alt_iic_isr_register.o)
 .data          0x00000000008160f4        0x0 ../task_4_bsp/\libhal_bsp.a(alt_io_redirect.o)
 .data          0x00000000008160f4        0x0 ../task_4_bsp/\libhal_bsp.a(alt_irq_entry.o)
 .data          0x00000000008160f4        0x0 ../task_4_bsp/\libhal_bsp.a(alt_irq_handler.o)
 .data          0x00000000008160f4        0x0 ../task_4_bsp/\libhal_bsp.a(alt_irq_vars.o)
 .data          0x00000000008160f4        0x0 ../task_4_bsp/\libhal_bsp.a(alt_open.o)
 .data          0x00000000008160f4        0x0 ../task_4_bsp/\libhal_bsp.a(alt_tick.o)
 .data          0x00000000008160f4        0x0 ../task_4_bsp/\libhal_bsp.a(altera_nios2_qsys_irq.o)
 .data          0x00000000008160f4        0x0 ../task_4_bsp/\libhal_bsp.a(alt_exception_entry.o)
 .data          0x00000000008160f4        0x0 ../task_4_bsp/\libhal_bsp.a(alt_find_dev.o)
 .data          0x00000000008160f4        0x0 ../task_4_bsp/\libhal_bsp.a(alt_find_file.o)
 .data          0x00000000008160f4        0x0 ../task_4_bsp/\libhal_bsp.a(alt_get_fd.o)
 .data          0x00000000008160f4        0x0 ../task_4_bsp/\libhal_bsp.a(alt_icache_flush.o)
 .data          0x00000000008160f4        0x0 c:/altera/16.0/nios2eds/bin/gnu/h-x86_64-mingw32/bin/../lib/gcc/nios2-elf/5.2.0/../../../../../H-x86_64-mingw32/nios2-elf/lib/mno-hw-mul\libc.a(lib_a-atexit.o)
 .data          0x00000000008160f4        0x0 c:/altera/16.0/nios2eds/bin/gnu/h-x86_64-mingw32/bin/../lib/gcc/nios2-elf/5.2.0/../../../../../H-x86_64-mingw32/nios2-elf/lib/mno-hw-mul\libc.a(lib_a-exit.o)
 .data          0x00000000008160f4        0x0 c:/altera/16.0/nios2eds/bin/gnu/h-x86_64-mingw32/bin/../lib/gcc/nios2-elf/5.2.0/../../../../../H-x86_64-mingw32/nios2-elf/lib/mno-hw-mul\libc.a(lib_a-fputs.o)
 .data          0x00000000008160f4        0x0 c:/altera/16.0/nios2eds/bin/gnu/h-x86_64-mingw32/bin/../lib/gcc/nios2-elf/5.2.0/../../../../../H-x86_64-mingw32/nios2-elf/lib/mno-hw-mul\libc.a(lib_a-memcmp.o)
 .data          0x00000000008160f4        0x0 c:/altera/16.0/nios2eds/bin/gnu/h-x86_64-mingw32/bin/../lib/gcc/nios2-elf/5.2.0/../../../../../H-x86_64-mingw32/nios2-elf/lib/mno-hw-mul\libc.a(lib_a-__atexit.o)
 .data          0x00000000008160f4        0x0 c:/altera/16.0/nios2eds/bin/gnu/h-x86_64-mingw32/bin/../lib/gcc/nios2-elf/5.2.0/../../../../../H-x86_64-mingw32/nios2-elf/lib/mno-hw-mul\libc.a(lib_a-__call_atexit.o)
 .data          0x00000000008160f4        0x0 ../task_4_bsp/\libhal_bsp.a(alt_exit.o)
                0x000000000081e0f4                _gp = ABSOLUTE ((. + 0x8000))
                [!provide]                        PROVIDE (gp, _gp)
 *(.rwdata .rwdata.*)
 *(.sdata .sdata.* .gnu.linkonce.s.*)
 .sdata._global_impure_ptr
                0x00000000008160f4        0x4 c:/altera/16.0/nios2eds/bin/gnu/h-x86_64-mingw32/bin/../lib/gcc/nios2-elf/5.2.0/../../../../../H-x86_64-mingw32/nios2-elf/lib/mno-hw-mul\libc.a(lib_a-impure.o)
                0x00000000008160f4                _global_impure_ptr
 .sdata._impure_ptr
                0x00000000008160f8        0x4 c:/altera/16.0/nios2eds/bin/gnu/h-x86_64-mingw32/bin/../lib/gcc/nios2-elf/5.2.0/../../../../../H-x86_64-mingw32/nios2-elf/lib/mno-hw-mul\libc.a(lib_a-impure.o)
                0x00000000008160f8                _impure_ptr
 .sdata.__mb_cur_max
                0x00000000008160fc        0x4 c:/altera/16.0/nios2eds/bin/gnu/h-x86_64-mingw32/bin/../lib/gcc/nios2-elf/5.2.0/../../../../../H-x86_64-mingw32/nios2-elf/lib/mno-hw-mul\libc.a(lib_a-locale.o)
                0x00000000008160fc                __mb_cur_max
 .sdata.__malloc_sbrk_base
                0x0000000000816100        0x4 c:/altera/16.0/nios2eds/bin/gnu/h-x86_64-mingw32/bin/../lib/gcc/nios2-elf/5.2.0/../../../../../H-x86_64-mingw32/nios2-elf/lib/mno-hw-mul\libc.a(lib_a-mallocr.o)
                0x0000000000816100                __malloc_sbrk_base
 .sdata.__malloc_trim_threshold
                0x0000000000816104        0x4 c:/altera/16.0/nios2eds/bin/gnu/h-x86_64-mingw32/bin/../lib/gcc/nios2-elf/5.2.0/../../../../../H-x86_64-mingw32/nios2-elf/lib/mno-hw-mul\libc.a(lib_a-mallocr.o)
                0x0000000000816104                __malloc_trim_threshold
 .sdata.__wctomb